#
# There is insufficient memory for the Java Runtime Environment to continue.
# Native memory allocation (malloc) failed to allocate 1756336 bytes. Error detail: Chunk::new
# Possible reasons:
#   The system is out of physical RAM or swap space
#   This process is running with CompressedOops enabled, and the Java Heap may be blocking the growth of the native heap
# Possible solutions:
#   Reduce memory load on the system
#   Increase physical memory or swap space
#   Check if swap backing store is full
#   Decrease Java heap size (-Xmx/-Xms)
#   Decrease number of Java threads
#   Decrease Java thread stack sizes (-Xss)
#   Set larger code cache with -XX:ReservedCodeCacheSize=
#   JVM is running with Unscaled Compressed Oops mode in which the Java heap is
#     placed in the first 4GB address space. The Java Heap base address is the
#     maximum limit for the native heap growth. Please use -XX:HeapBaseMinAddress
#     to set the Java Heap base and to place the Java Heap above 4GB virtual address.
# This output file may be truncated or incomplete.
#
#  Out of Memory Error (arena.cpp:168), pid=31012, tid=30184
#
# JRE version: OpenJDK Runtime Environment Temurin-21.0.12.1+1 (21.0.12.1+1) (build 21.0.12.1+1-LTS)
# Java VM: OpenJDK 64-Bit Server VM Temurin-21.0.12.1+1 (21.0.12.1+1-LTS, mixed mode, sharing, tiered, compressed oops, compressed class ptrs, g1 gc, windows-amd64)
# No core dump will be written. Minidumps are not enabled by default on client versions of Windows
#

---------------  S U M M A R Y ------------

Command Line: --add-opens=java.base/java.util=ALL-UNNAMED --add-opens=java.base/java.lang=ALL-UNNAMED --add-opens=java.base/java.lang.invoke=ALL-UNNAMED --add-opens=java.prefs/java.util.prefs=ALL-UNNAMED --add-exports=jdk.compiler/com.sun.tools.javac.api=ALL-UNNAMED --add-exports=jdk.compiler/com.sun.tools.javac.util=ALL-UNNAMED --add-opens=java.base/java.nio.charset=ALL-UNNAMED --add-opens=java.base/java.net=ALL-UNNAMED --add-opens=java.base/java.util.concurrent.atomic=ALL-UNNAMED -XX:MaxMetaspaceSize=384m -XX:+HeapDumpOnOutOfMemoryError -Xms256m -Xmx512m -Dfile.encoding=utf8 -Duser.country=US -Duser.language=en -Duser.variant -javaagent:C:\Users\jhoni\.gradle\wrapper\dists\gradle-8.9-bin\90cnw93cvbtalezasaz0blq0a\gradle-8.9\lib\agents\gradle-instrumentation-agent-8.9.jar org.gradle.launcher.daemon.bootstrap.GradleDaemon 8.9

Host: 13th Gen Intel(R) Core(TM) i5-1335U, 12 cores, 7G,  Windows 11 , 64 bit Build 26100 (10.0.26100.8575)
Time: Sat Sep 12 15:31:57 2026 Malay Peninsula Standard Time elapsed time: 21.083418 seconds (0d 0h 0m 21s)

---------------  T H R E A D  ---------------

Current thread (0x00000178bfbc0f40):  JavaThread "C2 CompilerThread0" daemon [_thread_in_native, id=30184, stack(0x0000001710100000,0x0000001710200000) (1024K)]


Current CompileTask:
C2:21085 4494       4       java.net.URLClassLoader$1::run (5 bytes)

Stack: [0x0000001710100000,0x0000001710200000]
Native frames: (J=compiled Java code, j=interpreted, Vv=VM code, C=native code)
V  [jvm.dll+0x6d83e9]
V  [jvm.dll+0x8b5736]
V  [jvm.dll+0x8b7cee]
V  [jvm.dll+0x8b83d3]
V  [jvm.dll+0x284596]
V  [jvm.dll+0xc685d]
V  [jvm.dll+0xc6da1]
V  [jvm.dll+0x3bf151]
V  [jvm.dll+0x38b6d2]
V  [jvm.dll+0x38ab1a]
V  [jvm.dll+0x24c700]
V  [jvm.dll+0x24bce0]
V  [jvm.dll+0x1cb4ae]
V  [jvm.dll+0x25baad]
V  [jvm.dll+0x25a03a]
V  [jvm.dll+0x3f8aae]
V  [jvm.dll+0x8600cd]
V  [jvm.dll+0x6d6c1d]
C  [ucrtbase.dll+0x2cd30]
C  [KERNEL32.DLL+0x2e957]
C  [ntdll.dll+0xaad6c]


---------------  P R O C E S S  ---------------

Threads class SMR info:
_java_thread_list=0x00000178db213150, length=33, elements={
0x00000178a9db1dc0, 0x00000178bfbba5e0, 0x00000178bfbbb040, 0x00000178bfbbc970,
0x00000178bfbbd3d0, 0x00000178bfbc2200, 0x00000178bfbbfe40, 0x00000178bfbc0f40,
0x00000178bfbf2310, 0x00000178bfddf9d0, 0x00000178bfe49b80, 0x00000178da926750,
0x00000178da7b2f30, 0x00000178da92d420, 0x00000178da868ce0, 0x00000178bfd96210,
0x00000178bfcf5df0, 0x00000178bfd6c4b0, 0x00000178bfd6a3e0, 0x00000178bfd6aa70,
0x00000178bfd696c0, 0x00000178bfd69d50, 0x00000178bfd6b100, 0x00000178bfd6cb40,
0x00000178bfd6be20, 0x00000178dcb78cc0, 0x00000178dcb7a070, 0x00000178dcb7c140,
0x00000178dcb799e0, 0x00000178dcb7bab0, 0x00000178dcb79350, 0x00000178dcb7a700,
0x00000178dcb7ad90
}

Java Threads: ( => current thread )
  0x00000178a9db1dc0 JavaThread "main"                              [_thread_blocked, id=34664, stack(0x000000170f300000,0x000000170f400000) (1024K)]
  0x00000178bfbba5e0 JavaThread "Reference Handler"          daemon [_thread_blocked, id=30084, stack(0x000000170fb00000,0x000000170fc00000) (1024K)]
  0x00000178bfbbb040 JavaThread "Finalizer"                  daemon [_thread_blocked, id=31724, stack(0x000000170fc00000,0x000000170fd00000) (1024K)]
  0x00000178bfbbc970 JavaThread "Signal Dispatcher"          daemon [_thread_blocked, id=21812, stack(0x000000170fd00000,0x000000170fe00000) (1024K)]
  0x00000178bfbbd3d0 JavaThread "Attach Listener"            daemon [_thread_blocked, id=17916, stack(0x000000170fe00000,0x000000170ff00000) (1024K)]
  0x00000178bfbc2200 JavaThread "Service Thread"             daemon [_thread_blocked, id=30348, stack(0x000000170ff00000,0x0000001710000000) (1024K)]
  0x00000178bfbbfe40 JavaThread "Monitor Deflation Thread"   daemon [_thread_blocked, id=33864, stack(0x0000001710000000,0x0000001710100000) (1024K)]
=>0x00000178bfbc0f40 JavaThread "C2 CompilerThread0"         daemon [_thread_in_native, id=30184, stack(0x0000001710100000,0x0000001710200000) (1024K)]
  0x00000178bfbf2310 JavaThread "C1 CompilerThread0"         daemon [_thread_blocked, id=5624, stack(0x0000001710200000,0x0000001710300000) (1024K)]
  0x00000178bfddf9d0 JavaThread "Common-Cleaner"             daemon [_thread_blocked, id=8928, stack(0x0000001710300000,0x0000001710400000) (1024K)]
  0x00000178bfe49b80 JavaThread "Notification Thread"        daemon [_thread_blocked, id=11556, stack(0x0000001710400000,0x0000001710500000) (1024K)]
  0x00000178da926750 JavaThread "Daemon health stats"               [_thread_blocked, id=32644, stack(0x0000001710a00000,0x0000001710b00000) (1024K)]
  0x00000178da7b2f30 JavaThread "Incoming local TCP Connector on port 49696"        [_thread_in_native, id=26264, stack(0x0000001710b00000,0x0000001710c00000) (1024K)]
  0x00000178da92d420 JavaThread "Daemon periodic checks"            [_thread_blocked, id=32232, stack(0x0000001710c00000,0x0000001710d00000) (1024K)]
  0x00000178da868ce0 JavaThread "Daemon"                            [_thread_blocked, id=14736, stack(0x0000001710d00000,0x0000001710e00000) (1024K)]
  0x00000178bfd96210 JavaThread "Handler for socket connection from /127.0.0.1:49696 to /127.0.0.1:49697"        [_thread_in_native, id=34612, stack(0x0000001710e00000,0x0000001710f00000) (1024K)]
  0x00000178bfcf5df0 JavaThread "Cancel handler"                    [_thread_blocked, id=6356, stack(0x0000001710f00000,0x0000001711000000) (1024K)]
  0x00000178bfd6c4b0 JavaThread "Daemon worker"                     [_thread_in_native, id=32764, stack(0x0000001711000000,0x0000001711100000) (1024K)]
  0x00000178bfd6a3e0 JavaThread "Asynchronous log dispatcher for DefaultDaemonConnection: socket connection from /127.0.0.1:49696 to /127.0.0.1:49697"        [_thread_blocked, id=7280, stack(0x0000001711100000,0x0000001711200000) (1024K)]
  0x00000178bfd6aa70 JavaThread "Stdin handler"                     [_thread_blocked, id=34588, stack(0x0000001711200000,0x0000001711300000) (1024K)]
  0x00000178bfd696c0 JavaThread "Daemon client event forwarder"        [_thread_blocked, id=34024, stack(0x0000001711300000,0x0000001711400000) (1024K)]
  0x00000178bfd69d50 JavaThread "Cache worker for journal cache (C:\Users\jhoni\.gradle\caches\journal-1)"        [_thread_blocked, id=28764, stack(0x0000001711400000,0x0000001711500000) (1024K)]
  0x00000178bfd6b100 JavaThread "File lock request listener"        [_thread_in_native, id=30772, stack(0x0000001711500000,0x0000001711600000) (1024K)]
  0x00000178bfd6cb40 JavaThread "Cache worker for file hash cache (C:\Users\jhoni\.gradle\caches\8.9\fileHashes)"        [_thread_blocked, id=32604, stack(0x0000001711600000,0x0000001711700000) (1024K)]
  0x00000178bfd6be20 JavaThread "File lock release action executor"        [_thread_blocked, id=34280, stack(0x0000001711700000,0x0000001711800000) (1024K)]
  0x00000178dcb78cc0 JavaThread "Cache worker for file hash cache (C:\Users\jhoni\OneDrive\Documents\Auraline-Magna\.gradle\8.9\fileHashes)"        [_thread_blocked, id=31340, stack(0x0000001711800000,0x0000001711900000) (1024K)]
  0x00000178dcb7a070 JavaThread "Cache worker for Build Output Cleanup Cache (C:\Users\jhoni\OneDrive\Documents\Auraline-Magna\.gradle\buildOutputCleanup)"        [_thread_blocked, id=30740, stack(0x0000001711900000,0x0000001711a00000) (1024K)]
  0x00000178dcb7c140 JavaThread "File watcher server"        daemon [_thread_in_native, id=21624, stack(0x0000001712000000,0x0000001712100000) (1024K)]
  0x00000178dcb799e0 JavaThread "File watcher consumer"      daemon [_thread_blocked, id=31032, stack(0x0000001712100000,0x0000001712200000) (1024K)]
  0x00000178dcb7bab0 JavaThread "Cache worker for checksums cache (C:\Users\jhoni\OneDrive\Documents\Auraline-Magna\.gradle\8.9\checksums)"        [_thread_blocked, id=28996, stack(0x0000001712200000,0x0000001712300000) (1024K)]
  0x00000178dcb79350 JavaThread "Cache worker for file content cache (C:\Users\jhoni\.gradle\caches\8.9\fileContent)"        [_thread_blocked, id=30060, stack(0x0000001712300000,0x0000001712400000) (1024K)]
  0x00000178dcb7a700 JavaThread "Cache worker for cache directory md-rule (C:\Users\jhoni\.gradle\caches\8.9\md-rule)"        [_thread_blocked, id=25040, stack(0x0000001712400000,0x0000001712500000) (1024K)]
  0x00000178dcb7ad90 JavaThread "Cache worker for cache directory md-supplier (C:\Users\jhoni\.gradle\caches\8.9\md-supplier)"        [_thread_blocked, id=13332, stack(0x0000001712500000,0x0000001712600000) (1024K)]
Total: 33

Other Threads:
  0x00000178bfb9e690 VMThread "VM Thread"                           [id=21584, stack(0x000000170fa00000,0x000000170fb00000) (1024K)]
  0x00000178bfb87d80 WatcherThread "VM Periodic Task Thread"        [id=31632, stack(0x000000170f900000,0x000000170fa00000) (1024K)]
  0x00000178a9ddfd40 WorkerThread "GC Thread#0"                     [id=24820, stack(0x000000170f400000,0x000000170f500000) (1024K)]
  0x00000178bff45d00 WorkerThread "GC Thread#1"                     [id=32396, stack(0x0000001710500000,0x0000001710600000) (1024K)]
  0x00000178d97e38c0 WorkerThread "GC Thread#2"                     [id=18928, stack(0x0000001710600000,0x0000001710700000) (1024K)]
  0x00000178d920ed50 WorkerThread "GC Thread#3"                     [id=22116, stack(0x0000001710700000,0x0000001710800000) (1024K)]
  0x00000178d920f100 WorkerThread "GC Thread#4"                     [id=23580, stack(0x0000001710800000,0x0000001710900000) (1024K)]
  0x00000178d9a01530 WorkerThread "GC Thread#5"                     [id=26728, stack(0x0000001710900000,0x0000001710a00000) (1024K)]
  0x00000178dcc4ae10 WorkerThread "GC Thread#6"                     [id=33496, stack(0x0000001711a00000,0x0000001711b00000) (1024K)]
  0x00000178dcc4a6b0 WorkerThread "GC Thread#7"                     [id=34452, stack(0x0000001711b00000,0x0000001711c00000) (1024K)]
  0x00000178dcc4aa60 WorkerThread "GC Thread#8"                     [id=34324, stack(0x0000001711c00000,0x0000001711d00000) (1024K)]
  0x00000178dcc4b1c0 WorkerThread "GC Thread#9"                     [id=25000, stack(0x0000001711d00000,0x0000001711e00000) (1024K)]
  0x00000178a9de5450 ConcurrentGCThread "G1 Main Marker"            [id=32884, stack(0x000000170f500000,0x000000170f600000) (1024K)]
  0x00000178a9de7d00 WorkerThread "G1 Conc#0"                       [id=16640, stack(0x000000170f600000,0x000000170f700000) (1024K)]
  0x00000178dcc48930 WorkerThread "G1 Conc#1"                       [id=33400, stack(0x0000001711e00000,0x0000001711f00000) (1024K)]
  0x00000178dcc49ba0 WorkerThread "G1 Conc#2"                       [id=30256, stack(0x0000001711f00000,0x0000001712000000) (1024K)]
  0x00000178a9e5ea20 ConcurrentGCThread "G1 Refine#0"               [id=34000, stack(0x000000170f700000,0x000000170f800000) (1024K)]
  0x00000178bfa58b80 ConcurrentGCThread "G1 Service"                [id=19564, stack(0x000000170f800000,0x000000170f900000) (1024K)]
Total: 18

Threads with active compile tasks:
C2 CompilerThread0  21201 4494       4       java.net.URLClassLoader$1::run (5 bytes)
Total: 1

VM state: not at safepoint (normal execution)

VM Mutex/Monitor currently owned by a thread: None

Heap address: 0x00000000e0000000, size: 512 MB, Compressed Oops mode: 32-bit

CDS archive(s) mapped at: [0x00000178c0000000-0x00000178c0ba0000-0x00000178c0ba0000), size 12189696, SharedBaseAddress: 0x00000178c0000000, ArchiveRelocationMode: 1.
Compressed class space mapped at: 0x00000178c1000000-0x00000178d5000000, reserved size: 335544320
Narrow klass base: 0x00000178c0000000, Narrow klass shift: 0, Narrow klass range: 0x100000000

GC Precious Log:
 CardTable entry size: 512
 Card Set container configuration: InlinePtr #cards 5 size 8 Array Of Cards #cards 12 size 40 Howl #buckets 4 coarsen threshold 1843 Howl Bitmap #cards 512 size 80 coarsen threshold 460 Card regions per heap region 1 cards per card region 2048
 CPUs: 12 total, 12 available
 Memory: 7876M
 Large Page Support: Disabled
 NUMA Support: Disabled
 Compressed Oops: Enabled (32-bit)
 Heap Region Size: 1M
 Heap Min Capacity: 256M
 Heap Initial Capacity: 256M
 Heap Max Capacity: 512M
 Pre-touch: Disabled
 Parallel Workers: 10
 Concurrent Workers: 3
 Concurrent Refinement Workers: 10
 Periodic GC: Disabled

Heap:
 garbage-first heap   total 262144K, used 65500K [0x00000000e0000000, 0x0000000100000000)
  region size 1024K, 39 young (39936K), 8 survivors (8192K)
 Metaspace       used 39826K, committed 41152K, reserved 393216K
  class space    used 5796K, committed 6464K, reserved 327680K

Heap Regions: E=young(eden), S=young(survivor), O=old, HS=humongous(starts), HC=humongous(continues), CS=collection set, F=free, TAMS=top-at-mark-start, PB=parsable bottom
|   0|0x00000000e0000000, 0x00000000e0100000, 0x00000000e0100000|100%|HS|  |TAMS 0x00000000e0000000| PB 0x00000000e0000000| Complete 
|   1|0x00000000e0100000, 0x00000000e0200000, 0x00000000e0200000|100%|HC|  |TAMS 0x00000000e0100000| PB 0x00000000e0100000| Complete 
|   2|0x00000000e0200000, 0x00000000e0300000, 0x00000000e0300000|100%|HC|  |TAMS 0x00000000e0200000| PB 0x00000000e0200000| Complete 
|   3|0x00000000e0300000, 0x00000000e0400000, 0x00000000e0400000|100%|HC|  |TAMS 0x00000000e0300000| PB 0x00000000e0300000| Complete 
|   4|0x00000000e0400000, 0x00000000e0500000, 0x00000000e0500000|100%| O|  |TAMS 0x00000000e0400000| PB 0x00000000e0400000| Untracked 
|   5|0x00000000e0500000, 0x00000000e0600000, 0x00000000e0600000|100%|HS|  |TAMS 0x00000000e0500000| PB 0x00000000e0500000| Complete 
|   6|0x00000000e0600000, 0x00000000e0700000, 0x00000000e0700000|100%| O|  |TAMS 0x00000000e0600000| PB 0x00000000e0600000| Untracked 
|   7|0x00000000e0700000, 0x00000000e0800000, 0x00000000e0800000|100%| O|  |TAMS 0x00000000e0700000| PB 0x00000000e0700000| Untracked 
|   8|0x00000000e0800000, 0x00000000e0900000, 0x00000000e0900000|100%| O|  |TAMS 0x00000000e0800000| PB 0x00000000e0800000| Untracked 
|   9|0x00000000e0900000, 0x00000000e0a00000, 0x00000000e0a00000|100%| O|  |TAMS 0x00000000e0900000| PB 0x00000000e0900000| Untracked 
|  10|0x00000000e0a00000, 0x00000000e0b00000, 0x00000000e0b00000|100%| O|  |TAMS 0x00000000e0a00000| PB 0x00000000e0a00000| Untracked 
|  11|0x00000000e0b00000, 0x00000000e0c00000, 0x00000000e0c00000|100%|HS|  |TAMS 0x00000000e0b00000| PB 0x00000000e0b00000| Complete 
|  12|0x00000000e0c00000, 0x00000000e0d00000, 0x00000000e0d00000|100%| O|  |TAMS 0x00000000e0c00000| PB 0x00000000e0c00000| Untracked 
|  13|0x00000000e0d00000, 0x00000000e0e00000, 0x00000000e0e00000|100%| O|  |TAMS 0x00000000e0d00000| PB 0x00000000e0d00000| Untracked 
|  14|0x00000000e0e00000, 0x00000000e0f00000, 0x00000000e0f00000|100%| O|  |TAMS 0x00000000e0e00000| PB 0x00000000e0e00000| Untracked 
|  15|0x00000000e0f00000, 0x00000000e1000000, 0x00000000e1000000|100%| O|  |TAMS 0x00000000e0f00000| PB 0x00000000e0f00000| Untracked 
|  16|0x00000000e1000000, 0x00000000e1100000, 0x00000000e1100000|100%| O|  |TAMS 0x00000000e1000000| PB 0x00000000e1000000| Untracked 
|  17|0x00000000e1100000, 0x00000000e1200000, 0x00000000e1200000|100%| O|  |TAMS 0x00000000e1100000| PB 0x00000000e1100000| Untracked 
|  18|0x00000000e1200000, 0x00000000e1300000, 0x00000000e1300000|100%| O|  |TAMS 0x00000000e1200000| PB 0x00000000e1200000| Untracked 
|  19|0x00000000e1300000, 0x00000000e1400000, 0x00000000e1400000|100%| O|  |TAMS 0x00000000e1300000| PB 0x00000000e1300000| Untracked 
|  20|0x00000000e1400000, 0x00000000e1500000, 0x00000000e1500000|100%| O|  |TAMS 0x00000000e1400000| PB 0x00000000e1400000| Untracked 
|  21|0x00000000e1500000, 0x00000000e1600000, 0x00000000e1600000|100%| O|  |TAMS 0x00000000e1500000| PB 0x00000000e1500000| Untracked 
|  22|0x00000000e1600000, 0x00000000e1700000, 0x00000000e1700000|100%| O|  |TAMS 0x00000000e1600000| PB 0x00000000e1600000| Untracked 
|  23|0x00000000e1700000, 0x00000000e1800000, 0x00000000e1800000|100%| O|  |TAMS 0x00000000e1700000| PB 0x00000000e1700000| Untracked 
|  24|0x00000000e1800000, 0x00000000e1900000, 0x00000000e1900000|100%| O|Cm|TAMS 0x00000000e1800000| PB 0x00000000e1800000| Complete 
|  25|0x00000000e1900000, 0x00000000e1a00000, 0x00000000e1a00000|100%| O|  |TAMS 0x00000000e1900000| PB 0x00000000e1900000| Untracked 
|  26|0x00000000e1a00000, 0x00000000e1a263a8, 0x00000000e1b00000| 14%| O|  |TAMS 0x00000000e1a00000| PB 0x00000000e1a00000| Untracked 
|  27|0x00000000e1b00000, 0x00000000e1c00000, 0x00000000e1c00000|100%|HS|  |TAMS 0x00000000e1b00000| PB 0x00000000e1b00000| Complete 
|  28|0x00000000e1c00000, 0x00000000e1c00000, 0x00000000e1d00000|  0%| F|  |TAMS 0x00000000e1c00000| PB 0x00000000e1c00000| Untracked 
|  29|0x00000000e1d00000, 0x00000000e1d00000, 0x00000000e1e00000|  0%| F|  |TAMS 0x00000000e1d00000| PB 0x00000000e1d00000| Untracked 
|  30|0x00000000e1e00000, 0x00000000e1e00000, 0x00000000e1f00000|  0%| F|  |TAMS 0x00000000e1e00000| PB 0x00000000e1e00000| Untracked 
|  31|0x00000000e1f00000, 0x00000000e1f00000, 0x00000000e2000000|  0%| F|  |TAMS 0x00000000e1f00000| PB 0x00000000e1f00000| Untracked 
|  32|0x00000000e2000000, 0x00000000e2000000, 0x00000000e2100000|  0%| F|  |TAMS 0x00000000e2000000| PB 0x00000000e2000000| Untracked 
|  33|0x00000000e2100000, 0x00000000e2100000, 0x00000000e2200000|  0%| F|  |TAMS 0x00000000e2100000| PB 0x00000000e2100000| Untracked 
|  34|0x00000000e2200000, 0x00000000e2200000, 0x00000000e2300000|  0%| F|  |TAMS 0x00000000e2200000| PB 0x00000000e2200000| Untracked 
|  35|0x00000000e2300000, 0x00000000e2300000, 0x00000000e2400000|  0%| F|  |TAMS 0x00000000e2300000| PB 0x00000000e2300000| Untracked 
|  36|0x00000000e2400000, 0x00000000e2400000, 0x00000000e2500000|  0%| F|  |TAMS 0x00000000e2400000| PB 0x00000000e2400000| Untracked 
|  37|0x00000000e2500000, 0x00000000e2500000, 0x00000000e2600000|  0%| F|  |TAMS 0x00000000e2500000| PB 0x00000000e2500000| Untracked 
|  38|0x00000000e2600000, 0x00000000e2600000, 0x00000000e2700000|  0%| F|  |TAMS 0x00000000e2600000| PB 0x00000000e2600000| Untracked 
|  39|0x00000000e2700000, 0x00000000e2700000, 0x00000000e2800000|  0%| F|  |TAMS 0x00000000e2700000| PB 0x00000000e2700000| Untracked 
|  40|0x00000000e2800000, 0x00000000e2800000, 0x00000000e2900000|  0%| F|  |TAMS 0x00000000e2800000| PB 0x00000000e2800000| Untracked 
|  41|0x00000000e2900000, 0x00000000e2900000, 0x00000000e2a00000|  0%| F|  |TAMS 0x00000000e2900000| PB 0x00000000e2900000| Untracked 
|  42|0x00000000e2a00000, 0x00000000e2a00000, 0x00000000e2b00000|  0%| F|  |TAMS 0x00000000e2a00000| PB 0x00000000e2a00000| Untracked 
|  43|0x00000000e2b00000, 0x00000000e2b00000, 0x00000000e2c00000|  0%| F|  |TAMS 0x00000000e2b00000| PB 0x00000000e2b00000| Untracked 
|  44|0x00000000e2c00000, 0x00000000e2c00000, 0x00000000e2d00000|  0%| F|  |TAMS 0x00000000e2c00000| PB 0x00000000e2c00000| Untracked 
|  45|0x00000000e2d00000, 0x00000000e2d00000, 0x00000000e2e00000|  0%| F|  |TAMS 0x00000000e2d00000| PB 0x00000000e2d00000| Untracked 
|  46|0x00000000e2e00000, 0x00000000e2e00000, 0x00000000e2f00000|  0%| F|  |TAMS 0x00000000e2e00000| PB 0x00000000e2e00000| Untracked 
|  47|0x00000000e2f00000, 0x00000000e2f00000, 0x00000000e3000000|  0%| F|  |TAMS 0x00000000e2f00000| PB 0x00000000e2f00000| Untracked 
|  48|0x00000000e3000000, 0x00000000e3000000, 0x00000000e3100000|  0%| F|  |TAMS 0x00000000e3000000| PB 0x00000000e3000000| Untracked 
|  49|0x00000000e3100000, 0x00000000e3100000, 0x00000000e3200000|  0%| F|  |TAMS 0x00000000e3100000| PB 0x00000000e3100000| Untracked 
|  50|0x00000000e3200000, 0x00000000e3200000, 0x00000000e3300000|  0%| F|  |TAMS 0x00000000e3200000| PB 0x00000000e3200000| Untracked 
|  51|0x00000000e3300000, 0x00000000e3300000, 0x00000000e3400000|  0%| F|  |TAMS 0x00000000e3300000| PB 0x00000000e3300000| Untracked 
|  52|0x00000000e3400000, 0x00000000e3400000, 0x00000000e3500000|  0%| F|  |TAMS 0x00000000e3400000| PB 0x00000000e3400000| Untracked 
|  53|0x00000000e3500000, 0x00000000e3500000, 0x00000000e3600000|  0%| F|  |TAMS 0x00000000e3500000| PB 0x00000000e3500000| Untracked 
|  54|0x00000000e3600000, 0x00000000e3600000, 0x00000000e3700000|  0%| F|  |TAMS 0x00000000e3600000| PB 0x00000000e3600000| Untracked 
|  55|0x00000000e3700000, 0x00000000e3700000, 0x00000000e3800000|  0%| F|  |TAMS 0x00000000e3700000| PB 0x00000000e3700000| Untracked 
|  56|0x00000000e3800000, 0x00000000e3800000, 0x00000000e3900000|  0%| F|  |TAMS 0x00000000e3800000| PB 0x00000000e3800000| Untracked 
|  57|0x00000000e3900000, 0x00000000e3900000, 0x00000000e3a00000|  0%| F|  |TAMS 0x00000000e3900000| PB 0x00000000e3900000| Untracked 
|  58|0x00000000e3a00000, 0x00000000e3a00000, 0x00000000e3b00000|  0%| F|  |TAMS 0x00000000e3a00000| PB 0x00000000e3a00000| Untracked 
|  59|0x00000000e3b00000, 0x00000000e3b00000, 0x00000000e3c00000|  0%| F|  |TAMS 0x00000000e3b00000| PB 0x00000000e3b00000| Untracked 
|  60|0x00000000e3c00000, 0x00000000e3c00000, 0x00000000e3d00000|  0%| F|  |TAMS 0x00000000e3c00000| PB 0x00000000e3c00000| Untracked 
|  61|0x00000000e3d00000, 0x00000000e3d00000, 0x00000000e3e00000|  0%| F|  |TAMS 0x00000000e3d00000| PB 0x00000000e3d00000| Untracked 
|  62|0x00000000e3e00000, 0x00000000e3e00000, 0x00000000e3f00000|  0%| F|  |TAMS 0x00000000e3e00000| PB 0x00000000e3e00000| Untracked 
|  63|0x00000000e3f00000, 0x00000000e3f00000, 0x00000000e4000000|  0%| F|  |TAMS 0x00000000e3f00000| PB 0x00000000e3f00000| Untracked 
|  64|0x00000000e4000000, 0x00000000e4000000, 0x00000000e4100000|  0%| F|  |TAMS 0x00000000e4000000| PB 0x00000000e4000000| Untracked 
|  65|0x00000000e4100000, 0x00000000e4100000, 0x00000000e4200000|  0%| F|  |TAMS 0x00000000e4100000| PB 0x00000000e4100000| Untracked 
|  66|0x00000000e4200000, 0x00000000e4200000, 0x00000000e4300000|  0%| F|  |TAMS 0x00000000e4200000| PB 0x00000000e4200000| Untracked 
|  67|0x00000000e4300000, 0x00000000e4300000, 0x00000000e4400000|  0%| F|  |TAMS 0x00000000e4300000| PB 0x00000000e4300000| Untracked 
|  68|0x00000000e4400000, 0x00000000e4400000, 0x00000000e4500000|  0%| F|  |TAMS 0x00000000e4400000| PB 0x00000000e4400000| Untracked 
|  69|0x00000000e4500000, 0x00000000e4500000, 0x00000000e4600000|  0%| F|  |TAMS 0x00000000e4500000| PB 0x00000000e4500000| Untracked 
|  70|0x00000000e4600000, 0x00000000e4600000, 0x00000000e4700000|  0%| F|  |TAMS 0x00000000e4600000| PB 0x00000000e4600000| Untracked 
|  71|0x00000000e4700000, 0x00000000e4700000, 0x00000000e4800000|  0%| F|  |TAMS 0x00000000e4700000| PB 0x00000000e4700000| Untracked 
|  72|0x00000000e4800000, 0x00000000e4800000, 0x00000000e4900000|  0%| F|  |TAMS 0x00000000e4800000| PB 0x00000000e4800000| Untracked 
|  73|0x00000000e4900000, 0x00000000e4900000, 0x00000000e4a00000|  0%| F|  |TAMS 0x00000000e4900000| PB 0x00000000e4900000| Untracked 
|  74|0x00000000e4a00000, 0x00000000e4a00000, 0x00000000e4b00000|  0%| F|  |TAMS 0x00000000e4a00000| PB 0x00000000e4a00000| Untracked 
|  75|0x00000000e4b00000, 0x00000000e4b00000, 0x00000000e4c00000|  0%| F|  |TAMS 0x00000000e4b00000| PB 0x00000000e4b00000| Untracked 
|  76|0x00000000e4c00000, 0x00000000e4c00000, 0x00000000e4d00000|  0%| F|  |TAMS 0x00000000e4c00000| PB 0x00000000e4c00000| Untracked 
|  77|0x00000000e4d00000, 0x00000000e4d00000, 0x00000000e4e00000|  0%| F|  |TAMS 0x00000000e4d00000| PB 0x00000000e4d00000| Untracked 
|  78|0x00000000e4e00000, 0x00000000e4e00000, 0x00000000e4f00000|  0%| F|  |TAMS 0x00000000e4e00000| PB 0x00000000e4e00000| Untracked 
|  79|0x00000000e4f00000, 0x00000000e4f00000, 0x00000000e5000000|  0%| F|  |TAMS 0x00000000e4f00000| PB 0x00000000e4f00000| Untracked 
|  80|0x00000000e5000000, 0x00000000e5000000, 0x00000000e5100000|  0%| F|  |TAMS 0x00000000e5000000| PB 0x00000000e5000000| Untracked 
|  81|0x00000000e5100000, 0x00000000e5100000, 0x00000000e5200000|  0%| F|  |TAMS 0x00000000e5100000| PB 0x00000000e5100000| Untracked 
|  82|0x00000000e5200000, 0x00000000e5200000, 0x00000000e5300000|  0%| F|  |TAMS 0x00000000e5200000| PB 0x00000000e5200000| Untracked 
|  83|0x00000000e5300000, 0x00000000e5300000, 0x00000000e5400000|  0%| F|  |TAMS 0x00000000e5300000| PB 0x00000000e5300000| Untracked 
|  84|0x00000000e5400000, 0x00000000e5400000, 0x00000000e5500000|  0%| F|  |TAMS 0x00000000e5400000| PB 0x00000000e5400000| Untracked 
|  85|0x00000000e5500000, 0x00000000e5500000, 0x00000000e5600000|  0%| F|  |TAMS 0x00000000e5500000| PB 0x00000000e5500000| Untracked 
|  86|0x00000000e5600000, 0x00000000e5600000, 0x00000000e5700000|  0%| F|  |TAMS 0x00000000e5600000| PB 0x00000000e5600000| Untracked 
|  87|0x00000000e5700000, 0x00000000e5700000, 0x00000000e5800000|  0%| F|  |TAMS 0x00000000e5700000| PB 0x00000000e5700000| Untracked 
|  88|0x00000000e5800000, 0x00000000e5800000, 0x00000000e5900000|  0%| F|  |TAMS 0x00000000e5800000| PB 0x00000000e5800000| Untracked 
|  89|0x00000000e5900000, 0x00000000e5900000, 0x00000000e5a00000|  0%| F|  |TAMS 0x00000000e5900000| PB 0x00000000e5900000| Untracked 
|  90|0x00000000e5a00000, 0x00000000e5a00000, 0x00000000e5b00000|  0%| F|  |TAMS 0x00000000e5a00000| PB 0x00000000e5a00000| Untracked 
|  91|0x00000000e5b00000, 0x00000000e5b00000, 0x00000000e5c00000|  0%| F|  |TAMS 0x00000000e5b00000| PB 0x00000000e5b00000| Untracked 
|  92|0x00000000e5c00000, 0x00000000e5c00000, 0x00000000e5d00000|  0%| F|  |TAMS 0x00000000e5c00000| PB 0x00000000e5c00000| Untracked 
|  93|0x00000000e5d00000, 0x00000000e5d00000, 0x00000000e5e00000|  0%| F|  |TAMS 0x00000000e5d00000| PB 0x00000000e5d00000| Untracked 
|  94|0x00000000e5e00000, 0x00000000e5e00000, 0x00000000e5f00000|  0%| F|  |TAMS 0x00000000e5e00000| PB 0x00000000e5e00000| Untracked 
|  95|0x00000000e5f00000, 0x00000000e5f00000, 0x00000000e6000000|  0%| F|  |TAMS 0x00000000e5f00000| PB 0x00000000e5f00000| Untracked 
|  96|0x00000000e6000000, 0x00000000e6000000, 0x00000000e6100000|  0%| F|  |TAMS 0x00000000e6000000| PB 0x00000000e6000000| Untracked 
|  97|0x00000000e6100000, 0x00000000e6100000, 0x00000000e6200000|  0%| F|  |TAMS 0x00000000e6100000| PB 0x00000000e6100000| Untracked 
|  98|0x00000000e6200000, 0x00000000e6200000, 0x00000000e6300000|  0%| F|  |TAMS 0x00000000e6200000| PB 0x00000000e6200000| Untracked 
|  99|0x00000000e6300000, 0x00000000e6300000, 0x00000000e6400000|  0%| F|  |TAMS 0x00000000e6300000| PB 0x00000000e6300000| Untracked 
| 100|0x00000000e6400000, 0x00000000e6400000, 0x00000000e6500000|  0%| F|  |TAMS 0x00000000e6400000| PB 0x00000000e6400000| Untracked 
| 101|0x00000000e6500000, 0x00000000e6500000, 0x00000000e6600000|  0%| F|  |TAMS 0x00000000e6500000| PB 0x00000000e6500000| Untracked 
| 102|0x00000000e6600000, 0x00000000e6600000, 0x00000000e6700000|  0%| F|  |TAMS 0x00000000e6600000| PB 0x00000000e6600000| Untracked 
| 103|0x00000000e6700000, 0x00000000e6700000, 0x00000000e6800000|  0%| F|  |TAMS 0x00000000e6700000| PB 0x00000000e6700000| Untracked 
| 104|0x00000000e6800000, 0x00000000e6800000, 0x00000000e6900000|  0%| F|  |TAMS 0x00000000e6800000| PB 0x00000000e6800000| Untracked 
| 105|0x00000000e6900000, 0x00000000e6900000, 0x00000000e6a00000|  0%| F|  |TAMS 0x00000000e6900000| PB 0x00000000e6900000| Untracked 
| 106|0x00000000e6a00000, 0x00000000e6a00000, 0x00000000e6b00000|  0%| F|  |TAMS 0x00000000e6a00000| PB 0x00000000e6a00000| Untracked 
| 107|0x00000000e6b00000, 0x00000000e6b00000, 0x00000000e6c00000|  0%| F|  |TAMS 0x00000000e6b00000| PB 0x00000000e6b00000| Untracked 
| 108|0x00000000e6c00000, 0x00000000e6c00000, 0x00000000e6d00000|  0%| F|  |TAMS 0x00000000e6c00000| PB 0x00000000e6c00000| Untracked 
| 109|0x00000000e6d00000, 0x00000000e6d00000, 0x00000000e6e00000|  0%| F|  |TAMS 0x00000000e6d00000| PB 0x00000000e6d00000| Untracked 
| 110|0x00000000e6e00000, 0x00000000e6e00000, 0x00000000e6f00000|  0%| F|  |TAMS 0x00000000e6e00000| PB 0x00000000e6e00000| Untracked 
| 111|0x00000000e6f00000, 0x00000000e6f00000, 0x00000000e7000000|  0%| F|  |TAMS 0x00000000e6f00000| PB 0x00000000e6f00000| Untracked 
| 112|0x00000000e7000000, 0x00000000e7000000, 0x00000000e7100000|  0%| F|  |TAMS 0x00000000e7000000| PB 0x00000000e7000000| Untracked 
| 113|0x00000000e7100000, 0x00000000e7100000, 0x00000000e7200000|  0%| F|  |TAMS 0x00000000e7100000| PB 0x00000000e7100000| Untracked 
| 114|0x00000000e7200000, 0x00000000e7200000, 0x00000000e7300000|  0%| F|  |TAMS 0x00000000e7200000| PB 0x00000000e7200000| Untracked 
| 115|0x00000000e7300000, 0x00000000e7300000, 0x00000000e7400000|  0%| F|  |TAMS 0x00000000e7300000| PB 0x00000000e7300000| Untracked 
| 116|0x00000000e7400000, 0x00000000e7400000, 0x00000000e7500000|  0%| F|  |TAMS 0x00000000e7400000| PB 0x00000000e7400000| Untracked 
| 117|0x00000000e7500000, 0x00000000e7500000, 0x00000000e7600000|  0%| F|  |TAMS 0x00000000e7500000| PB 0x00000000e7500000| Untracked 
| 118|0x00000000e7600000, 0x00000000e7600000, 0x00000000e7700000|  0%| F|  |TAMS 0x00000000e7600000| PB 0x00000000e7600000| Untracked 
| 119|0x00000000e7700000, 0x00000000e7700000, 0x00000000e7800000|  0%| F|  |TAMS 0x00000000e7700000| PB 0x00000000e7700000| Untracked 
| 120|0x00000000e7800000, 0x00000000e7800000, 0x00000000e7900000|  0%| F|  |TAMS 0x00000000e7800000| PB 0x00000000e7800000| Untracked 
| 121|0x00000000e7900000, 0x00000000e7900000, 0x00000000e7a00000|  0%| F|  |TAMS 0x00000000e7900000| PB 0x00000000e7900000| Untracked 
| 122|0x00000000e7a00000, 0x00000000e7a00000, 0x00000000e7b00000|  0%| F|  |TAMS 0x00000000e7a00000| PB 0x00000000e7a00000| Untracked 
| 123|0x00000000e7b00000, 0x00000000e7b00000, 0x00000000e7c00000|  0%| F|  |TAMS 0x00000000e7b00000| PB 0x00000000e7b00000| Untracked 
| 124|0x00000000e7c00000, 0x00000000e7c00000, 0x00000000e7d00000|  0%| F|  |TAMS 0x00000000e7c00000| PB 0x00000000e7c00000| Untracked 
| 125|0x00000000e7d00000, 0x00000000e7d00000, 0x00000000e7e00000|  0%| F|  |TAMS 0x00000000e7d00000| PB 0x00000000e7d00000| Untracked 
| 126|0x00000000e7e00000, 0x00000000e7e00000, 0x00000000e7f00000|  0%| F|  |TAMS 0x00000000e7e00000| PB 0x00000000e7e00000| Untracked 
| 127|0x00000000e7f00000, 0x00000000e7f00000, 0x00000000e8000000|  0%| F|  |TAMS 0x00000000e7f00000| PB 0x00000000e7f00000| Untracked 
| 128|0x00000000e8000000, 0x00000000e8000000, 0x00000000e8100000|  0%| F|  |TAMS 0x00000000e8000000| PB 0x00000000e8000000| Untracked 
| 129|0x00000000e8100000, 0x00000000e8100000, 0x00000000e8200000|  0%| F|  |TAMS 0x00000000e8100000| PB 0x00000000e8100000| Untracked 
| 130|0x00000000e8200000, 0x00000000e8200000, 0x00000000e8300000|  0%| F|  |TAMS 0x00000000e8200000| PB 0x00000000e8200000| Untracked 
| 131|0x00000000e8300000, 0x00000000e8300000, 0x00000000e8400000|  0%| F|  |TAMS 0x00000000e8300000| PB 0x00000000e8300000| Untracked 
| 132|0x00000000e8400000, 0x00000000e8400000, 0x00000000e8500000|  0%| F|  |TAMS 0x00000000e8400000| PB 0x00000000e8400000| Untracked 
| 133|0x00000000e8500000, 0x00000000e8500000, 0x00000000e8600000|  0%| F|  |TAMS 0x00000000e8500000| PB 0x00000000e8500000| Untracked 
| 134|0x00000000e8600000, 0x00000000e8600000, 0x00000000e8700000|  0%| F|  |TAMS 0x00000000e8600000| PB 0x00000000e8600000| Untracked 
| 135|0x00000000e8700000, 0x00000000e8700000, 0x00000000e8800000|  0%| F|  |TAMS 0x00000000e8700000| PB 0x00000000e8700000| Untracked 
| 136|0x00000000e8800000, 0x00000000e8800000, 0x00000000e8900000|  0%| F|  |TAMS 0x00000000e8800000| PB 0x00000000e8800000| Untracked 
| 137|0x00000000e8900000, 0x00000000e8900000, 0x00000000e8a00000|  0%| F|  |TAMS 0x00000000e8900000| PB 0x00000000e8900000| Untracked 
| 138|0x00000000e8a00000, 0x00000000e8a00000, 0x00000000e8b00000|  0%| F|  |TAMS 0x00000000e8a00000| PB 0x00000000e8a00000| Untracked 
| 139|0x00000000e8b00000, 0x00000000e8b00000, 0x00000000e8c00000|  0%| F|  |TAMS 0x00000000e8b00000| PB 0x00000000e8b00000| Untracked 
| 140|0x00000000e8c00000, 0x00000000e8c00000, 0x00000000e8d00000|  0%| F|  |TAMS 0x00000000e8c00000| PB 0x00000000e8c00000| Untracked 
| 141|0x00000000e8d00000, 0x00000000e8d00000, 0x00000000e8e00000|  0%| F|  |TAMS 0x00000000e8d00000| PB 0x00000000e8d00000| Untracked 
| 142|0x00000000e8e00000, 0x00000000e8e00000, 0x00000000e8f00000|  0%| F|  |TAMS 0x00000000e8e00000| PB 0x00000000e8e00000| Untracked 
| 143|0x00000000e8f00000, 0x00000000e8f00000, 0x00000000e9000000|  0%| F|  |TAMS 0x00000000e8f00000| PB 0x00000000e8f00000| Untracked 
| 144|0x00000000e9000000, 0x00000000e9000000, 0x00000000e9100000|  0%| F|  |TAMS 0x00000000e9000000| PB 0x00000000e9000000| Untracked 
| 145|0x00000000e9100000, 0x00000000e9100000, 0x00000000e9200000|  0%| F|  |TAMS 0x00000000e9100000| PB 0x00000000e9100000| Untracked 
| 146|0x00000000e9200000, 0x00000000e9200000, 0x00000000e9300000|  0%| F|  |TAMS 0x00000000e9200000| PB 0x00000000e9200000| Untracked 
| 147|0x00000000e9300000, 0x00000000e9300000, 0x00000000e9400000|  0%| F|  |TAMS 0x00000000e9300000| PB 0x00000000e9300000| Untracked 
| 148|0x00000000e9400000, 0x00000000e9400000, 0x00000000e9500000|  0%| F|  |TAMS 0x00000000e9400000| PB 0x00000000e9400000| Untracked 
| 149|0x00000000e9500000, 0x00000000e9500000, 0x00000000e9600000|  0%| F|  |TAMS 0x00000000e9500000| PB 0x00000000e9500000| Untracked 
| 150|0x00000000e9600000, 0x00000000e9600000, 0x00000000e9700000|  0%| F|  |TAMS 0x00000000e9600000| PB 0x00000000e9600000| Untracked 
| 151|0x00000000e9700000, 0x00000000e9700000, 0x00000000e9800000|  0%| F|  |TAMS 0x00000000e9700000| PB 0x00000000e9700000| Untracked 
| 152|0x00000000e9800000, 0x00000000e9800000, 0x00000000e9900000|  0%| F|  |TAMS 0x00000000e9800000| PB 0x00000000e9800000| Untracked 
| 153|0x00000000e9900000, 0x00000000e9900000, 0x00000000e9a00000|  0%| F|  |TAMS 0x00000000e9900000| PB 0x00000000e9900000| Untracked 
| 154|0x00000000e9a00000, 0x00000000e9a00000, 0x00000000e9b00000|  0%| F|  |TAMS 0x00000000e9a00000| PB 0x00000000e9a00000| Untracked 
| 155|0x00000000e9b00000, 0x00000000e9b00000, 0x00000000e9c00000|  0%| F|  |TAMS 0x00000000e9b00000| PB 0x00000000e9b00000| Untracked 
| 156|0x00000000e9c00000, 0x00000000e9c00000, 0x00000000e9d00000|  0%| F|  |TAMS 0x00000000e9c00000| PB 0x00000000e9c00000| Untracked 
| 157|0x00000000e9d00000, 0x00000000e9d00000, 0x00000000e9e00000|  0%| F|  |TAMS 0x00000000e9d00000| PB 0x00000000e9d00000| Untracked 
| 158|0x00000000e9e00000, 0x00000000e9e00000, 0x00000000e9f00000|  0%| F|  |TAMS 0x00000000e9e00000| PB 0x00000000e9e00000| Untracked 
| 159|0x00000000e9f00000, 0x00000000e9f00000, 0x00000000ea000000|  0%| F|  |TAMS 0x00000000e9f00000| PB 0x00000000e9f00000| Untracked 
| 160|0x00000000ea000000, 0x00000000ea000000, 0x00000000ea100000|  0%| F|  |TAMS 0x00000000ea000000| PB 0x00000000ea000000| Untracked 
| 161|0x00000000ea100000, 0x00000000ea100000, 0x00000000ea200000|  0%| F|  |TAMS 0x00000000ea100000| PB 0x00000000ea100000| Untracked 
| 162|0x00000000ea200000, 0x00000000ea200000, 0x00000000ea300000|  0%| F|  |TAMS 0x00000000ea200000| PB 0x00000000ea200000| Untracked 
| 163|0x00000000ea300000, 0x00000000ea300000, 0x00000000ea400000|  0%| F|  |TAMS 0x00000000ea300000| PB 0x00000000ea300000| Untracked 
| 164|0x00000000ea400000, 0x00000000ea400000, 0x00000000ea500000|  0%| F|  |TAMS 0x00000000ea400000| PB 0x00000000ea400000| Untracked 
| 165|0x00000000ea500000, 0x00000000ea500000, 0x00000000ea600000|  0%| F|  |TAMS 0x00000000ea500000| PB 0x00000000ea500000| Untracked 
| 166|0x00000000ea600000, 0x00000000ea600000, 0x00000000ea700000|  0%| F|  |TAMS 0x00000000ea600000| PB 0x00000000ea600000| Untracked 
| 167|0x00000000ea700000, 0x00000000ea700000, 0x00000000ea800000|  0%| F|  |TAMS 0x00000000ea700000| PB 0x00000000ea700000| Untracked 
| 168|0x00000000ea800000, 0x00000000ea800000, 0x00000000ea900000|  0%| F|  |TAMS 0x00000000ea800000| PB 0x00000000ea800000| Untracked 
| 169|0x00000000ea900000, 0x00000000ea900000, 0x00000000eaa00000|  0%| F|  |TAMS 0x00000000ea900000| PB 0x00000000ea900000| Untracked 
| 170|0x00000000eaa00000, 0x00000000eaa00000, 0x00000000eab00000|  0%| F|  |TAMS 0x00000000eaa00000| PB 0x00000000eaa00000| Untracked 
| 171|0x00000000eab00000, 0x00000000eab00000, 0x00000000eac00000|  0%| F|  |TAMS 0x00000000eab00000| PB 0x00000000eab00000| Untracked 
| 172|0x00000000eac00000, 0x00000000eac00000, 0x00000000ead00000|  0%| F|  |TAMS 0x00000000eac00000| PB 0x00000000eac00000| Untracked 
| 173|0x00000000ead00000, 0x00000000ead00000, 0x00000000eae00000|  0%| F|  |TAMS 0x00000000ead00000| PB 0x00000000ead00000| Untracked 
| 174|0x00000000eae00000, 0x00000000eae00000, 0x00000000eaf00000|  0%| F|  |TAMS 0x00000000eae00000| PB 0x00000000eae00000| Untracked 
| 175|0x00000000eaf00000, 0x00000000eaf00000, 0x00000000eb000000|  0%| F|  |TAMS 0x00000000eaf00000| PB 0x00000000eaf00000| Untracked 
| 176|0x00000000eb000000, 0x00000000eb000000, 0x00000000eb100000|  0%| F|  |TAMS 0x00000000eb000000| PB 0x00000000eb000000| Untracked 
| 177|0x00000000eb100000, 0x00000000eb100000, 0x00000000eb200000|  0%| F|  |TAMS 0x00000000eb100000| PB 0x00000000eb100000| Untracked 
| 178|0x00000000eb200000, 0x00000000eb200000, 0x00000000eb300000|  0%| F|  |TAMS 0x00000000eb200000| PB 0x00000000eb200000| Untracked 
| 179|0x00000000eb300000, 0x00000000eb300000, 0x00000000eb400000|  0%| F|  |TAMS 0x00000000eb300000| PB 0x00000000eb300000| Untracked 
| 180|0x00000000eb400000, 0x00000000eb400000, 0x00000000eb500000|  0%| F|  |TAMS 0x00000000eb400000| PB 0x00000000eb400000| Untracked 
| 181|0x00000000eb500000, 0x00000000eb500000, 0x00000000eb600000|  0%| F|  |TAMS 0x00000000eb500000| PB 0x00000000eb500000| Untracked 
| 182|0x00000000eb600000, 0x00000000eb600000, 0x00000000eb700000|  0%| F|  |TAMS 0x00000000eb600000| PB 0x00000000eb600000| Untracked 
| 183|0x00000000eb700000, 0x00000000eb700000, 0x00000000eb800000|  0%| F|  |TAMS 0x00000000eb700000| PB 0x00000000eb700000| Untracked 
| 184|0x00000000eb800000, 0x00000000eb800000, 0x00000000eb900000|  0%| F|  |TAMS 0x00000000eb800000| PB 0x00000000eb800000| Untracked 
| 185|0x00000000eb900000, 0x00000000eb900000, 0x00000000eba00000|  0%| F|  |TAMS 0x00000000eb900000| PB 0x00000000eb900000| Untracked 
| 186|0x00000000eba00000, 0x00000000eba00000, 0x00000000ebb00000|  0%| F|  |TAMS 0x00000000eba00000| PB 0x00000000eba00000| Untracked 
| 187|0x00000000ebb00000, 0x00000000ebb00000, 0x00000000ebc00000|  0%| F|  |TAMS 0x00000000ebb00000| PB 0x00000000ebb00000| Untracked 
| 188|0x00000000ebc00000, 0x00000000ebc00000, 0x00000000ebd00000|  0%| F|  |TAMS 0x00000000ebc00000| PB 0x00000000ebc00000| Untracked 
| 189|0x00000000ebd00000, 0x00000000ebd00000, 0x00000000ebe00000|  0%| F|  |TAMS 0x00000000ebd00000| PB 0x00000000ebd00000| Untracked 
| 190|0x00000000ebe00000, 0x00000000ebe00000, 0x00000000ebf00000|  0%| F|  |TAMS 0x00000000ebe00000| PB 0x00000000ebe00000| Untracked 
| 191|0x00000000ebf00000, 0x00000000ebf00000, 0x00000000ec000000|  0%| F|  |TAMS 0x00000000ebf00000| PB 0x00000000ebf00000| Untracked 
| 192|0x00000000ec000000, 0x00000000ec000000, 0x00000000ec100000|  0%| F|  |TAMS 0x00000000ec000000| PB 0x00000000ec000000| Untracked 
| 193|0x00000000ec100000, 0x00000000ec100000, 0x00000000ec200000|  0%| F|  |TAMS 0x00000000ec100000| PB 0x00000000ec100000| Untracked 
| 194|0x00000000ec200000, 0x00000000ec200000, 0x00000000ec300000|  0%| F|  |TAMS 0x00000000ec200000| PB 0x00000000ec200000| Untracked 
| 195|0x00000000ec300000, 0x00000000ec300000, 0x00000000ec400000|  0%| F|  |TAMS 0x00000000ec300000| PB 0x00000000ec300000| Untracked 
| 196|0x00000000ec400000, 0x00000000ec400000, 0x00000000ec500000|  0%| F|  |TAMS 0x00000000ec400000| PB 0x00000000ec400000| Untracked 
| 197|0x00000000ec500000, 0x00000000ec500000, 0x00000000ec600000|  0%| F|  |TAMS 0x00000000ec500000| PB 0x00000000ec500000| Untracked 
| 198|0x00000000ec600000, 0x00000000ec600000, 0x00000000ec700000|  0%| F|  |TAMS 0x00000000ec600000| PB 0x00000000ec600000| Untracked 
| 199|0x00000000ec700000, 0x00000000ec700000, 0x00000000ec800000|  0%| F|  |TAMS 0x00000000ec700000| PB 0x00000000ec700000| Untracked 
| 200|0x00000000ec800000, 0x00000000ec800000, 0x00000000ec900000|  0%| F|  |TAMS 0x00000000ec800000| PB 0x00000000ec800000| Untracked 
| 201|0x00000000ec900000, 0x00000000ec900000, 0x00000000eca00000|  0%| F|  |TAMS 0x00000000ec900000| PB 0x00000000ec900000| Untracked 
| 202|0x00000000eca00000, 0x00000000eca00000, 0x00000000ecb00000|  0%| F|  |TAMS 0x00000000eca00000| PB 0x00000000eca00000| Untracked 
| 203|0x00000000ecb00000, 0x00000000ecb00000, 0x00000000ecc00000|  0%| F|  |TAMS 0x00000000ecb00000| PB 0x00000000ecb00000| Untracked 
| 204|0x00000000ecc00000, 0x00000000ecc00000, 0x00000000ecd00000|  0%| F|  |TAMS 0x00000000ecc00000| PB 0x00000000ecc00000| Untracked 
| 205|0x00000000ecd00000, 0x00000000ecd00000, 0x00000000ece00000|  0%| F|  |TAMS 0x00000000ecd00000| PB 0x00000000ecd00000| Untracked 
| 206|0x00000000ece00000, 0x00000000ece00000, 0x00000000ecf00000|  0%| F|  |TAMS 0x00000000ece00000| PB 0x00000000ece00000| Untracked 
| 207|0x00000000ecf00000, 0x00000000ecf00000, 0x00000000ed000000|  0%| F|  |TAMS 0x00000000ecf00000| PB 0x00000000ecf00000| Untracked 
| 208|0x00000000ed000000, 0x00000000ed000000, 0x00000000ed100000|  0%| F|  |TAMS 0x00000000ed000000| PB 0x00000000ed000000| Untracked 
| 209|0x00000000ed100000, 0x00000000ed100000, 0x00000000ed200000|  0%| F|  |TAMS 0x00000000ed100000| PB 0x00000000ed100000| Untracked 
| 210|0x00000000ed200000, 0x00000000ed200000, 0x00000000ed300000|  0%| F|  |TAMS 0x00000000ed200000| PB 0x00000000ed200000| Untracked 
| 211|0x00000000ed300000, 0x00000000ed300000, 0x00000000ed400000|  0%| F|  |TAMS 0x00000000ed300000| PB 0x00000000ed300000| Untracked 
| 212|0x00000000ed400000, 0x00000000ed400000, 0x00000000ed500000|  0%| F|  |TAMS 0x00000000ed400000| PB 0x00000000ed400000| Untracked 
| 213|0x00000000ed500000, 0x00000000ed500000, 0x00000000ed600000|  0%| F|  |TAMS 0x00000000ed500000| PB 0x00000000ed500000| Untracked 
| 214|0x00000000ed600000, 0x00000000ed600000, 0x00000000ed700000|  0%| F|  |TAMS 0x00000000ed600000| PB 0x00000000ed600000| Untracked 
| 215|0x00000000ed700000, 0x00000000ed700000, 0x00000000ed800000|  0%| F|  |TAMS 0x00000000ed700000| PB 0x00000000ed700000| Untracked 
| 216|0x00000000ed800000, 0x00000000ed800000, 0x00000000ed900000|  0%| F|  |TAMS 0x00000000ed800000| PB 0x00000000ed800000| Untracked 
| 217|0x00000000ed900000, 0x00000000eda00000, 0x00000000eda00000|100%| E|  |TAMS 0x00000000ed900000| PB 0x00000000ed900000| Complete 
| 218|0x00000000eda00000, 0x00000000edb00000, 0x00000000edb00000|100%| E|CS|TAMS 0x00000000eda00000| PB 0x00000000eda00000| Complete 
| 219|0x00000000edb00000, 0x00000000edc00000, 0x00000000edc00000|100%| E|CS|TAMS 0x00000000edb00000| PB 0x00000000edb00000| Complete 
| 220|0x00000000edc00000, 0x00000000edd00000, 0x00000000edd00000|100%| E|CS|TAMS 0x00000000edc00000| PB 0x00000000edc00000| Complete 
| 221|0x00000000edd00000, 0x00000000ede00000, 0x00000000ede00000|100%| E|CS|TAMS 0x00000000edd00000| PB 0x00000000edd00000| Complete 
| 222|0x00000000ede00000, 0x00000000edf00000, 0x00000000edf00000|100%| E|CS|TAMS 0x00000000ede00000| PB 0x00000000ede00000| Complete 
| 223|0x00000000edf00000, 0x00000000ee000000, 0x00000000ee000000|100%| E|CS|TAMS 0x00000000edf00000| PB 0x00000000edf00000| Complete 
| 224|0x00000000ee000000, 0x00000000ee100000, 0x00000000ee100000|100%| E|CS|TAMS 0x00000000ee000000| PB 0x00000000ee000000| Complete 
| 225|0x00000000ee100000, 0x00000000ee200000, 0x00000000ee200000|100%| E|CS|TAMS 0x00000000ee100000| PB 0x00000000ee100000| Complete 
| 226|0x00000000ee200000, 0x00000000ee300000, 0x00000000ee300000|100%| E|CS|TAMS 0x00000000ee200000| PB 0x00000000ee200000| Complete 
| 227|0x00000000ee300000, 0x00000000ee400000, 0x00000000ee400000|100%| E|  |TAMS 0x00000000ee300000| PB 0x00000000ee300000| Complete 
| 228|0x00000000ee400000, 0x00000000ee500000, 0x00000000ee500000|100%| E|CS|TAMS 0x00000000ee400000| PB 0x00000000ee400000| Complete 
| 229|0x00000000ee500000, 0x00000000ee600000, 0x00000000ee600000|100%| E|CS|TAMS 0x00000000ee500000| PB 0x00000000ee500000| Complete 
| 230|0x00000000ee600000, 0x00000000ee700000, 0x00000000ee700000|100%| E|CS|TAMS 0x00000000ee600000| PB 0x00000000ee600000| Complete 
| 231|0x00000000ee700000, 0x00000000ee800000, 0x00000000ee800000|100%| E|CS|TAMS 0x00000000ee700000| PB 0x00000000ee700000| Complete 
| 232|0x00000000ee800000, 0x00000000ee900000, 0x00000000ee900000|100%| E|CS|TAMS 0x00000000ee800000| PB 0x00000000ee800000| Complete 
| 233|0x00000000ee900000, 0x00000000eea00000, 0x00000000eea00000|100%| E|CS|TAMS 0x00000000ee900000| PB 0x00000000ee900000| Complete 
| 234|0x00000000eea00000, 0x00000000eeb00000, 0x00000000eeb00000|100%| E|CS|TAMS 0x00000000eea00000| PB 0x00000000eea00000| Complete 
| 235|0x00000000eeb00000, 0x00000000eec00000, 0x00000000eec00000|100%| E|CS|TAMS 0x00000000eeb00000| PB 0x00000000eeb00000| Complete 
| 236|0x00000000eec00000, 0x00000000eed00000, 0x00000000eed00000|100%| E|CS|TAMS 0x00000000eec00000| PB 0x00000000eec00000| Complete 
| 237|0x00000000eed00000, 0x00000000eedd0f20, 0x00000000eee00000| 81%| S|CS|TAMS 0x00000000eed00000| PB 0x00000000eed00000| Complete 
| 238|0x00000000eee00000, 0x00000000eef00000, 0x00000000eef00000|100%| S|CS|TAMS 0x00000000eee00000| PB 0x00000000eee00000| Complete 
| 239|0x00000000eef00000, 0x00000000ef000000, 0x00000000ef000000|100%| S|CS|TAMS 0x00000000eef00000| PB 0x00000000eef00000| Complete 
| 240|0x00000000ef000000, 0x00000000ef100000, 0x00000000ef100000|100%| S|CS|TAMS 0x00000000ef000000| PB 0x00000000ef000000| Complete 
| 241|0x00000000ef100000, 0x00000000ef200000, 0x00000000ef200000|100%| S|CS|TAMS 0x00000000ef100000| PB 0x00000000ef100000| Complete 
| 242|0x00000000ef200000, 0x00000000ef300000, 0x00000000ef300000|100%| S|CS|TAMS 0x00000000ef200000| PB 0x00000000ef200000| Complete 
| 243|0x00000000ef300000, 0x00000000ef400000, 0x00000000ef400000|100%| S|CS|TAMS 0x00000000ef300000| PB 0x00000000ef300000| Complete 
| 244|0x00000000ef400000, 0x00000000ef500000, 0x00000000ef500000|100%| S|CS|TAMS 0x00000000ef400000| PB 0x00000000ef400000| Complete 
| 245|0x00000000ef500000, 0x00000000ef600000, 0x00000000ef600000|100%| E|CS|TAMS 0x00000000ef500000| PB 0x00000000ef500000| Complete 
| 246|0x00000000ef600000, 0x00000000ef700000, 0x00000000ef700000|100%| E|CS|TAMS 0x00000000ef600000| PB 0x00000000ef600000| Complete 
| 247|0x00000000ef700000, 0x00000000ef800000, 0x00000000ef800000|100%| E|CS|TAMS 0x00000000ef700000| PB 0x00000000ef700000| Complete 
| 248|0x00000000ef800000, 0x00000000ef900000, 0x00000000ef900000|100%| E|CS|TAMS 0x00000000ef800000| PB 0x00000000ef800000| Complete 
| 249|0x00000000ef900000, 0x00000000efa00000, 0x00000000efa00000|100%| E|CS|TAMS 0x00000000ef900000| PB 0x00000000ef900000| Complete 
| 250|0x00000000efa00000, 0x00000000efb00000, 0x00000000efb00000|100%| E|CS|TAMS 0x00000000efa00000| PB 0x00000000efa00000| Complete 
| 251|0x00000000efb00000, 0x00000000efc00000, 0x00000000efc00000|100%| E|CS|TAMS 0x00000000efb00000| PB 0x00000000efb00000| Complete 
| 252|0x00000000efc00000, 0x00000000efd00000, 0x00000000efd00000|100%| E|CS|TAMS 0x00000000efc00000| PB 0x00000000efc00000| Complete 
| 253|0x00000000efd00000, 0x00000000efe00000, 0x00000000efe00000|100%| E|CS|TAMS 0x00000000efd00000| PB 0x00000000efd00000| Complete 
| 254|0x00000000efe00000, 0x00000000eff00000, 0x00000000eff00000|100%| E|CS|TAMS 0x00000000efe00000| PB 0x00000000efe00000| Complete 
| 255|0x00000000eff00000, 0x00000000f0000000, 0x00000000f0000000|100%| E|CS|TAMS 0x00000000eff00000| PB 0x00000000eff00000| Complete 

Card table byte_map: [0x00000178bc5f0000,0x00000178bc6f0000] _byte_map_base: 0x00000178bbef0000

Marking Bits: (CMBitMap*) 0x00000178a9de0b70
 Bits: [0x00000178bc6f0000, 0x00000178bcef0000)

Polling page: 0x00000178a7be0000

Metaspace:

Usage:
  Non-class:     33.23 MB used.
      Class:      5.66 MB used.
       Both:     38.89 MB used.

Virtual space:
  Non-class space:       64.00 MB reserved,      33.88 MB ( 53%) committed,  1 nodes.
      Class space:      320.00 MB reserved,       6.31 MB (  2%) committed,  1 nodes.
             Both:      384.00 MB reserved,      40.19 MB ( 10%) committed. 

Chunk freelists:
   Non-Class:  13.70 MB
       Class:  9.67 MB
        Both:  23.38 MB

MaxMetaspaceSize: 384.00 MB
CompressedClassSpaceSize: 320.00 MB
Initial GC threshold: 21.00 MB
Current GC threshold: 59.69 MB
CDS: on
 - commit_granule_bytes: 65536.
 - commit_granule_words: 8192.
 - virtual_space_node_default_size: 8388608.
 - enlarge_chunks_in_place: 1.
 - use_allocation_guard: 0.


Internal statistics:

num_allocs_failed_limit: 12.
num_arena_births: 2380.
num_arena_deaths: 0.
num_vsnodes_births: 2.
num_vsnodes_deaths: 0.
num_space_committed: 643.
num_space_uncommitted: 0.
num_chunks_returned_to_freelist: 12.
num_chunks_taken_from_freelist: 4166.
num_chunk_merges: 9.
num_chunk_splits: 2721.
num_chunks_enlarged: 1673.
num_inconsistent_stats: 0.

CodeHeap 'non-profiled nmethods': size=120000Kb used=2112Kb max_used=2323Kb free=117887Kb
 bounds [0x00000178b4a70000, 0x00000178b4ce0000, 0x00000178bbfa0000]
CodeHeap 'profiled nmethods': size=120000Kb used=8007Kb max_used=8702Kb free=111992Kb
 bounds [0x00000178acfa0000, 0x00000178ad840000, 0x00000178b44d0000]
CodeHeap 'non-nmethods': size=5760Kb used=1822Kb max_used=1844Kb free=3937Kb
 bounds [0x00000178b44d0000, 0x00000178b4740000, 0x00000178b4a70000]
CodeCache: size=245760Kb, used=11941Kb, max_used=12869Kb, free=233816Kb
 total_blobs=4733, nmethods=4037, adapters=600, full_count=0
Compilation: enabled, stopped_count=0, restarted_count=0

Compilation events (20 events):
Event: 19.923 Thread 0x00000178bfbf2310 4519       3       jdk.internal.org.objectweb.asm.MethodWriter::visitFieldInsn (258 bytes)
Event: 19.925 Thread 0x00000178bfbf2310 nmethod 4519 0x00000178ad003310 code [0x00000178ad003580, 0x00000178ad0040a0]
Event: 19.954 Thread 0x00000178bfbf2310 4520       3       sun.security.provider.MD5::implCompress (13 bytes)
Event: 19.955 Thread 0x00000178bfbf2310 nmethod 4520 0x00000178ad083090 code [0x00000178ad083280, 0x00000178ad0836b8]
Event: 19.955 Thread 0x00000178bfbf2310 4521       3       sun.security.provider.MD5::implCompressCheck (18 bytes)
Event: 19.956 Thread 0x00000178bfbf2310 nmethod 4521 0x00000178ad082910 code [0x00000178ad082ae0, 0x00000178ad082e70]
Event: 20.007 Thread 0x00000178bfbf2310 4522       3       javax.management.ObjectName::construct (1135 bytes)
Event: 20.011 Thread 0x00000178bfbf2310 nmethod 4522 0x00000178ad197910 code [0x00000178ad197fc0, 0x00000178ad19b900]
Event: 20.012 Thread 0x00000178bfbf2310 4523       3       java.lang.invoke.DirectMethodHandle$Holder::invokeStatic (14 bytes)
Event: 20.012 Thread 0x00000178bfbf2310 nmethod 4523 0x00000178ad197010 code [0x00000178ad1971e0, 0x00000178ad1976e8]
Event: 20.012 Thread 0x00000178bfbf2310 4524       3       java.lang.invoke.DirectMethodHandle$Holder::invokeStatic (17 bytes)
Event: 20.012 Thread 0x00000178bfbf2310 nmethod 4524 0x00000178ad0c1290 code [0x00000178ad0c1460, 0x00000178ad0c1908]
Event: 20.012 Thread 0x00000178bfbf2310 4525       1       javax.management.ObjectName::getCanonicalName (5 bytes)
Event: 20.012 Thread 0x00000178bfbf2310 nmethod 4525 0x00000178b4b65a10 code [0x00000178b4b65ba0, 0x00000178b4b65c68]
Event: 21.008 Thread 0x00000178bfbf2310 4526       3       java.lang.management.ManagementFactory$$Lambda/0x00000178c1073380::apply (12 bytes)
Event: 21.009 Thread 0x00000178bfbf2310 nmethod 4526 0x00000178ad0c0a90 code [0x00000178ad0c0c60, 0x00000178ad0c1070]
Event: 21.009 Thread 0x00000178bfbf2310 4527       3       java.lang.management.ManagementFactory::lambda$getPlatformMXBeans$3 (13 bytes)
Event: 21.009 Thread 0x00000178bfbf2310 nmethod 4527 0x00000178ad0ed510 code [0x00000178ad0ed6e0, 0x00000178ad0ed960]
Event: 21.009 Thread 0x00000178bfbf2310 4528       3       sun.management.MemoryPoolImpl::getType (15 bytes)
Event: 21.009 Thread 0x00000178bfbf2310 nmethod 4528 0x00000178ad465d90 code [0x00000178ad465f40, 0x00000178ad4660c0]

GC Heap History (12 events):
Event: 1.615 GC heap before
{Heap before GC invocations=0 (full 0):
 garbage-first heap   total 262144K, used 26624K [0x00000000e0000000, 0x0000000100000000)
  region size 1024K, 23 young (23552K), 0 survivors (0K)
 Metaspace       used 1122K, committed 1216K, reserved 393216K
  class space    used 81K, committed 128K, reserved 327680K
}
Event: 1.621 GC heap after
{Heap after GC invocations=1 (full 0):
 garbage-first heap   total 262144K, used 10674K [0x00000000e0000000, 0x0000000100000000)
  region size 1024K, 3 young (3072K), 3 survivors (3072K)
 Metaspace       used 1122K, committed 1216K, reserved 393216K
  class space    used 81K, committed 128K, reserved 327680K
}
Event: 2.775 GC heap before
{Heap before GC invocations=1 (full 0):
 garbage-first heap   total 262144K, used 41394K [0x00000000e0000000, 0x0000000100000000)
  region size 1024K, 33 young (33792K), 3 survivors (3072K)
 Metaspace       used 4276K, committed 4480K, reserved 393216K
  class space    used 546K, committed 640K, reserved 327680K
}
Event: 2.780 GC heap after
{Heap after GC invocations=2 (full 0):
 garbage-first heap   total 262144K, used 12199K [0x00000000e0000000, 0x0000000100000000)
  region size 1024K, 2 young (2048K), 2 survivors (2048K)
 Metaspace       used 4276K, committed 4480K, reserved 393216K
  class space    used 546K, committed 640K, reserved 327680K
}
Event: 10.103 GC heap before
{Heap before GC invocations=2 (full 0):
 garbage-first heap   total 262144K, used 144295K [0x00000000e0000000, 0x0000000100000000)
  region size 1024K, 131 young (134144K), 2 survivors (2048K)
 Metaspace       used 20862K, committed 21504K, reserved 393216K
  class space    used 3079K, committed 3392K, reserved 327680K
}
Event: 10.126 GC heap after
{Heap after GC invocations=3 (full 0):
 garbage-first heap   total 262144K, used 25194K [0x00000000e0000000, 0x0000000100000000)
  region size 1024K, 14 young (14336K), 14 survivors (14336K)
 Metaspace       used 20862K, committed 21504K, reserved 393216K
  class space    used 3079K, committed 3392K, reserved 327680K
}
Event: 16.686 GC heap before
{Heap before GC invocations=4 (full 0):
 garbage-first heap   total 262144K, used 131690K [0x00000000e0000000, 0x0000000100000000)
  region size 1024K, 120 young (122880K), 14 survivors (14336K)
 Metaspace       used 34753K, committed 35968K, reserved 393216K
  class space    used 5057K, committed 5632K, reserved 327680K
}
Event: 16.715 GC heap after
{Heap after GC invocations=5 (full 0):
 garbage-first heap   total 262144K, used 33577K [0x00000000e0000000, 0x0000000100000000)
  region size 1024K, 9 young (9216K), 9 survivors (9216K)
 Metaspace       used 34753K, committed 35968K, reserved 393216K
  class space    used 5057K, committed 5632K, reserved 327680K
}
Event: 16.778 GC heap before
{Heap before GC invocations=5 (full 0):
 garbage-first heap   total 262144K, used 35625K [0x00000000e0000000, 0x0000000100000000)
  region size 1024K, 12 young (12288K), 9 survivors (9216K)
 Metaspace       used 34988K, committed 36288K, reserved 393216K
  class space    used 5102K, committed 5760K, reserved 327680K
}
Event: 16.793 GC heap after
{Heap after GC invocations=6 (full 0):
 garbage-first heap   total 262144K, used 33621K [0x00000000e0000000, 0x0000000100000000)
  region size 1024K, 8 young (8192K), 8 survivors (8192K)
 Metaspace       used 34988K, committed 36288K, reserved 393216K
  class space    used 5102K, committed 5760K, reserved 327680K
}
Event: 16.890 GC heap before
{Heap before GC invocations=6 (full 0):
 garbage-first heap   total 262144K, used 35669K [0x00000000e0000000, 0x0000000100000000)
  region size 1024K, 11 young (11264K), 8 survivors (8192K)
 Metaspace       used 35349K, committed 36608K, reserved 393216K
  class space    used 5148K, committed 5760K, reserved 327680K
}
Event: 16.899 GC heap after
{Heap after GC invocations=7 (full 0):
 garbage-first heap   total 262144K, used 33756K [0x00000000e0000000, 0x0000000100000000)
  region size 1024K, 8 young (8192K), 8 survivors (8192K)
 Metaspace       used 35349K, committed 36608K, reserved 393216K
  class space    used 5148K, committed 5760K, reserved 327680K
}

Dll operation events (20 events):
Event: 0.503 Attempting to load shared library C:\Users\jhoni\.vscode\extensions\redhat.java-1.56.0-win32-x64\jre\21.0.12.1-win32-x86_64\bin\nio.dll
Event: 0.510 Loaded shared library C:\Users\jhoni\.vscode\extensions\redhat.java-1.56.0-win32-x64\jre\21.0.12.1-win32-x86_64\bin\nio.dll
Event: 0.513 Attempting to load shared library C:\Users\jhoni\.vscode\extensions\redhat.java-1.56.0-win32-x64\jre\21.0.12.1-win32-x86_64\bin\zip.dll
Event: 0.513 Loaded shared library C:\Users\jhoni\.vscode\extensions\redhat.java-1.56.0-win32-x64\jre\21.0.12.1-win32-x86_64\bin\zip.dll
Event: 1.120 Attempting to load shared library C:\Users\jhoni\.vscode\extensions\redhat.java-1.56.0-win32-x64\jre\21.0.12.1-win32-x86_64\bin\jimage.dll
Event: 1.120 Loaded shared library C:\Users\jhoni\.vscode\extensions\redhat.java-1.56.0-win32-x64\jre\21.0.12.1-win32-x86_64\bin\jimage.dll
Event: 1.637 Attempting to load shared library C:\Users\jhoni\.vscode\extensions\redhat.java-1.56.0-win32-x64\jre\21.0.12.1-win32-x86_64\bin\verify.dll
Event: 1.642 Loaded shared library C:\Users\jhoni\.vscode\extensions\redhat.java-1.56.0-win32-x64\jre\21.0.12.1-win32-x86_64\bin\verify.dll
Event: 1.898 Attempting to load shared library C:\Users\jhoni\.gradle\native\c067742578af261105cb4f569cf0c3c89f3d7b1fecec35dd04571415982c5e48\windows-amd64\native-platform.dll
Event: 1.904 Loaded shared library C:\Users\jhoni\.gradle\native\c067742578af261105cb4f569cf0c3c89f3d7b1fecec35dd04571415982c5e48\windows-amd64\native-platform.dll
Event: 1.917 Attempting to load shared library C:\Users\jhoni\.gradle\native\100fb08df4bc3b14c8652ba06237920a3bd2aa13389f12d3474272988ae205f9\windows-amd64\native-platform-file-events.dll
Event: 1.937 Loaded shared library C:\Users\jhoni\.gradle\native\100fb08df4bc3b14c8652ba06237920a3bd2aa13389f12d3474272988ae205f9\windows-amd64\native-platform-file-events.dll
Event: 4.869 Attempting to load shared library C:\Users\jhoni\.vscode\extensions\redhat.java-1.56.0-win32-x64\jre\21.0.12.1-win32-x86_64\bin\management.dll
Event: 4.873 Loaded shared library C:\Users\jhoni\.vscode\extensions\redhat.java-1.56.0-win32-x64\jre\21.0.12.1-win32-x86_64\bin\management.dll
Event: 4.887 Attempting to load shared library C:\Users\jhoni\.vscode\extensions\redhat.java-1.56.0-win32-x64\jre\21.0.12.1-win32-x86_64\bin\management_ext.dll
Event: 4.897 Loaded shared library C:\Users\jhoni\.vscode\extensions\redhat.java-1.56.0-win32-x64\jre\21.0.12.1-win32-x86_64\bin\management_ext.dll
Event: 5.377 Attempting to load shared library C:\Users\jhoni\.vscode\extensions\redhat.java-1.56.0-win32-x64\jre\21.0.12.1-win32-x86_64\bin\extnet.dll
Event: 5.380 Loaded shared library C:\Users\jhoni\.vscode\extensions\redhat.java-1.56.0-win32-x64\jre\21.0.12.1-win32-x86_64\bin\extnet.dll
Event: 5.886 Attempting to load shared library C:\Users\jhoni\.vscode\extensions\redhat.java-1.56.0-win32-x64\jre\21.0.12.1-win32-x86_64\bin\sunmscapi.dll
Event: 5.912 Loaded shared library C:\Users\jhoni\.vscode\extensions\redhat.java-1.56.0-win32-x64\jre\21.0.12.1-win32-x86_64\bin\sunmscapi.dll

Deoptimization events (20 events):
Event: 17.835 Thread 0x00000178bfd69d50 Uncommon trap: trap_request=0xffffffc6 fr.pc=0x00000178b4c71580 relative=0x0000000000001460
Event: 17.835 Thread 0x00000178bfd69d50 Uncommon trap: reason=bimorphic_or_optimized_type_check action=maybe_recompile pc=0x00000178b4c71580 method=java.io.DataInputStream.readFully([BII)V @ 30 c2
Event: 17.836 Thread 0x00000178bfd69d50 DEOPT PACKING pc=0x00000178b4c71580 sp=0x00000017114fe4c0
Event: 17.836 Thread 0x00000178bfd69d50 DEOPT UNPACKING pc=0x00000178b4524422 sp=0x00000017114fe4b8 mode 2
Event: 17.836 Thread 0x00000178bfd69d50 Uncommon trap: trap_request=0xffffff45 fr.pc=0x00000178b4c75608 relative=0x0000000000001228
Event: 17.836 Thread 0x00000178bfd69d50 Uncommon trap: reason=unstable_if action=reinterpret pc=0x00000178b4c75608 method=java.io.BufferedInputStream.read([BII)I @ 4 c2
Event: 17.836 Thread 0x00000178bfd69d50 DEOPT PACKING pc=0x00000178b4c75608 sp=0x00000017114fe3c0
Event: 17.836 Thread 0x00000178bfd69d50 DEOPT UNPACKING pc=0x00000178b4524422 sp=0x00000017114fe3b8 mode 2
Event: 17.836 Thread 0x00000178bfd69d50 Uncommon trap: trap_request=0xffffffc6 fr.pc=0x00000178b4c71580 relative=0x0000000000001460
Event: 17.836 Thread 0x00000178bfd69d50 Uncommon trap: reason=bimorphic_or_optimized_type_check action=maybe_recompile pc=0x00000178b4c71580 method=java.io.DataInputStream.readFully([BII)V @ 30 c2
Event: 17.836 Thread 0x00000178bfd69d50 DEOPT PACKING pc=0x00000178b4c71580 sp=0x00000017114fe4b0
Event: 17.836 Thread 0x00000178bfd69d50 DEOPT UNPACKING pc=0x00000178b4524422 sp=0x00000017114fe4c8 mode 2
Event: 17.836 Thread 0x00000178bfd69d50 Uncommon trap: trap_request=0xffffffc6 fr.pc=0x00000178b4c71580 relative=0x0000000000001460
Event: 17.836 Thread 0x00000178bfd69d50 Uncommon trap: reason=bimorphic_or_optimized_type_check action=maybe_recompile pc=0x00000178b4c71580 method=java.io.DataInputStream.readFully([BII)V @ 30 c2
Event: 17.836 Thread 0x00000178bfd69d50 DEOPT PACKING pc=0x00000178b4c71580 sp=0x00000017114fe430
Event: 17.836 Thread 0x00000178bfd69d50 DEOPT UNPACKING pc=0x00000178b4524422 sp=0x00000017114fe428 mode 2
Event: 17.836 Thread 0x00000178bfd69d50 Uncommon trap: trap_request=0xffffffc6 fr.pc=0x00000178b4c71580 relative=0x0000000000001460
Event: 17.836 Thread 0x00000178bfd69d50 Uncommon trap: reason=bimorphic_or_optimized_type_check action=maybe_recompile pc=0x00000178b4c71580 method=java.io.DataInputStream.readFully([BII)V @ 30 c2
Event: 17.836 Thread 0x00000178bfd69d50 DEOPT PACKING pc=0x00000178b4c71580 sp=0x00000017114fe440
Event: 17.836 Thread 0x00000178bfd69d50 DEOPT UNPACKING pc=0x00000178b4524422 sp=0x00000017114fe438 mode 2

Classes loaded (20 events):
Event: 17.648 Loading class javax/net/ssl/TrustManager
Event: 17.649 Loading class javax/net/ssl/TrustManager done
Event: 17.649 Loading class javax/net/ssl/X509TrustManager
Event: 17.649 Loading class javax/net/ssl/X509TrustManager done
Event: 17.653 Loading class javax/net/ssl/SSLException
Event: 17.653 Loading class javax/net/ssl/SSLException done
Event: 17.653 Loading class javax/net/ssl/SSLPeerUnverifiedException
Event: 17.653 Loading class javax/net/ssl/SSLPeerUnverifiedException done
Event: 17.653 Loading class javax/naming/NamingException
Event: 17.655 Loading class javax/naming/NamingException done
Event: 17.655 Loading class javax/naming/InvalidNameException
Event: 17.655 Loading class javax/naming/InvalidNameException done
Event: 17.655 Loading class java/security/cert/CertificateParsingException
Event: 17.656 Loading class java/security/cert/CertificateException
Event: 17.657 Loading class java/security/cert/CertificateException done
Event: 17.657 Loading class java/security/cert/CertificateParsingException done
Event: 17.852 Loading class java/nio/charset/CharacterCodingException
Event: 17.852 Loading class java/nio/charset/CharacterCodingException done
Event: 19.917 Loading class java/util/stream/Streams$RangeIntSpliterator
Event: 19.919 Loading class java/util/stream/Streams$RangeIntSpliterator done

Classes unloaded (0 events):
No events

Classes redefined (0 events):
No events

Internal exceptions (20 events):
Event: 15.559 Thread 0x00000178bfd6c4b0 Exception <a 'java/lang/ClassNotFoundException'{0x00000000e989ff40}: groovy/lang/GroovyObjectSupportCustomizer> (0x00000000e989ff40) 
thrown [s\src\hotspot\share\classfile\systemDictionary.cpp, line 313]
Event: 15.563 Thread 0x00000178bfd6c4b0 Exception <a 'java/lang/ClassNotFoundException'{0x00000000e98b9c40}: org/gradle/internal/extensibility/DefaultExtraPropertiesExtensionCustomizer> (0x00000000e98b9c40) 
thrown [s\src\hotspot\share\classfile\systemDictionary.cpp, line 313]
Event: 15.571 Thread 0x00000178bfd6c4b0 Exception <a 'java/lang/IncompatibleClassChangeError'{0x00000000e98d49f8}: Found class java.lang.Object, but interface was expected> (0x00000000e98d49f8) 
thrown [s\src\hotspot\share\interpreter\linkResolver.cpp, line 840]
Event: 15.617 Thread 0x00000178bfd6c4b0 Exception <a 'sun/nio/fs/WindowsException'{0x00000000e97a3280}> (0x00000000e97a3280) 
thrown [s\src\hotspot\share\prims\jni.cpp, line 520]
Event: 15.619 Thread 0x00000178bfd6c4b0 Exception <a 'sun/nio/fs/WindowsException'{0x00000000e97a47a8}> (0x00000000e97a47a8) 
thrown [s\src\hotspot\share\prims\jni.cpp, line 520]
Event: 15.620 Thread 0x00000178bfd6c4b0 Exception <a 'sun/nio/fs/WindowsException'{0x00000000e97a5c78}> (0x00000000e97a5c78) 
thrown [s\src\hotspot\share\prims\jni.cpp, line 520]
Event: 15.621 Thread 0x00000178bfd6c4b0 Exception <a 'sun/nio/fs/WindowsException'{0x00000000e97a6d70}> (0x00000000e97a6d70) 
thrown [s\src\hotspot\share\prims\jni.cpp, line 520]
Event: 16.656 Thread 0x00000178bfd6c4b0 Exception <a 'java/lang/IncompatibleClassChangeError'{0x00000000e9646e10}: Found class java.lang.Object, but interface was expected> (0x00000000e9646e10) 
thrown [s\src\hotspot\share\interpreter\linkResolver.cpp, line 840]
Event: 16.726 Thread 0x00000178bfd6c4b0 Implicit null exception at 0x00000178b4c67b7c to 0x00000178b4c67c34
Event: 17.213 Thread 0x00000178bfd6c4b0 Exception <a 'java/lang/NoSuchMethodError'{0x00000000eec27e08}: 'long java.lang.invoke.DirectMethodHandle$Holder.invokeStatic(java.lang.Object, long)'> (0x00000000eec27e08) 
thrown [s\src\hotspot\share\interpreter\linkResolver.cpp, line 773]
Event: 17.611 Thread 0x00000178bfd6c4b0 Exception <a 'java/lang/NoSuchMethodError'{0x00000000ee0530f8}: 'java.lang.Object java.lang.invoke.DirectMethodHandle$Holder.invokeVirtual(java.lang.Object, java.lang.Object, java.lang.Object, java.lang.Object, java.lang.Object, java.lang.Object, java.lang.Object, java.lang.Object, java.lang.Object, java.lang.Object, java.lang.Object, java.lang.Object, java.lang.Object, java.lang.Object, java.lang.Object, java.lang.Object, java.lang.Object)'> (0x00000000ee0530f8) 
thrown [s\src\hotspot\share\interpreter\li
Event: 17.612 Thread 0x00000178bfd6c4b0 Exception <a 'java/lang/NoSuchMethodError'{0x00000000ee059100}: 'java.lang.Object java.lang.invoke.DirectMethodHandle$Holder.invokeSpecial(java.lang.Object, java.lang.Object, java.lang.Object, java.lang.Object, java.lang.Object, java.lang.Object, java.lang.Object, java.lang.Object, java.lang.Object, java.lang.Object, java.lang.Object, java.lang.Object, java.lang.Object, java.lang.Object, java.lang.Object, java.lang.Object, java.lang.Object, java.lang.Object)'> (0x00000000ee059100) 
thrown [s\src\hotspot\sh
Event: 17.613 Thread 0x00000178bfd6c4b0 Exception <a 'java/lang/NoSuchMethodError'{0x00000000ee05e658}: 'java.lang.Object java.lang.invoke.DelegatingMethodHandle$Holder.reinvoke_L(java.lang.Object, java.lang.Object, java.lang.Object, java.lang.Object, java.lang.Object, java.lang.Object, java.lang.Object, java.lang.Object, java.lang.Object, java.lang.Object, java.lang.Object, java.lang.Object, java.lang.Object, java.lang.Object, java.lang.Object, java.lang.Object, java.lang.Object)'> (0x00000000ee05e658) 
thrown [s\src\hotspot\share\interpreter\l
Event: 17.705 Thread 0x00000178bfd6c4b0 Exception <a 'java/lang/NoSuchMethodError'{0x00000000edeba180}: 'void java.lang.invoke.DirectMethodHandle$Holder.invokeStatic(java.lang.Object, java.lang.Object, java.lang.Object, java.lang.Object, java.lang.Object, java.lang.Object)'> (0x00000000edeba180) 
thrown [s\src\hotspot\share\interpreter\linkResolver.cpp, line 773]
Event: 17.739 Thread 0x00000178bfd6c4b0 Exception <a 'java/lang/IncompatibleClassChangeError'{0x00000000edd6b368}: Found class java.lang.Object, but interface was expected> (0x00000000edd6b368) 
thrown [s\src\hotspot\share\interpreter\linkResolver.cpp, line 840]
Event: 17.801 Thread 0x00000178bfd6c4b0 Exception <a 'java/lang/NoSuchMethodError'{0x00000000edc9cb80}: 'java.lang.Object java.lang.invoke.DirectMethodHandle$Holder.newInvokeSpecial(java.lang.Object, java.lang.Object, long)'> (0x00000000edc9cb80) 
thrown [s\src\hotspot\share\interpreter\linkResolver.cpp, line 773]
Event: 17.802 Thread 0x00000178bfd6c4b0 Exception <a 'java/lang/NoSuchMethodError'{0x00000000edca1168}: 'java.lang.Object java.lang.invoke.Invokers$Holder.linkToTargetMethod(java.lang.Object, long, java.lang.Object)'> (0x00000000edca1168) 
thrown [s\src\hotspot\share\interpreter\linkResolver.cpp, line 773]
Event: 17.836 Thread 0x00000178bfd69d50 Implicit null exception at 0x00000178b4c74434 to 0x00000178b4c755f8
Event: 17.881 Thread 0x00000178bfd6c4b0 Exception <a 'java/lang/NoSuchMethodError'{0x00000000eda714e8}: 'int java.lang.invoke.DirectMethodHandle$Holder.invokeInterface(java.lang.Object, java.lang.Object)'> (0x00000000eda714e8) 
thrown [s\src\hotspot\share\interpreter\linkResolver.cpp, line 773]
Event: 19.913 Thread 0x00000178bfd6c4b0 Exception <a 'java/lang/NoSuchMethodError'{0x00000000ed915990}: 'java.lang.Object java.lang.invoke.DirectMethodHandle$Holder.invokeVirtual(java.lang.Object, java.lang.Object, int)'> (0x00000000ed915990) 
thrown [s\src\hotspot\share\interpreter\linkResolver.cpp, line 773]

ZGC Phase Switch (0 events):
No events

VM Operations (20 events):
Event: 16.778 Executing safepoint VM operation: CollectForMetadataAllocation (Metadata GC Threshold)
Event: 16.793 Executing safepoint VM operation: CollectForMetadataAllocation (Metadata GC Threshold) done
Event: 16.890 Executing safepoint VM operation: CollectForMetadataAllocation (Metadata GC Threshold)
Event: 16.899 Executing safepoint VM operation: CollectForMetadataAllocation (Metadata GC Threshold) done
Event: 16.917 Executing safepoint VM operation: G1PauseRemark
Event: 16.922 Executing safepoint VM operation: G1PauseRemark done
Event: 16.932 Executing safepoint VM operation: G1PauseCleanup
Event: 16.933 Executing safepoint VM operation: G1PauseCleanup done
Event: 16.975 Executing non-safepoint VM operation: HandshakeAllThreads (Deoptimize)
Event: 16.975 Executing non-safepoint VM operation: HandshakeAllThreads (Deoptimize) done
Event: 17.242 Executing non-safepoint VM operation: HandshakeAllThreads (Deoptimize)
Event: 17.242 Executing non-safepoint VM operation: HandshakeAllThreads (Deoptimize) done
Event: 17.745 Executing non-safepoint VM operation: HandshakeAllThreads (Deoptimize)
Event: 17.745 Executing non-safepoint VM operation: HandshakeAllThreads (Deoptimize) done
Event: 17.833 Executing non-safepoint VM operation: HandshakeAllThreads (Deoptimize)
Event: 17.833 Executing non-safepoint VM operation: HandshakeAllThreads (Deoptimize) done
Event: 18.834 Executing safepoint VM operation: Cleanup
Event: 18.834 Executing safepoint VM operation: Cleanup done
Event: 20.853 Executing safepoint VM operation: Cleanup
Event: 20.853 Executing safepoint VM operation: Cleanup done

Memory protections (0 events):
No events

Nmethod flushes (20 events):
Event: 16.921 Thread 0x00000178bfb9e690 flushing  nmethod 0x00000178ad04d490
Event: 16.921 Thread 0x00000178bfb9e690 flushing  nmethod 0x00000178ad04d910
Event: 16.921 Thread 0x00000178bfb9e690 flushing  nmethod 0x00000178ad04e090
Event: 16.921 Thread 0x00000178bfb9e690 flushing  nmethod 0x00000178ad04f010
Event: 16.921 Thread 0x00000178bfb9e690 flushing  nmethod 0x00000178ad051990
Event: 16.921 Thread 0x00000178bfb9e690 flushing  nmethod 0x00000178ad08bd10
Event: 16.921 Thread 0x00000178bfb9e690 flushing  nmethod 0x00000178ad08ca10
Event: 16.921 Thread 0x00000178bfb9e690 flushing  nmethod 0x00000178ad08d410
Event: 16.921 Thread 0x00000178bfb9e690 flushing  nmethod 0x00000178ad08ef10
Event: 16.921 Thread 0x00000178bfb9e690 flushing  nmethod 0x00000178ad090090
Event: 16.921 Thread 0x00000178bfb9e690 flushing  nmethod 0x00000178ad099910
Event: 16.921 Thread 0x00000178bfb9e690 flushing  nmethod 0x00000178ad09bb10
Event: 16.921 Thread 0x00000178bfb9e690 flushing  nmethod 0x00000178ad09c310
Event: 16.921 Thread 0x00000178bfb9e690 flushing  nmethod 0x00000178ad09cb10
Event: 16.921 Thread 0x00000178bfb9e690 flushing  nmethod 0x00000178ad358290
Event: 16.921 Thread 0x00000178bfb9e690 flushing  nmethod 0x00000178ad359d90
Event: 16.921 Thread 0x00000178bfb9e690 flushing  nmethod 0x00000178ad38ef10
Event: 16.921 Thread 0x00000178bfb9e690 flushing  nmethod 0x00000178ad38fa90
Event: 16.921 Thread 0x00000178bfb9e690 flushing  nmethod 0x00000178ad460b90
Event: 16.921 Thread 0x00000178bfb9e690 flushing  nmethod 0x00000178ad465d90

Events (20 events):
Event: 5.696 Thread 0x00000178a9db1dc0 Thread added: 0x00000178da92d420
Event: 5.976 Thread 0x00000178da7b2f30 Thread added: 0x00000178da868ce0
Event: 5.982 Thread 0x00000178da868ce0 Thread added: 0x00000178bfd96210
Event: 6.061 Thread 0x00000178da868ce0 Thread added: 0x00000178bfcf5df0
Event: 6.134 Thread 0x00000178da868ce0 Thread added: 0x00000178bfd6c4b0
Event: 6.187 Thread 0x00000178bfd6c4b0 Thread added: 0x00000178bfd6a3e0
Event: 6.200 Thread 0x00000178bfd6c4b0 Thread added: 0x00000178bfd6aa70
Event: 6.206 Thread 0x00000178bfd6c4b0 Thread added: 0x00000178bfd696c0
Event: 7.475 Thread 0x00000178bfd6c4b0 Thread added: 0x00000178bfd69d50
Event: 7.524 Thread 0x00000178bfd6c4b0 Thread added: 0x00000178bfd6b100
Event: 7.600 Thread 0x00000178bfd6c4b0 Thread added: 0x00000178bfd6cb40
Event: 8.850 Thread 0x00000178bfd6b100 Thread added: 0x00000178bfd6be20
Event: 9.900 Thread 0x00000178bfd6c4b0 Thread added: 0x00000178dcb78cc0
Event: 10.004 Thread 0x00000178bfd6c4b0 Thread added: 0x00000178dcb7a070
Event: 11.032 Thread 0x00000178bfd6c4b0 Thread added: 0x00000178dcb7c140
Event: 11.099 Thread 0x00000178bfd6c4b0 Thread added: 0x00000178dcb799e0
Event: 11.905 Thread 0x00000178bfd6c4b0 Thread added: 0x00000178dcb7bab0
Event: 12.076 Thread 0x00000178bfd6c4b0 Thread added: 0x00000178dcb79350
Event: 12.497 Thread 0x00000178bfd6c4b0 Thread added: 0x00000178dcb7a700
Event: 13.136 Thread 0x00000178bfd6c4b0 Thread added: 0x00000178dcb7ad90


Dynamic libraries:
0x00007ff64f190000 - 0x00007ff64f19e000 	C:\Users\jhoni\.vscode\extensions\redhat.java-1.56.0-win32-x64\jre\21.0.12.1-win32-x86_64\bin\java.exe
0x00007ffd1bc40000 - 0x00007ffd1bea6000 	C:\WINDOWS\SYSTEM32\ntdll.dll
0x00007ffd1a480000 - 0x00007ffd1a549000 	C:\WINDOWS\System32\KERNEL32.DLL
0x00007ffd190a0000 - 0x00007ffd194a0000 	C:\WINDOWS\System32\KERNELBASE.dll
0x00007ffd15690000 - 0x00007ffd15730000 	C:\WINDOWS\SYSTEM32\apphelp.dll
0x00007ffd19850000 - 0x00007ffd1999c000 	C:\WINDOWS\System32\ucrtbase.dll
0x00007ffcc6b60000 - 0x00007ffcc6b7e000 	C:\Users\jhoni\.vscode\extensions\redhat.java-1.56.0-win32-x64\jre\21.0.12.1-win32-x86_64\bin\VCRUNTIME140.dll
0x00007ffcc6750000 - 0x00007ffcc6768000 	C:\Users\jhoni\.vscode\extensions\redhat.java-1.56.0-win32-x64\jre\21.0.12.1-win32-x86_64\bin\jli.dll
0x00007ffd1a1b0000 - 0x00007ffd1a377000 	C:\WINDOWS\System32\USER32.dll
0x00007ffd196f0000 - 0x00007ffd19717000 	C:\WINDOWS\System32\win32u.dll
0x00007ffd1bbd0000 - 0x00007ffd1bbfb000 	C:\WINDOWS\System32\GDI32.dll
0x00007ffd19720000 - 0x00007ffd1984a000 	C:\WINDOWS\System32\gdi32full.dll
0x00007ffd18eb0000 - 0x00007ffd18f53000 	C:\WINDOWS\System32\msvcp_win.dll
0x00007ffcf7030000 - 0x00007ffcf72c2000 	C:\WINDOWS\WinSxS\amd64_microsoft.windows.common-controls_6595b64144ccf1df_6.0.26100.8544_none_3e0a7398e3328344\COMCTL32.dll
0x00007ffd19a20000 - 0x00007ffd19ac9000 	C:\WINDOWS\System32\msvcrt.dll
0x00007ffd1b320000 - 0x00007ffd1b352000 	C:\WINDOWS\System32\IMM32.DLL
0x00007ffcd2350000 - 0x00007ffcd235c000 	C:\Users\jhoni\.vscode\extensions\redhat.java-1.56.0-win32-x64\jre\21.0.12.1-win32-x86_64\bin\vcruntime140_1.dll
0x00007ffc881b0000 - 0x00007ffc8823d000 	C:\Users\jhoni\.vscode\extensions\redhat.java-1.56.0-win32-x64\jre\21.0.12.1-win32-x86_64\bin\msvcp140.dll
0x00007ffc39ff0000 - 0x00007ffc3ad92000 	C:\Users\jhoni\.vscode\extensions\redhat.java-1.56.0-win32-x64\jre\21.0.12.1-win32-x86_64\bin\server\jvm.dll
0x00007ffd1ab40000 - 0x00007ffd1abf7000 	C:\WINDOWS\System32\ADVAPI32.dll
0x00007ffd1ace0000 - 0x00007ffd1ad8a000 	C:\WINDOWS\System32\sechost.dll
0x00007ffd19f50000 - 0x00007ffd1a068000 	C:\WINDOWS\System32\RPCRT4.dll
0x00007ffd19eb0000 - 0x00007ffd19f31000 	C:\WINDOWS\System32\WS2_32.dll
0x00007ffd031f0000 - 0x00007ffd031fb000 	C:\WINDOWS\SYSTEM32\VERSION.dll
0x00007ffd16500000 - 0x00007ffd16536000 	C:\WINDOWS\SYSTEM32\WINMM.dll
0x00007ffd18d10000 - 0x00007ffd18d6e000 	C:\WINDOWS\SYSTEM32\POWRPROF.dll
0x00007ffd18cf0000 - 0x00007ffd18d04000 	C:\WINDOWS\SYSTEM32\UMPDC.dll
0x00007ffd17bf0000 - 0x00007ffd17c0b000 	C:\WINDOWS\SYSTEM32\kernel.appcore.dll
0x00007ffcd2290000 - 0x00007ffcd229a000 	C:\Users\jhoni\.vscode\extensions\redhat.java-1.56.0-win32-x64\jre\21.0.12.1-win32-x86_64\bin\jimage.dll
0x00007ffd16210000 - 0x00007ffd16452000 	C:\WINDOWS\SYSTEM32\DBGHELP.DLL
0x00007ffd1af90000 - 0x00007ffd1b313000 	C:\WINDOWS\System32\combase.dll
0x00007ffd1ac00000 - 0x00007ffd1acd9000 	C:\WINDOWS\System32\OLEAUT32.dll
0x00007ffd164c0000 - 0x00007ffd164fb000 	C:\WINDOWS\SYSTEM32\dbgcore.DLL
0x00007ffd18f60000 - 0x00007ffd1900c000 	C:\WINDOWS\System32\bcryptPrimitives.dll
0x00007ffccf930000 - 0x00007ffccf93f000 	C:\Users\jhoni\.vscode\extensions\redhat.java-1.56.0-win32-x64\jre\21.0.12.1-win32-x86_64\bin\instrument.dll
0x00007ffcc6580000 - 0x00007ffcc65a0000 	C:\Users\jhoni\.vscode\extensions\redhat.java-1.56.0-win32-x64\jre\21.0.12.1-win32-x86_64\bin\java.dll
0x00007ffd1b360000 - 0x00007ffd1baf2000 	C:\WINDOWS\System32\SHELL32.dll
0x00007ffd169d0000 - 0x00007ffd17256000 	C:\WINDOWS\SYSTEM32\windows.storage.dll
0x00007ffd1a380000 - 0x00007ffd1a47a000 	C:\WINDOWS\System32\SHCORE.dll
0x00007ffd1a110000 - 0x00007ffd1a177000 	C:\WINDOWS\System32\shlwapi.dll
0x00007ffd18dd0000 - 0x00007ffd18df9000 	C:\WINDOWS\SYSTEM32\profapi.dll
0x00007ffcc6560000 - 0x00007ffcc6578000 	C:\Users\jhoni\.vscode\extensions\redhat.java-1.56.0-win32-x64\jre\21.0.12.1-win32-x86_64\bin\zip.dll
0x00007ffcc6b50000 - 0x00007ffcc6b60000 	C:\Users\jhoni\.vscode\extensions\redhat.java-1.56.0-win32-x64\jre\21.0.12.1-win32-x86_64\bin\net.dll
0x00007ffd06630000 - 0x00007ffd06759000 	C:\WINDOWS\SYSTEM32\WINHTTP.dll
0x00007ffd18170000 - 0x00007ffd181dc000 	C:\WINDOWS\system32\mswsock.dll
0x00007ffcc2a20000 - 0x00007ffcc2a36000 	C:\Users\jhoni\.vscode\extensions\redhat.java-1.56.0-win32-x64\jre\21.0.12.1-win32-x86_64\bin\nio.dll
0x00007ffcc6550000 - 0x00007ffcc6560000 	C:\Users\jhoni\.vscode\extensions\redhat.java-1.56.0-win32-x64\jre\21.0.12.1-win32-x86_64\bin\verify.dll
0x00007ffcd22a0000 - 0x00007ffcd22c7000 	C:\Users\jhoni\.gradle\native\c067742578af261105cb4f569cf0c3c89f3d7b1fecec35dd04571415982c5e48\windows-amd64\native-platform.dll
0x00007ffcb5490000 - 0x00007ffcb55d4000 	C:\Users\jhoni\.gradle\native\100fb08df4bc3b14c8652ba06237920a3bd2aa13389f12d3474272988ae205f9\windows-amd64\native-platform-file-events.dll
0x00007ffcc1300000 - 0x00007ffcc130a000 	C:\Users\jhoni\.vscode\extensions\redhat.java-1.56.0-win32-x64\jre\21.0.12.1-win32-x86_64\bin\management.dll
0x00007ffcbcd00000 - 0x00007ffcbcd0c000 	C:\Users\jhoni\.vscode\extensions\redhat.java-1.56.0-win32-x64\jre\21.0.12.1-win32-x86_64\bin\management_ext.dll
0x00007ffd1a070000 - 0x00007ffd1a078000 	C:\WINDOWS\System32\PSAPI.DLL
0x00007ffd18460000 - 0x00007ffd1847b000 	C:\WINDOWS\SYSTEM32\CRYPTSP.dll
0x00007ffd17b50000 - 0x00007ffd17b89000 	C:\WINDOWS\system32\rsaenh.dll
0x00007ffd18220000 - 0x00007ffd18253000 	C:\WINDOWS\SYSTEM32\USERENV.dll
0x00007ffd18da0000 - 0x00007ffd18dca000 	C:\WINDOWS\SYSTEM32\bcrypt.dll
0x00007ffd18480000 - 0x00007ffd1848c000 	C:\WINDOWS\SYSTEM32\CRYPTBASE.dll
0x00007ffd17590000 - 0x00007ffd175c3000 	C:\WINDOWS\SYSTEM32\IPHLPAPI.DLL
0x00007ffd19ad0000 - 0x00007ffd19ada000 	C:\WINDOWS\System32\NSI.dll
0x00007ffd087d0000 - 0x00007ffd087d9000 	C:\Users\jhoni\.vscode\extensions\redhat.java-1.56.0-win32-x64\jre\21.0.12.1-win32-x86_64\bin\extnet.dll
0x00007ffcd3690000 - 0x00007ffcd369e000 	C:\Users\jhoni\.vscode\extensions\redhat.java-1.56.0-win32-x64\jre\21.0.12.1-win32-x86_64\bin\sunmscapi.dll
0x00007ffd19570000 - 0x00007ffd196e8000 	C:\WINDOWS\System32\CRYPT32.dll
0x00007ffd18680000 - 0x00007ffd186b0000 	C:\WINDOWS\SYSTEM32\ncrypt.dll
0x00007ffd18630000 - 0x00007ffd1866f000 	C:\WINDOWS\SYSTEM32\NTASN1.dll
0x00007ffce8ea0000 - 0x00007ffce8ea8000 	C:\WINDOWS\system32\wshunix.dll

JVMTI agents:
C:\Users\jhoni\.gradle\wrapper\dists\gradle-8.9-bin\90cnw93cvbtalezasaz0blq0a\gradle-8.9\lib\agents\gradle-instrumentation-agent-8.9.jar path:C:\Users\jhoni\.vscode\extensions\redhat.java-1.56.0-win32-x64\jre\21.0.12.1-win32-x86_64\bin\instrument.dll, loaded, initialized, instrumentlib options:none

dbghelp: loaded successfully - version: 4.0.5 - missing functions: none
symbol engine: initialized successfully - sym options: 0x614 - pdb path: .;C:\Users\jhoni\.vscode\extensions\redhat.java-1.56.0-win32-x64\jre\21.0.12.1-win32-x86_64\bin;C:\WINDOWS\SYSTEM32;C:\WINDOWS\WinSxS\amd64_microsoft.windows.common-controls_6595b64144ccf1df_6.0.26100.8544_none_3e0a7398e3328344;C:\Users\jhoni\.vscode\extensions\redhat.java-1.56.0-win32-x64\jre\21.0.12.1-win32-x86_64\bin\server;C:\Users\jhoni\.gradle\native\c067742578af261105cb4f569cf0c3c89f3d7b1fecec35dd04571415982c5e48\windows-amd64;C:\Users\jhoni\.gradle\native\100fb08df4bc3b14c8652ba06237920a3bd2aa13389f12d3474272988ae205f9\windows-amd64

VM Arguments:
jvm_args: --add-opens=java.base/java.util=ALL-UNNAMED --add-opens=java.base/java.lang=ALL-UNNAMED --add-opens=java.base/java.lang.invoke=ALL-UNNAMED --add-opens=java.prefs/java.util.prefs=ALL-UNNAMED --add-exports=jdk.compiler/com.sun.tools.javac.api=ALL-UNNAMED --add-exports=jdk.compiler/com.sun.tools.javac.util=ALL-UNNAMED --add-opens=java.base/java.nio.charset=ALL-UNNAMED --add-opens=java.base/java.net=ALL-UNNAMED --add-opens=java.base/java.util.concurrent.atomic=ALL-UNNAMED -XX:MaxMetaspaceSize=384m -XX:+HeapDumpOnOutOfMemoryError -Xms256m -Xmx512m -Dfile.encoding=utf8 -Duser.country=US -Duser.language=en -Duser.variant -javaagent:C:\Users\jhoni\.gradle\wrapper\dists\gradle-8.9-bin\90cnw93cvbtalezasaz0blq0a\gradle-8.9\lib\agents\gradle-instrumentation-agent-8.9.jar 
java_command: org.gradle.launcher.daemon.bootstrap.GradleDaemon 8.9
java_class_path (initial): C:\Users\jhoni\.gradle\wrapper\dists\gradle-8.9-bin\90cnw93cvbtalezasaz0blq0a\gradle-8.9\lib\gradle-daemon-main-8.9.jar
Launcher Type: SUN_STANDARD

[Global flags]
     intx CICompilerCount                          = 4                                         {product} {ergonomic}
   size_t CompressedClassSpaceSize                 = 335544320                                 {product} {ergonomic}
     uint ConcGCThreads                            = 3                                         {product} {ergonomic}
     uint G1ConcRefinementThreads                  = 10                                        {product} {ergonomic}
   size_t G1HeapRegionSize                         = 1048576                                   {product} {ergonomic}
    uintx GCDrainStackTargetSize                   = 64                                        {product} {ergonomic}
     bool HeapDumpOnOutOfMemoryError               = true                                   {manageable} {command line}
   size_t InitialHeapSize                          = 268435456                                 {product} {command line}
   size_t MarkStackSize                            = 4194304                                   {product} {ergonomic}
   size_t MaxHeapSize                              = 536870912                                 {product} {command line}
   size_t MaxMetaspaceSize                         = 402653184                                 {product} {command line}
   size_t MaxNewSize                               = 321912832                                 {product} {ergonomic}
   size_t MinHeapDeltaBytes                        = 1048576                                   {product} {ergonomic}
   size_t MinHeapSize                              = 268435456                                 {product} {command line}
    uintx NonNMethodCodeHeapSize                   = 5839372                                {pd product} {ergonomic}
    uintx NonProfiledCodeHeapSize                  = 122909434                              {pd product} {ergonomic}
    uintx ProfiledCodeHeapSize                     = 122909434                              {pd product} {ergonomic}
    uintx ReservedCodeCacheSize                    = 251658240                              {pd product} {ergonomic}
     bool SegmentedCodeCache                       = true                                      {product} {ergonomic}
   size_t SoftMaxHeapSize                          = 536870912                              {manageable} {ergonomic}
     bool UseCompressedOops                        = true                           {product lp64_product} {ergonomic}
     bool UseG1GC                                  = true                                      {product} {ergonomic}
     bool UseLargePagesIndividualAllocation        = false                                  {pd product} {ergonomic}

Logging:
Log output configuration:
 #0: stdout all=warning uptime,level,tags foldmultilines=false
 #1: stderr all=off uptime,level,tags foldmultilines=false

Release file:
JAVA_VERSION="21.0.12.1" 
MODULES="java.base java.compiler java.datatransfer java.xml java.prefs java.desktop java.instrument java.logging java.management java.security.sasl java.naming java.rmi java.management.rmi java.net.http java.scripting java.security.jgss java.transaction.xa java.sql java.sql.rowset java.xml.crypto java.se java.smartcardio jdk.accessibility jdk.internal.jvmstat jdk.attach jdk.charsets jdk.internal.opt jdk.zipfs jdk.compiler jdk.crypto.ec jdk.crypto.cryptoki jdk.crypto.mscapi jdk.dynalink jdk.internal.ed jdk.editpad jdk.hotspot.agent jdk.httpserver jdk.internal.le jdk.internal.vm.ci jdk.internal.vm.compiler jdk.internal.vm.compiler.management jdk.jartool jdk.javadoc jdk.jcmd jdk.management jdk.management.agent jdk.jconsole jdk.jdeps jdk.jdwp.agent jdk.jdi jdk.jfr jdk.jshell jdk.jsobject jdk.jstatd jdk.localedata jdk.management.jfr jdk.naming.dns jdk.naming.rmi jdk.net jdk.nio.mapmode jdk.random jdk.sctp jdk.security.auth jdk.security.jgss jdk.unsupported jdk.unsupported.desktop jdk.xml.dom" 

Environment Variables:
JAVA_HOME=C:\Program Files\Eclipse Adoptium\jdk-25.0.1.8-hotspot\
PATH=C:\Program Files\Eclipse Adoptium\jdk-25.0.1.8-hotspot\bin;C:\Program Files\Common Files\Oracle\Java\javapath;C:\Program Files (x86)\Common Files\Oracle\Java\java8path;C:\Program Files (x86)\Common Files\Oracle\Java\javapath;C:\WINDOWS\system32;C:\WINDOWS;C:\WINDOWS\System32\Wbem;C:\WINDOWS\System32\WindowsPowerShell\v1.0\;C:\WINDOWS\System32\OpenSSH\;C:\Program Files\dotnet\;C:\Program Files\nodejs\;C:\Program Files\Microsoft SQL Server\150\Tools\Binn\;C:\Program Files\Microsoft SQL Server\Client SDK\ODBC\170\Tools\Binn\;C:\Program Files\gs\gs10.06.0\bin;C:\Program Files\Git\cmd;C:\Program Files (x86)\Microsoft SQL Server\170\Tools\Binn\;C:\Program Files\Microsoft SQL Server\170\Tools\Binn\;C:\Program Files\Microsoft SQL Server\Client SDK\ODBC\180\Tools\Binn\;C:\Program Files\Microsoft SQL Server\170\DTS\Binn\;C:\Program Files\GitHub CLI\;C:\Users\jhoni\AppData\Local\agy\bin;C:\Program Files\MySQL\MySQL Shell 8.0\bin\;C:\Users\jhoni\AppData\Local\Microsoft\WindowsApps;C:\Users\jhoni\AppData\Roaming\npm;C:\Users\jhoni\AppData\Local\Programs\Microsoft VS Code\bin;C:\Users\jhoni\AppData\Local\GitHubDesktop\bin;C:\Users\jhoni\AppData\Local\Python\bin;C:\Users\jhoni\.dotnet\tools
USERNAME=jhoni
OS=Windows_NT
PROCESSOR_IDENTIFIER=Intel64 Family 6 Model 186 Stepping 3, GenuineIntel
TMP=C:\Users\jhoni\AppData\Local\Temp
TEMP=C:\Users\jhoni\AppData\Local\Temp




Periodic native trim disabled

---------------  S Y S T E M  ---------------

OS:
 Windows 11 , 64 bit Build 26100 (10.0.26100.8575)
OS uptime: 0 days 8:09 hours
Hyper-V role detected

CPU: total 12 (initial active 12) (6 cores per cpu, 2 threads per core) family 6 model 186 stepping 3 microcode 0x6134, cx8, cmov, fxsr, ht, mmx, 3dnowpref, sse, sse2, sse3, ssse3, sse4.1, sse4.2, popcnt, lzcnt, tsc, tscinvbit, avx, avx2, aes, erms, clmul, bmi1, bmi2, adx, sha, fma, vzeroupper, clflush, clflushopt, clwb, hv, serialize, rdtscp, rdpid, fsrm, f16c, cet_ibt, cet_ss
Processor Information for the first 12 processors :
  Max Mhz: 1300, Current Mhz: 1300, Mhz Limit: 1300

Memory: 4k page, system-wide physical 7876M (804M free)
TotalPageFile size 32452M (AvailPageFile size 0M)
current process WorkingSet (physical memory assigned to process): 254M, peak: 280M
current process commit charge ("private bytes"): 447M, peak: 449M

vm_info: OpenJDK 64-Bit Server VM (21.0.12.1+1-LTS) for windows-amd64 JRE (21.0.12.1+1-LTS), built on 2026-08-18T00:00:00Z by "admin" with MS VC++ 17.12 (VS2022)

END.
