#
# There is insufficient memory for the Java Runtime Environment to continue.
# Native memory allocation (malloc) failed to allocate 32752 bytes. Error detail: Chunk::new
# Possible reasons:
#   The system is out of physical RAM or swap space
#   This process is running with CompressedOops enabled, and the Java Heap may be blocking the growth of the native heap
# Possible solutions:
#   Reduce memory load on the system
#   Increase physical memory or swap space
#   Check if swap backing store is full
#   Decrease Java heap size (-Xmx/-Xms)
#   Decrease number of Java threads
#   Decrease Java thread stack sizes (-Xss)
#   Set larger code cache with -XX:ReservedCodeCacheSize=
#   JVM is running with Unscaled Compressed Oops mode in which the Java heap is
#     placed in the first 4GB address space. The Java Heap base address is the
#     maximum limit for the native heap growth. Please use -XX:HeapBaseMinAddress
#     to set the Java Heap base and to place the Java Heap above 4GB virtual address.
# This output file may be truncated or incomplete.
#
#  Out of Memory Error (arena.cpp:186), pid=21104, tid=27168
#
# JRE version: OpenJDK Runtime Environment Temurin-25.0.1+8 (25.0.1+8) (build 25.0.1+8-LTS)
# Java VM: OpenJDK 64-Bit Server VM Temurin-25.0.1+8 (25.0.1+8-LTS, mixed mode, sharing, tiered, compressed oops, compressed class ptrs, g1 gc, windows-amd64)
# No core dump will be written. Minidumps are not enabled by default on client versions of Windows
#

---------------  S U M M A R Y ------------

Command Line: --add-opens=java.base/java.lang=ALL-UNNAMED --add-opens=java.base/java.lang.invoke=ALL-UNNAMED --add-opens=java.base/java.util=ALL-UNNAMED --add-opens=java.prefs/java.util.prefs=ALL-UNNAMED --add-exports=jdk.compiler/com.sun.tools.javac.api=ALL-UNNAMED --add-exports=jdk.compiler/com.sun.tools.javac.util=ALL-UNNAMED --add-opens=java.base/java.nio.charset=ALL-UNNAMED --add-opens=java.base/java.net=ALL-UNNAMED --add-opens=java.base/java.util.concurrent=ALL-UNNAMED --add-opens=java.base/java.util.concurrent.atomic=ALL-UNNAMED --add-opens=java.xml/javax.xml.namespace=ALL-UNNAMED --add-opens=java.base/java.time=ALL-UNNAMED --enable-native-access=ALL-UNNAMED -XX:MaxMetaspaceSize=384m -XX:+HeapDumpOnOutOfMemoryError -Xms256m -Xmx512m -Dfile.encoding=UTF-8 -Duser.country=US -Duser.language=en -Duser.variant -javaagent:C:\Users\jhoni\AppData\Roaming\Code\User\globalStorage\pleiades.java-extension-pack-jdk\gradle\latest\lib\agents\gradle-instrumentation-agent-9.7.1.jar org.gradle.launcher.daemon.bootstrap.GradleDaemon 9.7.1

Host: 13th Gen Intel(R) Core(TM) i5-1335U, 12 cores, 7G,  Windows 11 , 64 bit Build 26100 (10.0.26100.8575)
Time: Sat Sep 12 15:31:56 2026 Malay Peninsula Standard Time elapsed time: 714.860315 seconds (0d 0h 11m 54s)

---------------  T H R E A D  ---------------

Current thread (0x00000202c9bcbb40):  JavaThread "C1 CompilerThread0" daemon [_thread_in_native, id=27168, stack(0x000000ee16000000,0x000000ee16100000) (1024K)]


Current CompileTask:
C1:714860 26953   !   3       sun.nio.fs.WindowsFileSystemProvider::implDelete (131 bytes)

Stack: [0x000000ee16000000,0x000000ee16100000]
Native frames: (J=compiled Java code, j=interpreted, Vv=VM code, C=native code)
V  [jvm.dll+0x7a8379]  (no source info available)
V  [jvm.dll+0x7729fd]  (no source info available)
V  [jvm.dll+0x9f57b3]  (no source info available)
V  [jvm.dll+0x9f7da1]  (no source info available)
V  [jvm.dll+0x9f84a3]  (no source info available)
V  [jvm.dll+0x2fcd26]  (no source info available)
V  [jvm.dll+0x111086]  (no source info available)
V  [jvm.dll+0x1113ae]  (no source info available)
V  [jvm.dll+0x1c1a84]  (no source info available)
V  [jvm.dll+0x1cde36]  (no source info available)
V  [jvm.dll+0x1d0ec9]  (no source info available)
V  [jvm.dll+0x1d08b0]  (no source info available)
V  [jvm.dll+0x1c839b]  (no source info available)
V  [jvm.dll+0x1ca5e8]  (no source info available)
V  [jvm.dll+0x1c8c2a]  (no source info available)
V  [jvm.dll+0x1c23a7]  (no source info available)
V  [jvm.dll+0x1d2543]  (no source info available)
V  [jvm.dll+0x1bdaa1]  (no source info available)
V  [jvm.dll+0x1bdea3]  (no source info available)
V  [jvm.dll+0x1be220]  (no source info available)
V  [jvm.dll+0x1bd561]  (no source info available)
V  [jvm.dll+0x1bf3ad]  (no source info available)
V  [jvm.dll+0x2cf386]  (no source info available)
V  [jvm.dll+0x2cd60a]  (no source info available)
V  [jvm.dll+0x48f64e]  (no source info available)
V  [jvm.dll+0x99630d]  (no source info available)
V  [jvm.dll+0x7a6955]  (no source info available)
C  [ucrtbase.dll+0x2cd30]  (no source info available)
C  [KERNEL32.DLL+0x2e957]  (no source info available)
C  [ntdll.dll+0xaad6c]  (no source info available)

Lock stack of current Java thread (top to bottom):


---------------  P R O C E S S  ---------------

Threads class SMR info:
_java_thread_list=0x00000202d3bf0bc0, length=37, elements={
0x00000202ae47bdf0, 0x00000202c9bb65e0, 0x00000202c9bb6da0, 0x00000202c9bb7d00,
0x00000202c9bba4d0, 0x00000202c9bc2670, 0x00000202c9bc5e00, 0x00000202c9bc8900,
0x00000202c9bcbb40, 0x00000202ce12ab80, 0x00000202ce213340, 0x00000202d0425cb0,
0x00000202d06816d0, 0x00000202d03abbe0, 0x00000202d0726b70, 0x00000202d08c2880,
0x00000202d08c47c0, 0x00000202d0cd85e0, 0x00000202d0cdacf0, 0x00000202d0cda520,
0x00000202d0cdb4c0, 0x00000202d0cd7e10, 0x00000202d0cd8db0, 0x00000202d2719850,
0x00000202d271d6d0, 0x00000202d271c730, 0x00000202d27205b0, 0x00000202ce411840,
0x00000202ce4100d0, 0x00000202ce415e90, 0x00000202ce413f50, 0x00000202ce4156c0,
0x00000202d0faaff0, 0x00000202d2f1fdd0, 0x00000202d1ac1920, 0x00000202d3f930f0,
0x00000202d1ac3090
}

Java Threads: ( => current thread )
  0x00000202ae47bdf0 JavaThread "main"                              [_thread_blocked, id=22768, stack(0x000000ee15100000,0x000000ee15200000) (1024K)]
  0x00000202c9bb65e0 JavaThread "Reference Handler"          daemon [_thread_blocked, id=23088, stack(0x000000ee15900000,0x000000ee15a00000) (1024K)]
  0x00000202c9bb6da0 JavaThread "Finalizer"                  daemon [_thread_blocked, id=21332, stack(0x000000ee15a00000,0x000000ee15b00000) (1024K)]
  0x00000202c9bb7d00 JavaThread "Signal Dispatcher"          daemon [_thread_blocked, id=29632, stack(0x000000ee15b00000,0x000000ee15c00000) (1024K)]
  0x00000202c9bba4d0 JavaThread "Attach Listener"            daemon [_thread_blocked, id=15808, stack(0x000000ee15c00000,0x000000ee15d00000) (1024K)]
  0x00000202c9bc2670 JavaThread "Service Thread"             daemon [_thread_blocked, id=26140, stack(0x000000ee15d00000,0x000000ee15e00000) (1024K)]
  0x00000202c9bc5e00 JavaThread "Monitor Deflation Thread"   daemon [_thread_blocked, id=15960, stack(0x000000ee15e00000,0x000000ee15f00000) (1024K)]
  0x00000202c9bc8900 JavaThread "C2 CompilerThread0"         daemon [_thread_in_native, id=26940, stack(0x000000ee15f00000,0x000000ee16000000) (1024K)]
=>0x00000202c9bcbb40 JavaThread "C1 CompilerThread0"         daemon [_thread_in_native, id=27168, stack(0x000000ee16000000,0x000000ee16100000) (1024K)]
  0x00000202ce12ab80 JavaThread "Common-Cleaner"             daemon [_thread_blocked, id=26076, stack(0x000000ee16100000,0x000000ee16200000) (1024K)]
  0x00000202ce213340 JavaThread "Notification Thread"        daemon [_thread_blocked, id=28656, stack(0x000000ee16200000,0x000000ee16300000) (1024K)]
  0x00000202d0425cb0 JavaThread "Daemon health stats"               [_thread_blocked, id=18388, stack(0x000000ee16300000,0x000000ee16400000) (1024K)]
  0x00000202d06816d0 JavaThread "Incoming local TCP Connector on port 63141"        [_thread_in_native, id=23616, stack(0x000000ee16a00000,0x000000ee16b00000) (1024K)]
  0x00000202d03abbe0 JavaThread "Daemon periodic checks"            [_thread_blocked, id=14576, stack(0x000000ee16b00000,0x000000ee16c00000) (1024K)]
  0x00000202d0726b70 JavaThread "Cache worker for journal cache (C:\Users\jhoni\.gradle\caches\journal-1)"        [_thread_blocked, id=27764, stack(0x000000ee17200000,0x000000ee17300000) (1024K)]
  0x00000202d08c2880 JavaThread "File lock request listener"        [_thread_in_native, id=25980, stack(0x000000ee17300000,0x000000ee17400000) (1024K)]
  0x00000202d08c47c0 JavaThread "Cache worker for file hash cache (C:\Users\jhoni\.gradle\caches\9.7.1\fileHashes)"        [_thread_blocked, id=24692, stack(0x000000ee17500000,0x000000ee17600000) (1024K)]
  0x00000202d0cd85e0 JavaThread "File watcher server"        daemon [_thread_in_native, id=28636, stack(0x000000ee17e00000,0x000000ee17f00000) (1024K)]
  0x00000202d0cdacf0 JavaThread "File watcher consumer"      daemon [_thread_blocked, id=19272, stack(0x000000ee17f00000,0x000000ee18000000) (1024K)]
  0x00000202d0cda520 JavaThread "jar transforms"                    [_thread_blocked, id=11248, stack(0x000000ee17400000,0x000000ee17500000) (1024K)]
  0x00000202d0cdb4c0 JavaThread "jar transforms Thread 2"           [_thread_blocked, id=27476, stack(0x000000ee18000000,0x000000ee18100000) (1024K)]
  0x00000202d0cd7e10 JavaThread "jar transforms Thread 3"           [_thread_blocked, id=1964, stack(0x000000ee18100000,0x000000ee18200000) (1024K)]
  0x00000202d0cd8db0 JavaThread "Cache worker for file content cache (C:\Users\jhoni\.gradle\caches\9.7.1\fileContent)"        [_thread_blocked, id=16660, stack(0x000000ee18200000,0x000000ee18300000) (1024K)]
  0x00000202d2719850 JavaThread "jar transforms Thread 4"           [_thread_blocked, id=20744, stack(0x000000ee18800000,0x000000ee18900000) (1024K)]
  0x00000202d271d6d0 JavaThread "jar transforms Thread 5"           [_thread_blocked, id=15380, stack(0x000000ee18700000,0x000000ee18800000) (1024K)]
  0x00000202d271c730 JavaThread "jar transforms Thread 6"           [_thread_blocked, id=26312, stack(0x000000ee18a00000,0x000000ee18b00000) (1024K)]
  0x00000202d27205b0 JavaThread "jar transforms Thread 7"           [_thread_blocked, id=26428, stack(0x000000ee18b00000,0x000000ee18c00000) (1024K)]
  0x00000202ce411840 JavaThread "jar transforms Thread 8"           [_thread_blocked, id=19416, stack(0x000000ee18c00000,0x000000ee18d00000) (1024K)]
  0x00000202ce4100d0 JavaThread "jar transforms Thread 9"           [_thread_blocked, id=14896, stack(0x000000ee18d00000,0x000000ee18e00000) (1024K)]
  0x00000202ce415e90 JavaThread "jar transforms Thread 10"          [_thread_blocked, id=26108, stack(0x000000ee18e00000,0x000000ee18f00000) (1024K)]
  0x00000202ce413f50 JavaThread "jar transforms Thread 11"          [_thread_blocked, id=25228, stack(0x000000ee18f00000,0x000000ee19000000) (1024K)]
  0x00000202ce4156c0 JavaThread "jar transforms Thread 12"          [_thread_blocked, id=27320, stack(0x000000ee19000000,0x000000ee19100000) (1024K)]
  0x00000202d0faaff0 JavaThread "Memory manager"                    [_thread_blocked, id=28932, stack(0x000000ee19d00000,0x000000ee19e00000) (1024K)]
  0x00000202d2f1fdd0 JavaThread "Daemon Thread 5"                   [_thread_blocked, id=28508, stack(0x000000ee14e00000,0x000000ee14f00000) (1024K)]
  0x00000202d1ac1920 JavaThread "Daemon worker Thread 5"            [_thread_blocked, id=22168, stack(0x000000ee16d00000,0x000000ee16e00000) (1024K)]
  0x00000202d3f930f0 JavaThread "File lock release action executor Thread 3"        [_thread_blocked, id=12428, stack(0x000000ee1a700000,0x000000ee1a800000) (1024K)]
  0x00000202d1ac3090 JavaThread "VFS cleanup Thread 5"              [_thread_blocked, id=7176, stack(0x000000ee16e00000,0x000000ee16f00000) (1024K)]
Total: 37

Other Threads:
  0x00000202c9ba46f0 VMThread "VM Thread"                           [id=8364, stack(0x000000ee15800000,0x000000ee15900000) (1024K)]
  0x00000202c9b90530 WatcherThread "VM Periodic Task Thread"        [id=22220, stack(0x000000ee15700000,0x000000ee15800000) (1024K)]
  0x00000202ae4a79a0 WorkerThread "GC Thread#0"                     [id=29180, stack(0x000000ee15200000,0x000000ee15300000) (1024K)]
  0x00000202cf48b480 WorkerThread "GC Thread#1"                     [id=11192, stack(0x000000ee16400000,0x000000ee16500000) (1024K)]
  0x00000202cf473c40 WorkerThread "GC Thread#2"                     [id=28612, stack(0x000000ee16500000,0x000000ee16600000) (1024K)]
  0x00000202cf474070 WorkerThread "GC Thread#3"                     [id=27740, stack(0x000000ee16600000,0x000000ee16700000) (1024K)]
  0x00000202cf4750b0 WorkerThread "GC Thread#4"                     [id=26504, stack(0x000000ee16700000,0x000000ee16800000) (1024K)]
  0x00000202cf475f10 WorkerThread "GC Thread#5"                     [id=19012, stack(0x000000ee16800000,0x000000ee16900000) (1024K)]
  0x00000202cfb228a0 WorkerThread "GC Thread#6"                     [id=28848, stack(0x000000ee17600000,0x000000ee17700000) (1024K)]
  0x00000202cfb1fd80 WorkerThread "GC Thread#7"                     [id=26760, stack(0x000000ee17700000,0x000000ee17800000) (1024K)]
  0x00000202cfb1f090 WorkerThread "GC Thread#8"                     [id=4648, stack(0x000000ee17800000,0x000000ee17900000) (1024K)]
  0x00000202cfb22450 WorkerThread "GC Thread#9"                     [id=27664, stack(0x000000ee17900000,0x000000ee17a00000) (1024K)]
  0x00000202ae4aeb50 ConcurrentGCThread "G1 Main Marker"            [id=4572, stack(0x000000ee15300000,0x000000ee15400000) (1024K)]
  0x00000202ac0ac1d0 WorkerThread "G1 Conc#0"                       [id=11356, stack(0x000000ee15400000,0x000000ee15500000) (1024K)]
  0x00000202cfb20ec0 WorkerThread "G1 Conc#1"                       [id=23960, stack(0x000000ee17a00000,0x000000ee17b00000) (1024K)]
  0x00000202cfb21310 WorkerThread "G1 Conc#2"                       [id=15992, stack(0x000000ee17b00000,0x000000ee17c00000) (1024K)]
  0x00000202ae51e550 ConcurrentGCThread "G1 Refine#0"               [id=4440, stack(0x000000ee15500000,0x000000ee15600000) (1024K)]
  0x00000202ae51ea10 ConcurrentGCThread "G1 Service"                [id=13168, stack(0x000000ee15600000,0x000000ee15700000) (1024K)]
Total: 18

Threads with active compile tasks:
C2 CompilerThread0  717487 26949       4       org.gradle.tooling.internal.adapter.ProtocolToModelAdapter$InvocationHandlerImpl::invoke (176 bytes)
C1 CompilerThread0  717488 26953   !   3       sun.nio.fs.WindowsFileSystemProvider::implDelete (131 bytes)
Total: 2

VM state: not at safepoint (normal execution)

VM Mutex/Monitor currently owned by a thread: None

Heap address: 0x00000000e0000000, size: 512 MB, Compressed Oops mode: 32-bit

CDS archive(s) mapped at: [0x0000000068000000-0x0000000068dd0000-0x0000000068dd0000), size 14483456, SharedBaseAddress: 0x0000000068000000, ArchiveRelocationMode: 1.
Compressed class space mapped at: 0x0000000069000000-0x000000007d000000, reserved size: 335544320
UseCompressedClassPointers 1, UseCompactObjectHeaders 0
Narrow klass pointer bits 32, Max shift 3
Narrow klass base: 0x0000000068000000, Narrow klass shift: 0
Encoding Range: [0x0000000068000000 - 0x0000000168000000), (4294967296 bytes)
Klass Range:    [0x0000000068010000 - 0x000000007d000000), (352256000 bytes)
Klass ID Range:  [65536 - 352321529) (352255993)
Protection zone: [0x0000000068000000 - 0x0000000068010000), (65536 bytes)

GC Precious Log:
 CardTable entry size: 512
 Card Set container configuration: InlinePtr #cards 5 size 8 Array Of Cards #cards 10 size 36 Howl #buckets 4 coarsen threshold 1843 Howl Bitmap #cards 512 size 80 coarsen threshold 460 Card regions per heap region 1 cards per card region 2048
 CPUs: 12 total, 12 available
 Memory: 7876M
 Large Page Support: Disabled
 NUMA Support: Disabled
 Compressed Oops: Enabled (32-bit)
 Heap Region Size: 1M
 Heap Min Capacity: 256M
 Heap Initial Capacity: 256M
 Heap Max Capacity: 512M
 Pre-touch: Disabled
 Parallel Workers: 10
 Concurrent Workers: 3
 Concurrent Refinement Workers: 10
 Periodic GC: Disabled

Heap:
 garbage-first heap   total reserved 524288K, committed 262144K, used 149365K [0x00000000e0000000, 0x0000000100000000)
  region size 1024K, 78 young (79872K), 5 survivors (5120K)

Heap Regions: E=young(eden), S=young(survivor), O=old, HS=humongous(starts), HC=humongous(continues), CS=collection set, F=free, TAMS=top-at-mark-start, PB=parsable bottom
|   0|0x00000000e0000000, 0x00000000e0100000, 0x00000000e0100000|100%|HS|  |TAMS 0x00000000e0000000| PB 0x00000000e0000000| Complete |  0
|   1|0x00000000e0100000, 0x00000000e0200000, 0x00000000e0200000|100%|HC|  |TAMS 0x00000000e0100000| PB 0x00000000e0100000| Complete |  0
|   2|0x00000000e0200000, 0x00000000e0300000, 0x00000000e0300000|100%|HC|  |TAMS 0x00000000e0200000| PB 0x00000000e0200000| Complete |  0
|   3|0x00000000e0300000, 0x00000000e0400000, 0x00000000e0400000|100%|HC|  |TAMS 0x00000000e0300000| PB 0x00000000e0300000| Complete |  0
|   4|0x00000000e0400000, 0x00000000e0500000, 0x00000000e0500000|100%| O|  |TAMS 0x00000000e0400000| PB 0x00000000e0400000| Untracked |  0
|   5|0x00000000e0500000, 0x00000000e0600000, 0x00000000e0600000|100%| O|  |TAMS 0x00000000e0500000| PB 0x00000000e0500000| Untracked |  0
|   6|0x00000000e0600000, 0x00000000e0700000, 0x00000000e0700000|100%|HS|  |TAMS 0x00000000e0600000| PB 0x00000000e0600000| Complete |  0
|   7|0x00000000e0700000, 0x00000000e0800000, 0x00000000e0800000|100%| O|  |TAMS 0x00000000e0700000| PB 0x00000000e0700000| Untracked |  0
|   8|0x00000000e0800000, 0x00000000e0900000, 0x00000000e0900000|100%| O|  |TAMS 0x00000000e0800000| PB 0x00000000e0800000| Untracked |  0
|   9|0x00000000e0900000, 0x00000000e0a00000, 0x00000000e0a00000|100%| O|  |TAMS 0x00000000e0900000| PB 0x00000000e0900000| Untracked |  0
|  10|0x00000000e0a00000, 0x00000000e0b00000, 0x00000000e0b00000|100%| O|  |TAMS 0x00000000e0a00000| PB 0x00000000e0a00000| Untracked |  0
|  11|0x00000000e0b00000, 0x00000000e0c00000, 0x00000000e0c00000|100%| O|  |TAMS 0x00000000e0b00000| PB 0x00000000e0b00000| Untracked |  0
|  12|0x00000000e0c00000, 0x00000000e0d00000, 0x00000000e0d00000|100%| O|Cm|TAMS 0x00000000e0c00000| PB 0x00000000e0c00000| Complete |  0
|  13|0x00000000e0d00000, 0x00000000e0e00000, 0x00000000e0e00000|100%|HS|  |TAMS 0x00000000e0d00000| PB 0x00000000e0d00000| Complete |  0
|  14|0x00000000e0e00000, 0x00000000e0f00000, 0x00000000e0f00000|100%| O|  |TAMS 0x00000000e0e00000| PB 0x00000000e0e00000| Untracked |  0
|  15|0x00000000e0f00000, 0x00000000e1000000, 0x00000000e1000000|100%| O|  |TAMS 0x00000000e0f00000| PB 0x00000000e0f00000| Untracked |  0
|  16|0x00000000e1000000, 0x00000000e1100000, 0x00000000e1100000|100%| O|  |TAMS 0x00000000e1000000| PB 0x00000000e1000000| Untracked |  0
|  17|0x00000000e1100000, 0x00000000e1200000, 0x00000000e1200000|100%| O|  |TAMS 0x00000000e1100000| PB 0x00000000e1100000| Untracked |  0
|  18|0x00000000e1200000, 0x00000000e1300000, 0x00000000e1300000|100%| O|  |TAMS 0x00000000e1200000| PB 0x00000000e1200000| Untracked |  0
|  19|0x00000000e1300000, 0x00000000e1400000, 0x00000000e1400000|100%| O|  |TAMS 0x00000000e1300000| PB 0x00000000e1300000| Untracked |  0
|  20|0x00000000e1400000, 0x00000000e1500000, 0x00000000e1500000|100%| O|  |TAMS 0x00000000e1400000| PB 0x00000000e1400000| Untracked |  0
|  21|0x00000000e1500000, 0x00000000e1600000, 0x00000000e1600000|100%| O|  |TAMS 0x00000000e1500000| PB 0x00000000e1500000| Untracked |  0
|  22|0x00000000e1600000, 0x00000000e1700000, 0x00000000e1700000|100%| O|  |TAMS 0x00000000e1600000| PB 0x00000000e1600000| Untracked |  0
|  23|0x00000000e1700000, 0x00000000e1800000, 0x00000000e1800000|100%| O|  |TAMS 0x00000000e1700000| PB 0x00000000e1700000| Untracked |  0
|  24|0x00000000e1800000, 0x00000000e1900000, 0x00000000e1900000|100%| O|  |TAMS 0x00000000e1800000| PB 0x00000000e1800000| Untracked |  0
|  25|0x00000000e1900000, 0x00000000e1a00000, 0x00000000e1a00000|100%| O|  |TAMS 0x00000000e1900000| PB 0x00000000e1900000| Untracked |  0
|  26|0x00000000e1a00000, 0x00000000e1b00000, 0x00000000e1b00000|100%| O|  |TAMS 0x00000000e1a00000| PB 0x00000000e1a00000| Untracked |  0
|  27|0x00000000e1b00000, 0x00000000e1c00000, 0x00000000e1c00000|100%| O|  |TAMS 0x00000000e1b00000| PB 0x00000000e1b00000| Untracked |  0
|  28|0x00000000e1c00000, 0x00000000e1d00000, 0x00000000e1d00000|100%| O|  |TAMS 0x00000000e1c00000| PB 0x00000000e1c00000| Untracked |  0
|  29|0x00000000e1d00000, 0x00000000e1e00000, 0x00000000e1e00000|100%| O|  |TAMS 0x00000000e1d00000| PB 0x00000000e1d00000| Untracked |  0
|  30|0x00000000e1e00000, 0x00000000e1e00000, 0x00000000e1f00000|  0%| F|  |TAMS 0x00000000e1e00000| PB 0x00000000e1e00000| Untracked |  0
|  31|0x00000000e1f00000, 0x00000000e2000000, 0x00000000e2000000|100%| O|  |TAMS 0x00000000e1f00000| PB 0x00000000e1f00000| Untracked |  0
|  32|0x00000000e2000000, 0x00000000e209efa0, 0x00000000e2100000| 62%| O|  |TAMS 0x00000000e2000000| PB 0x00000000e2000000| Untracked |  0
|  33|0x00000000e2100000, 0x00000000e2200000, 0x00000000e2200000|100%| O|  |TAMS 0x00000000e2100000| PB 0x00000000e2100000| Untracked |  0
|  34|0x00000000e2200000, 0x00000000e2300000, 0x00000000e2300000|100%| O|  |TAMS 0x00000000e2200000| PB 0x00000000e2200000| Untracked |  0
|  35|0x00000000e2300000, 0x00000000e2400000, 0x00000000e2400000|100%| O|  |TAMS 0x00000000e2300000| PB 0x00000000e2300000| Untracked |  0
|  36|0x00000000e2400000, 0x00000000e2500000, 0x00000000e2500000|100%| O|  |TAMS 0x00000000e2400000| PB 0x00000000e2400000| Untracked |  0
|  37|0x00000000e2500000, 0x00000000e2600000, 0x00000000e2600000|100%| O|  |TAMS 0x00000000e2500000| PB 0x00000000e2500000| Untracked |  0
|  38|0x00000000e2600000, 0x00000000e2700000, 0x00000000e2700000|100%| O|  |TAMS 0x00000000e2600000| PB 0x00000000e2600000| Untracked |  0
|  39|0x00000000e2700000, 0x00000000e2800000, 0x00000000e2800000|100%| O|  |TAMS 0x00000000e2700000| PB 0x00000000e2700000| Untracked |  0
|  40|0x00000000e2800000, 0x00000000e2900000, 0x00000000e2900000|100%| O|  |TAMS 0x00000000e2800000| PB 0x00000000e2800000| Untracked |  0
|  41|0x00000000e2900000, 0x00000000e2a00000, 0x00000000e2a00000|100%| O|  |TAMS 0x00000000e2900000| PB 0x00000000e2900000| Untracked |  0
|  42|0x00000000e2a00000, 0x00000000e2b00000, 0x00000000e2b00000|100%| O|  |TAMS 0x00000000e2a00000| PB 0x00000000e2a00000| Untracked |  0
|  43|0x00000000e2b00000, 0x00000000e2c00000, 0x00000000e2c00000|100%| O|  |TAMS 0x00000000e2b00000| PB 0x00000000e2b00000| Untracked |  0
|  44|0x00000000e2c00000, 0x00000000e2d00000, 0x00000000e2d00000|100%| O|  |TAMS 0x00000000e2c00000| PB 0x00000000e2c00000| Untracked |  0
|  45|0x00000000e2d00000, 0x00000000e2e00000, 0x00000000e2e00000|100%| O|  |TAMS 0x00000000e2d00000| PB 0x00000000e2d00000| Untracked |  0
|  46|0x00000000e2e00000, 0x00000000e2f00000, 0x00000000e2f00000|100%| O|  |TAMS 0x00000000e2e00000| PB 0x00000000e2e00000| Untracked |  0
|  47|0x00000000e2f00000, 0x00000000e3000000, 0x00000000e3000000|100%| O|  |TAMS 0x00000000e2f00000| PB 0x00000000e2f00000| Untracked |  0
|  48|0x00000000e3000000, 0x00000000e3100000, 0x00000000e3100000|100%| O|  |TAMS 0x00000000e3000000| PB 0x00000000e3000000| Untracked |  0
|  49|0x00000000e3100000, 0x00000000e3200000, 0x00000000e3200000|100%| O|  |TAMS 0x00000000e3100000| PB 0x00000000e3100000| Untracked |  0
|  50|0x00000000e3200000, 0x00000000e3300000, 0x00000000e3300000|100%| O|  |TAMS 0x00000000e3200000| PB 0x00000000e3200000| Untracked |  0
|  51|0x00000000e3300000, 0x00000000e3400000, 0x00000000e3400000|100%| O|  |TAMS 0x00000000e3300000| PB 0x00000000e3300000| Untracked |  0
|  52|0x00000000e3400000, 0x00000000e3500000, 0x00000000e3500000|100%| O|  |TAMS 0x00000000e3400000| PB 0x00000000e3400000| Untracked |  0
|  53|0x00000000e3500000, 0x00000000e3600000, 0x00000000e3600000|100%| O|  |TAMS 0x00000000e3500000| PB 0x00000000e3500000| Untracked |  0
|  54|0x00000000e3600000, 0x00000000e3700000, 0x00000000e3700000|100%| O|  |TAMS 0x00000000e3600000| PB 0x00000000e3600000| Untracked |  0
|  55|0x00000000e3700000, 0x00000000e3800000, 0x00000000e3800000|100%| O|  |TAMS 0x00000000e3700000| PB 0x00000000e3700000| Untracked |  0
|  56|0x00000000e3800000, 0x00000000e3900000, 0x00000000e3900000|100%| O|Cm|TAMS 0x00000000e3800000| PB 0x00000000e3800000| Complete |  0
|  57|0x00000000e3900000, 0x00000000e3a00000, 0x00000000e3a00000|100%| O|  |TAMS 0x00000000e3900000| PB 0x00000000e3900000| Untracked |  0
|  58|0x00000000e3a00000, 0x00000000e3b00000, 0x00000000e3b00000|100%| O|  |TAMS 0x00000000e3a00000| PB 0x00000000e3a00000| Untracked |  0
|  59|0x00000000e3b00000, 0x00000000e3c00000, 0x00000000e3c00000|100%| O|  |TAMS 0x00000000e3b00000| PB 0x00000000e3b00000| Untracked |  0
|  60|0x00000000e3c00000, 0x00000000e3d00000, 0x00000000e3d00000|100%| O|Cm|TAMS 0x00000000e3c00000| PB 0x00000000e3c00000| Complete |  0
|  61|0x00000000e3d00000, 0x00000000e3e00000, 0x00000000e3e00000|100%| O|  |TAMS 0x00000000e3d00000| PB 0x00000000e3d00000| Untracked |  0
|  62|0x00000000e3e00000, 0x00000000e3f00000, 0x00000000e3f00000|100%| O|  |TAMS 0x00000000e3e00000| PB 0x00000000e3e00000| Untracked |  0
|  63|0x00000000e3f00000, 0x00000000e3f00000, 0x00000000e4000000|  0%| F|  |TAMS 0x00000000e3f00000| PB 0x00000000e3f00000| Untracked |  0
|  64|0x00000000e4000000, 0x00000000e4100000, 0x00000000e4100000|100%| O|  |TAMS 0x00000000e4000000| PB 0x00000000e4000000| Untracked |  0
|  65|0x00000000e4100000, 0x00000000e4200000, 0x00000000e4200000|100%| O|  |TAMS 0x00000000e4100000| PB 0x00000000e4100000| Untracked |  0
|  66|0x00000000e4200000, 0x00000000e4200000, 0x00000000e4300000|  0%| F|  |TAMS 0x00000000e4200000| PB 0x00000000e4200000| Untracked |  0
|  67|0x00000000e4300000, 0x00000000e4400000, 0x00000000e4400000|100%| O|  |TAMS 0x00000000e4300000| PB 0x00000000e4300000| Untracked |  0
|  68|0x00000000e4400000, 0x00000000e4500000, 0x00000000e4500000|100%| O|  |TAMS 0x00000000e4400000| PB 0x00000000e4400000| Untracked |  0
|  69|0x00000000e4500000, 0x00000000e4500000, 0x00000000e4600000|  0%| F|  |TAMS 0x00000000e4500000| PB 0x00000000e4500000| Untracked |  0
|  70|0x00000000e4600000, 0x00000000e4600000, 0x00000000e4700000|  0%| F|  |TAMS 0x00000000e4600000| PB 0x00000000e4600000| Untracked |  0
|  71|0x00000000e4700000, 0x00000000e4800000, 0x00000000e4800000|100%| O|  |TAMS 0x00000000e4700000| PB 0x00000000e4700000| Untracked |  0
|  72|0x00000000e4800000, 0x00000000e4900000, 0x00000000e4900000|100%| O|  |TAMS 0x00000000e4800000| PB 0x00000000e4800000| Untracked |  0
|  73|0x00000000e4900000, 0x00000000e4900000, 0x00000000e4a00000|  0%| F|  |TAMS 0x00000000e4900000| PB 0x00000000e4900000| Untracked |  0
|  74|0x00000000e4a00000, 0x00000000e4b00000, 0x00000000e4b00000|100%| O|  |TAMS 0x00000000e4a00000| PB 0x00000000e4a00000| Untracked |  0
|  75|0x00000000e4b00000, 0x00000000e4c00000, 0x00000000e4c00000|100%| O|  |TAMS 0x00000000e4b00000| PB 0x00000000e4b00000| Untracked |  0
|  76|0x00000000e4c00000, 0x00000000e4c00000, 0x00000000e4d00000|  0%| F|  |TAMS 0x00000000e4c00000| PB 0x00000000e4c00000| Untracked |  0
|  77|0x00000000e4d00000, 0x00000000e4d00000, 0x00000000e4e00000|  0%| F|  |TAMS 0x00000000e4d00000| PB 0x00000000e4d00000| Untracked |  0
|  78|0x00000000e4e00000, 0x00000000e4e00000, 0x00000000e4f00000|  0%| F|  |TAMS 0x00000000e4e00000| PB 0x00000000e4e00000| Untracked |  0
|  79|0x00000000e4f00000, 0x00000000e4f00000, 0x00000000e5000000|  0%| F|  |TAMS 0x00000000e4f00000| PB 0x00000000e4f00000| Untracked |  0
|  80|0x00000000e5000000, 0x00000000e5000000, 0x00000000e5100000|  0%| F|  |TAMS 0x00000000e5000000| PB 0x00000000e5000000| Untracked |  0
|  81|0x00000000e5100000, 0x00000000e5100000, 0x00000000e5200000|  0%| F|  |TAMS 0x00000000e5100000| PB 0x00000000e5100000| Untracked |  0
|  82|0x00000000e5200000, 0x00000000e5200000, 0x00000000e5300000|  0%| F|  |TAMS 0x00000000e5200000| PB 0x00000000e5200000| Untracked |  0
|  83|0x00000000e5300000, 0x00000000e5300000, 0x00000000e5400000|  0%| F|  |TAMS 0x00000000e5300000| PB 0x00000000e5300000| Untracked |  0
|  84|0x00000000e5400000, 0x00000000e5400000, 0x00000000e5500000|  0%| F|  |TAMS 0x00000000e5400000| PB 0x00000000e5400000| Untracked |  0
|  85|0x00000000e5500000, 0x00000000e5500000, 0x00000000e5600000|  0%| F|  |TAMS 0x00000000e5500000| PB 0x00000000e5500000| Untracked |  0
|  86|0x00000000e5600000, 0x00000000e5600000, 0x00000000e5700000|  0%| F|  |TAMS 0x00000000e5600000| PB 0x00000000e5600000| Untracked |  0
|  87|0x00000000e5700000, 0x00000000e5700000, 0x00000000e5800000|  0%| F|  |TAMS 0x00000000e5700000| PB 0x00000000e5700000| Untracked |  0
|  88|0x00000000e5800000, 0x00000000e5800000, 0x00000000e5900000|  0%| F|  |TAMS 0x00000000e5800000| PB 0x00000000e5800000| Untracked |  0
|  89|0x00000000e5900000, 0x00000000e5900000, 0x00000000e5a00000|  0%| F|  |TAMS 0x00000000e5900000| PB 0x00000000e5900000| Untracked |  0
|  90|0x00000000e5a00000, 0x00000000e5a00000, 0x00000000e5b00000|  0%| F|  |TAMS 0x00000000e5a00000| PB 0x00000000e5a00000| Untracked |  0
|  91|0x00000000e5b00000, 0x00000000e5b00000, 0x00000000e5c00000|  0%| F|  |TAMS 0x00000000e5b00000| PB 0x00000000e5b00000| Untracked |  0
|  92|0x00000000e5c00000, 0x00000000e5c00000, 0x00000000e5d00000|  0%| F|  |TAMS 0x00000000e5c00000| PB 0x00000000e5c00000| Untracked |  0
|  93|0x00000000e5d00000, 0x00000000e5d00000, 0x00000000e5e00000|  0%| F|  |TAMS 0x00000000e5d00000| PB 0x00000000e5d00000| Untracked |  0
|  94|0x00000000e5e00000, 0x00000000e5e00000, 0x00000000e5f00000|  0%| F|  |TAMS 0x00000000e5e00000| PB 0x00000000e5e00000| Untracked |  0
|  95|0x00000000e5f00000, 0x00000000e5f00000, 0x00000000e6000000|  0%| F|  |TAMS 0x00000000e5f00000| PB 0x00000000e5f00000| Untracked |  0
|  96|0x00000000e6000000, 0x00000000e6000000, 0x00000000e6100000|  0%| F|  |TAMS 0x00000000e6000000| PB 0x00000000e6000000| Untracked |  0
|  97|0x00000000e6100000, 0x00000000e613e790, 0x00000000e6200000| 24%| S|CS|TAMS 0x00000000e6100000| PB 0x00000000e6100000| Complete |  0
|  98|0x00000000e6200000, 0x00000000e6300000, 0x00000000e6300000|100%| S|CS|TAMS 0x00000000e6200000| PB 0x00000000e6200000| Complete |  0
|  99|0x00000000e6300000, 0x00000000e6400000, 0x00000000e6400000|100%| S|CS|TAMS 0x00000000e6300000| PB 0x00000000e6300000| Complete |  0
| 100|0x00000000e6400000, 0x00000000e6500000, 0x00000000e6500000|100%| S|CS|TAMS 0x00000000e6400000| PB 0x00000000e6400000| Complete |  0
| 101|0x00000000e6500000, 0x00000000e6600000, 0x00000000e6600000|100%| S|CS|TAMS 0x00000000e6500000| PB 0x00000000e6500000| Complete |  0
| 102|0x00000000e6600000, 0x00000000e6600000, 0x00000000e6700000|  0%| F|  |TAMS 0x00000000e6600000| PB 0x00000000e6600000| Untracked |  0
| 103|0x00000000e6700000, 0x00000000e6700000, 0x00000000e6800000|  0%| F|  |TAMS 0x00000000e6700000| PB 0x00000000e6700000| Untracked |  0
| 104|0x00000000e6800000, 0x00000000e6800000, 0x00000000e6900000|  0%| F|  |TAMS 0x00000000e6800000| PB 0x00000000e6800000| Untracked |  0
| 105|0x00000000e6900000, 0x00000000e6900000, 0x00000000e6a00000|  0%| F|  |TAMS 0x00000000e6900000| PB 0x00000000e6900000| Untracked |  0
| 106|0x00000000e6a00000, 0x00000000e6a00000, 0x00000000e6b00000|  0%| F|  |TAMS 0x00000000e6a00000| PB 0x00000000e6a00000| Untracked |  0
| 107|0x00000000e6b00000, 0x00000000e6b00000, 0x00000000e6c00000|  0%| F|  |TAMS 0x00000000e6b00000| PB 0x00000000e6b00000| Untracked |  0
| 108|0x00000000e6c00000, 0x00000000e6c00000, 0x00000000e6d00000|  0%| F|  |TAMS 0x00000000e6c00000| PB 0x00000000e6c00000| Untracked |  0
| 109|0x00000000e6d00000, 0x00000000e6d00000, 0x00000000e6e00000|  0%| F|  |TAMS 0x00000000e6d00000| PB 0x00000000e6d00000| Untracked |  0
| 110|0x00000000e6e00000, 0x00000000e6e00000, 0x00000000e6f00000|  0%| F|  |TAMS 0x00000000e6e00000| PB 0x00000000e6e00000| Untracked |  0
| 111|0x00000000e6f00000, 0x00000000e6f00000, 0x00000000e7000000|  0%| F|  |TAMS 0x00000000e6f00000| PB 0x00000000e6f00000| Untracked |  0
| 112|0x00000000e7000000, 0x00000000e7000000, 0x00000000e7100000|  0%| F|  |TAMS 0x00000000e7000000| PB 0x00000000e7000000| Untracked |  0
| 113|0x00000000e7100000, 0x00000000e7100000, 0x00000000e7200000|  0%| F|  |TAMS 0x00000000e7100000| PB 0x00000000e7100000| Untracked |  0
| 114|0x00000000e7200000, 0x00000000e7200000, 0x00000000e7300000|  0%| F|  |TAMS 0x00000000e7200000| PB 0x00000000e7200000| Untracked |  0
| 115|0x00000000e7300000, 0x00000000e7300000, 0x00000000e7400000|  0%| F|  |TAMS 0x00000000e7300000| PB 0x00000000e7300000| Untracked |  0
| 116|0x00000000e7400000, 0x00000000e7400000, 0x00000000e7500000|  0%| F|  |TAMS 0x00000000e7400000| PB 0x00000000e7400000| Untracked |  0
| 117|0x00000000e7500000, 0x00000000e7500000, 0x00000000e7600000|  0%| F|  |TAMS 0x00000000e7500000| PB 0x00000000e7500000| Untracked |  0
| 118|0x00000000e7600000, 0x00000000e7600000, 0x00000000e7700000|  0%| F|  |TAMS 0x00000000e7600000| PB 0x00000000e7600000| Untracked |  0
| 119|0x00000000e7700000, 0x00000000e7700000, 0x00000000e7800000|  0%| F|  |TAMS 0x00000000e7700000| PB 0x00000000e7700000| Untracked |  0
| 120|0x00000000e7800000, 0x00000000e7800000, 0x00000000e7900000|  0%| F|  |TAMS 0x00000000e7800000| PB 0x00000000e7800000| Untracked |  0
| 121|0x00000000e7900000, 0x00000000e7900000, 0x00000000e7a00000|  0%| F|  |TAMS 0x00000000e7900000| PB 0x00000000e7900000| Untracked |  0
| 122|0x00000000e7a00000, 0x00000000e7a00000, 0x00000000e7b00000|  0%| F|  |TAMS 0x00000000e7a00000| PB 0x00000000e7a00000| Untracked |  0
| 123|0x00000000e7b00000, 0x00000000e7b00000, 0x00000000e7c00000|  0%| F|  |TAMS 0x00000000e7b00000| PB 0x00000000e7b00000| Untracked |  0
| 124|0x00000000e7c00000, 0x00000000e7c00000, 0x00000000e7d00000|  0%| F|  |TAMS 0x00000000e7c00000| PB 0x00000000e7c00000| Untracked |  0
| 125|0x00000000e7d00000, 0x00000000e7d00000, 0x00000000e7e00000|  0%| F|  |TAMS 0x00000000e7d00000| PB 0x00000000e7d00000| Untracked |  0
| 126|0x00000000e7e00000, 0x00000000e7e00000, 0x00000000e7f00000|  0%| F|  |TAMS 0x00000000e7e00000| PB 0x00000000e7e00000| Untracked |  0
| 127|0x00000000e7f00000, 0x00000000e7f00000, 0x00000000e8000000|  0%| F|  |TAMS 0x00000000e7f00000| PB 0x00000000e7f00000| Untracked |  0
| 128|0x00000000e8000000, 0x00000000e8000000, 0x00000000e8100000|  0%| F|  |TAMS 0x00000000e8000000| PB 0x00000000e8000000| Untracked |  0
| 129|0x00000000e8100000, 0x00000000e8100000, 0x00000000e8200000|  0%| F|  |TAMS 0x00000000e8100000| PB 0x00000000e8100000| Untracked |  0
| 130|0x00000000e8200000, 0x00000000e8200000, 0x00000000e8300000|  0%| F|  |TAMS 0x00000000e8200000| PB 0x00000000e8200000| Untracked |  0
| 131|0x00000000e8300000, 0x00000000e8300000, 0x00000000e8400000|  0%| F|  |TAMS 0x00000000e8300000| PB 0x00000000e8300000| Untracked |  0
| 132|0x00000000e8400000, 0x00000000e8400000, 0x00000000e8500000|  0%| F|  |TAMS 0x00000000e8400000| PB 0x00000000e8400000| Untracked |  0
| 133|0x00000000e8500000, 0x00000000e8500000, 0x00000000e8600000|  0%| F|  |TAMS 0x00000000e8500000| PB 0x00000000e8500000| Untracked |  0
| 134|0x00000000e8600000, 0x00000000e8600000, 0x00000000e8700000|  0%| F|  |TAMS 0x00000000e8600000| PB 0x00000000e8600000| Untracked |  0
| 135|0x00000000e8700000, 0x00000000e8700000, 0x00000000e8800000|  0%| F|  |TAMS 0x00000000e8700000| PB 0x00000000e8700000| Untracked |  0
| 136|0x00000000e8800000, 0x00000000e8800000, 0x00000000e8900000|  0%| F|  |TAMS 0x00000000e8800000| PB 0x00000000e8800000| Untracked |  0
| 137|0x00000000e8900000, 0x00000000e8900000, 0x00000000e8a00000|  0%| F|  |TAMS 0x00000000e8900000| PB 0x00000000e8900000| Untracked |  0
| 138|0x00000000e8a00000, 0x00000000e8a00000, 0x00000000e8b00000|  0%| F|  |TAMS 0x00000000e8a00000| PB 0x00000000e8a00000| Untracked |  0
| 139|0x00000000e8b00000, 0x00000000e8b00000, 0x00000000e8c00000|  0%| F|  |TAMS 0x00000000e8b00000| PB 0x00000000e8b00000| Untracked |  0
| 140|0x00000000e8c00000, 0x00000000e8c00000, 0x00000000e8d00000|  0%| F|  |TAMS 0x00000000e8c00000| PB 0x00000000e8c00000| Untracked |  0
| 141|0x00000000e8d00000, 0x00000000e8d00000, 0x00000000e8e00000|  0%| F|  |TAMS 0x00000000e8d00000| PB 0x00000000e8d00000| Untracked |  0
| 142|0x00000000e8e00000, 0x00000000e8e00000, 0x00000000e8f00000|  0%| F|  |TAMS 0x00000000e8e00000| PB 0x00000000e8e00000| Untracked |  0
| 143|0x00000000e8f00000, 0x00000000e8f00000, 0x00000000e9000000|  0%| F|  |TAMS 0x00000000e8f00000| PB 0x00000000e8f00000| Untracked |  0
| 144|0x00000000e9000000, 0x00000000e9000000, 0x00000000e9100000|  0%| F|  |TAMS 0x00000000e9000000| PB 0x00000000e9000000| Untracked |  0
| 145|0x00000000e9100000, 0x00000000e9100000, 0x00000000e9200000|  0%| F|  |TAMS 0x00000000e9100000| PB 0x00000000e9100000| Untracked |  0
| 146|0x00000000e9200000, 0x00000000e9200000, 0x00000000e9300000|  0%| F|  |TAMS 0x00000000e9200000| PB 0x00000000e9200000| Untracked |  0
| 147|0x00000000e9300000, 0x00000000e9300000, 0x00000000e9400000|  0%| F|  |TAMS 0x00000000e9300000| PB 0x00000000e9300000| Untracked |  0
| 148|0x00000000e9400000, 0x00000000e9400000, 0x00000000e9500000|  0%| F|  |TAMS 0x00000000e9400000| PB 0x00000000e9400000| Untracked |  0
| 149|0x00000000e9500000, 0x00000000e9500000, 0x00000000e9600000|  0%| F|  |TAMS 0x00000000e9500000| PB 0x00000000e9500000| Untracked |  0
| 150|0x00000000e9600000, 0x00000000e9600000, 0x00000000e9700000|  0%| F|  |TAMS 0x00000000e9600000| PB 0x00000000e9600000| Untracked |  0
| 151|0x00000000e9700000, 0x00000000e9700000, 0x00000000e9800000|  0%| F|  |TAMS 0x00000000e9700000| PB 0x00000000e9700000| Untracked |  0
| 152|0x00000000e9800000, 0x00000000e9800000, 0x00000000e9900000|  0%| F|  |TAMS 0x00000000e9800000| PB 0x00000000e9800000| Untracked |  0
| 153|0x00000000e9900000, 0x00000000e9900000, 0x00000000e9a00000|  0%| F|  |TAMS 0x00000000e9900000| PB 0x00000000e9900000| Untracked |  0
| 154|0x00000000e9a00000, 0x00000000e9a00000, 0x00000000e9b00000|  0%| F|  |TAMS 0x00000000e9a00000| PB 0x00000000e9a00000| Untracked |  0
| 155|0x00000000e9b00000, 0x00000000e9b00000, 0x00000000e9c00000|  0%| F|  |TAMS 0x00000000e9b00000| PB 0x00000000e9b00000| Untracked |  0
| 156|0x00000000e9c00000, 0x00000000e9c00000, 0x00000000e9d00000|  0%| F|  |TAMS 0x00000000e9c00000| PB 0x00000000e9c00000| Untracked |  0
| 157|0x00000000e9d00000, 0x00000000e9d00000, 0x00000000e9e00000|  0%| F|  |TAMS 0x00000000e9d00000| PB 0x00000000e9d00000| Untracked |  0
| 158|0x00000000e9e00000, 0x00000000e9e00000, 0x00000000e9f00000|  0%| F|  |TAMS 0x00000000e9e00000| PB 0x00000000e9e00000| Untracked |  0
| 159|0x00000000e9f00000, 0x00000000e9f00000, 0x00000000ea000000|  0%| F|  |TAMS 0x00000000e9f00000| PB 0x00000000e9f00000| Untracked |  0
| 160|0x00000000ea000000, 0x00000000ea000000, 0x00000000ea100000|  0%| F|  |TAMS 0x00000000ea000000| PB 0x00000000ea000000| Untracked |  0
| 161|0x00000000ea100000, 0x00000000ea100000, 0x00000000ea200000|  0%| F|  |TAMS 0x00000000ea100000| PB 0x00000000ea100000| Untracked |  0
| 162|0x00000000ea200000, 0x00000000ea200000, 0x00000000ea300000|  0%| F|  |TAMS 0x00000000ea200000| PB 0x00000000ea200000| Untracked |  0
| 163|0x00000000ea300000, 0x00000000ea300000, 0x00000000ea400000|  0%| F|  |TAMS 0x00000000ea300000| PB 0x00000000ea300000| Untracked |  0
| 164|0x00000000ea400000, 0x00000000ea400000, 0x00000000ea500000|  0%| F|  |TAMS 0x00000000ea400000| PB 0x00000000ea400000| Untracked |  0
| 165|0x00000000ea500000, 0x00000000ea500000, 0x00000000ea600000|  0%| F|  |TAMS 0x00000000ea500000| PB 0x00000000ea500000| Untracked |  0
| 166|0x00000000ea600000, 0x00000000ea600000, 0x00000000ea700000|  0%| F|  |TAMS 0x00000000ea600000| PB 0x00000000ea600000| Untracked |  0
| 167|0x00000000ea700000, 0x00000000ea700000, 0x00000000ea800000|  0%| F|  |TAMS 0x00000000ea700000| PB 0x00000000ea700000| Untracked |  0
| 168|0x00000000ea800000, 0x00000000ea800000, 0x00000000ea900000|  0%| F|  |TAMS 0x00000000ea800000| PB 0x00000000ea800000| Untracked |  0
| 169|0x00000000ea900000, 0x00000000ea900000, 0x00000000eaa00000|  0%| F|  |TAMS 0x00000000ea900000| PB 0x00000000ea900000| Untracked |  0
| 170|0x00000000eaa00000, 0x00000000eaa00000, 0x00000000eab00000|  0%| F|  |TAMS 0x00000000eaa00000| PB 0x00000000eaa00000| Untracked |  0
| 171|0x00000000eab00000, 0x00000000eab00000, 0x00000000eac00000|  0%| F|  |TAMS 0x00000000eab00000| PB 0x00000000eab00000| Untracked |  0
| 172|0x00000000eac00000, 0x00000000eac00000, 0x00000000ead00000|  0%| F|  |TAMS 0x00000000eac00000| PB 0x00000000eac00000| Untracked |  0
| 173|0x00000000ead00000, 0x00000000ead00000, 0x00000000eae00000|  0%| F|  |TAMS 0x00000000ead00000| PB 0x00000000ead00000| Untracked |  0
| 174|0x00000000eae00000, 0x00000000eae00000, 0x00000000eaf00000|  0%| F|  |TAMS 0x00000000eae00000| PB 0x00000000eae00000| Untracked |  0
| 175|0x00000000eaf00000, 0x00000000eaf00000, 0x00000000eb000000|  0%| F|  |TAMS 0x00000000eaf00000| PB 0x00000000eaf00000| Untracked |  0
| 176|0x00000000eb000000, 0x00000000eb000000, 0x00000000eb100000|  0%| F|  |TAMS 0x00000000eb000000| PB 0x00000000eb000000| Untracked |  0
| 177|0x00000000eb100000, 0x00000000eb100000, 0x00000000eb200000|  0%| F|  |TAMS 0x00000000eb100000| PB 0x00000000eb100000| Untracked |  0
| 178|0x00000000eb200000, 0x00000000eb200000, 0x00000000eb300000|  0%| F|  |TAMS 0x00000000eb200000| PB 0x00000000eb200000| Untracked |  0
| 179|0x00000000eb300000, 0x00000000eb300000, 0x00000000eb400000|  0%| F|  |TAMS 0x00000000eb300000| PB 0x00000000eb300000| Untracked |  0
| 180|0x00000000eb400000, 0x00000000eb400000, 0x00000000eb500000|  0%| F|  |TAMS 0x00000000eb400000| PB 0x00000000eb400000| Untracked |  0
| 181|0x00000000eb500000, 0x00000000eb500000, 0x00000000eb600000|  0%| F|  |TAMS 0x00000000eb500000| PB 0x00000000eb500000| Untracked |  0
| 182|0x00000000eb600000, 0x00000000eb68bd40, 0x00000000eb700000| 54%| E|  |TAMS 0x00000000eb600000| PB 0x00000000eb600000| Complete |  0
| 183|0x00000000eb700000, 0x00000000eb800000, 0x00000000eb800000|100%| E|CS|TAMS 0x00000000eb700000| PB 0x00000000eb700000| Complete |  0
| 184|0x00000000eb800000, 0x00000000eb900000, 0x00000000eb900000|100%| E|CS|TAMS 0x00000000eb800000| PB 0x00000000eb800000| Complete |  0
| 185|0x00000000eb900000, 0x00000000eba00000, 0x00000000eba00000|100%| E|CS|TAMS 0x00000000eb900000| PB 0x00000000eb900000| Complete |  0
| 186|0x00000000eba00000, 0x00000000ebb00000, 0x00000000ebb00000|100%| E|CS|TAMS 0x00000000eba00000| PB 0x00000000eba00000| Complete |  0
| 187|0x00000000ebb00000, 0x00000000ebc00000, 0x00000000ebc00000|100%| E|CS|TAMS 0x00000000ebb00000| PB 0x00000000ebb00000| Complete |  0
| 188|0x00000000ebc00000, 0x00000000ebd00000, 0x00000000ebd00000|100%| E|CS|TAMS 0x00000000ebc00000| PB 0x00000000ebc00000| Complete |  0
| 189|0x00000000ebd00000, 0x00000000ebe00000, 0x00000000ebe00000|100%| E|  |TAMS 0x00000000ebd00000| PB 0x00000000ebd00000| Complete |  0
| 190|0x00000000ebe00000, 0x00000000ebf00000, 0x00000000ebf00000|100%| E|CS|TAMS 0x00000000ebe00000| PB 0x00000000ebe00000| Complete |  0
| 191|0x00000000ebf00000, 0x00000000ec000000, 0x00000000ec000000|100%| E|CS|TAMS 0x00000000ebf00000| PB 0x00000000ebf00000| Complete |  0
| 192|0x00000000ec000000, 0x00000000ec100000, 0x00000000ec100000|100%| E|CS|TAMS 0x00000000ec000000| PB 0x00000000ec000000| Complete |  0
| 193|0x00000000ec100000, 0x00000000ec200000, 0x00000000ec200000|100%| E|CS|TAMS 0x00000000ec100000| PB 0x00000000ec100000| Complete |  0
| 194|0x00000000ec200000, 0x00000000ec300000, 0x00000000ec300000|100%| E|CS|TAMS 0x00000000ec200000| PB 0x00000000ec200000| Complete |  0
| 195|0x00000000ec300000, 0x00000000ec400000, 0x00000000ec400000|100%| E|CS|TAMS 0x00000000ec300000| PB 0x00000000ec300000| Complete |  0
| 196|0x00000000ec400000, 0x00000000ec500000, 0x00000000ec500000|100%| E|CS|TAMS 0x00000000ec400000| PB 0x00000000ec400000| Complete |  0
| 197|0x00000000ec500000, 0x00000000ec600000, 0x00000000ec600000|100%| E|CS|TAMS 0x00000000ec500000| PB 0x00000000ec500000| Complete |  0
| 198|0x00000000ec600000, 0x00000000ec700000, 0x00000000ec700000|100%| E|CS|TAMS 0x00000000ec600000| PB 0x00000000ec600000| Complete |  0
| 199|0x00000000ec700000, 0x00000000ec800000, 0x00000000ec800000|100%| E|CS|TAMS 0x00000000ec700000| PB 0x00000000ec700000| Complete |  0
| 200|0x00000000ec800000, 0x00000000ec900000, 0x00000000ec900000|100%| E|CS|TAMS 0x00000000ec800000| PB 0x00000000ec800000| Complete |  0
| 201|0x00000000ec900000, 0x00000000eca00000, 0x00000000eca00000|100%| E|CS|TAMS 0x00000000ec900000| PB 0x00000000ec900000| Complete |  0
| 202|0x00000000eca00000, 0x00000000ecb00000, 0x00000000ecb00000|100%| E|CS|TAMS 0x00000000eca00000| PB 0x00000000eca00000| Complete |  0
| 203|0x00000000ecb00000, 0x00000000ecc00000, 0x00000000ecc00000|100%| E|CS|TAMS 0x00000000ecb00000| PB 0x00000000ecb00000| Complete |  0
| 204|0x00000000ecc00000, 0x00000000ecd00000, 0x00000000ecd00000|100%| E|CS|TAMS 0x00000000ecc00000| PB 0x00000000ecc00000| Complete |  0
| 205|0x00000000ecd00000, 0x00000000ece00000, 0x00000000ece00000|100%| E|CS|TAMS 0x00000000ecd00000| PB 0x00000000ecd00000| Complete |  0
| 206|0x00000000ece00000, 0x00000000ecf00000, 0x00000000ecf00000|100%| E|CS|TAMS 0x00000000ece00000| PB 0x00000000ece00000| Complete |  0
| 207|0x00000000ecf00000, 0x00000000ed000000, 0x00000000ed000000|100%| E|CS|TAMS 0x00000000ecf00000| PB 0x00000000ecf00000| Complete |  0
| 208|0x00000000ed000000, 0x00000000ed100000, 0x00000000ed100000|100%| E|CS|TAMS 0x00000000ed000000| PB 0x00000000ed000000| Complete |  0
| 209|0x00000000ed100000, 0x00000000ed200000, 0x00000000ed200000|100%| E|CS|TAMS 0x00000000ed100000| PB 0x00000000ed100000| Complete |  0
| 210|0x00000000ed200000, 0x00000000ed300000, 0x00000000ed300000|100%| E|CS|TAMS 0x00000000ed200000| PB 0x00000000ed200000| Complete |  0
| 211|0x00000000ed300000, 0x00000000ed400000, 0x00000000ed400000|100%| E|CS|TAMS 0x00000000ed300000| PB 0x00000000ed300000| Complete |  0
| 212|0x00000000ed400000, 0x00000000ed500000, 0x00000000ed500000|100%| E|CS|TAMS 0x00000000ed400000| PB 0x00000000ed400000| Complete |  0
| 213|0x00000000ed500000, 0x00000000ed600000, 0x00000000ed600000|100%| E|CS|TAMS 0x00000000ed500000| PB 0x00000000ed500000| Complete |  0
| 214|0x00000000ed600000, 0x00000000ed700000, 0x00000000ed700000|100%| E|CS|TAMS 0x00000000ed600000| PB 0x00000000ed600000| Complete |  0
| 215|0x00000000ed700000, 0x00000000ed800000, 0x00000000ed800000|100%| E|CS|TAMS 0x00000000ed700000| PB 0x00000000ed700000| Complete |  0
| 216|0x00000000ed800000, 0x00000000ed900000, 0x00000000ed900000|100%| E|CS|TAMS 0x00000000ed800000| PB 0x00000000ed800000| Complete |  0
| 217|0x00000000ed900000, 0x00000000eda00000, 0x00000000eda00000|100%| E|CS|TAMS 0x00000000ed900000| PB 0x00000000ed900000| Complete |  0
| 218|0x00000000eda00000, 0x00000000edb00000, 0x00000000edb00000|100%| E|CS|TAMS 0x00000000eda00000| PB 0x00000000eda00000| Complete |  0
| 219|0x00000000edb00000, 0x00000000edc00000, 0x00000000edc00000|100%| E|CS|TAMS 0x00000000edb00000| PB 0x00000000edb00000| Complete |  0
| 220|0x00000000edc00000, 0x00000000edd00000, 0x00000000edd00000|100%| E|CS|TAMS 0x00000000edc00000| PB 0x00000000edc00000| Complete |  0
| 221|0x00000000edd00000, 0x00000000ede00000, 0x00000000ede00000|100%| E|CS|TAMS 0x00000000edd00000| PB 0x00000000edd00000| Complete |  0
| 222|0x00000000ede00000, 0x00000000edf00000, 0x00000000edf00000|100%| E|CS|TAMS 0x00000000ede00000| PB 0x00000000ede00000| Complete |  0
| 223|0x00000000edf00000, 0x00000000ee000000, 0x00000000ee000000|100%| E|CS|TAMS 0x00000000edf00000| PB 0x00000000edf00000| Complete |  0
| 224|0x00000000ee000000, 0x00000000ee100000, 0x00000000ee100000|100%| E|CS|TAMS 0x00000000ee000000| PB 0x00000000ee000000| Complete |  0
| 225|0x00000000ee100000, 0x00000000ee200000, 0x00000000ee200000|100%| E|CS|TAMS 0x00000000ee100000| PB 0x00000000ee100000| Complete |  0
| 226|0x00000000ee200000, 0x00000000ee300000, 0x00000000ee300000|100%| E|CS|TAMS 0x00000000ee200000| PB 0x00000000ee200000| Complete |  0
| 227|0x00000000ee300000, 0x00000000ee400000, 0x00000000ee400000|100%| E|CS|TAMS 0x00000000ee300000| PB 0x00000000ee300000| Complete |  0
| 228|0x00000000ee400000, 0x00000000ee500000, 0x00000000ee500000|100%| E|CS|TAMS 0x00000000ee400000| PB 0x00000000ee400000| Complete |  0
| 229|0x00000000ee500000, 0x00000000ee600000, 0x00000000ee600000|100%| E|CS|TAMS 0x00000000ee500000| PB 0x00000000ee500000| Complete |  0
| 230|0x00000000ee600000, 0x00000000ee700000, 0x00000000ee700000|100%| E|CS|TAMS 0x00000000ee600000| PB 0x00000000ee600000| Complete |  0
| 231|0x00000000ee700000, 0x00000000ee800000, 0x00000000ee800000|100%| E|CS|TAMS 0x00000000ee700000| PB 0x00000000ee700000| Complete |  0
| 232|0x00000000ee800000, 0x00000000ee900000, 0x00000000ee900000|100%| E|CS|TAMS 0x00000000ee800000| PB 0x00000000ee800000| Complete |  0
| 233|0x00000000ee900000, 0x00000000eea00000, 0x00000000eea00000|100%| E|CS|TAMS 0x00000000ee900000| PB 0x00000000ee900000| Complete |  0
| 234|0x00000000eea00000, 0x00000000eeb00000, 0x00000000eeb00000|100%| E|CS|TAMS 0x00000000eea00000| PB 0x00000000eea00000| Complete |  0
| 235|0x00000000eeb00000, 0x00000000eec00000, 0x00000000eec00000|100%| E|CS|TAMS 0x00000000eeb00000| PB 0x00000000eeb00000| Complete |  0
| 236|0x00000000eec00000, 0x00000000eed00000, 0x00000000eed00000|100%| E|CS|TAMS 0x00000000eec00000| PB 0x00000000eec00000| Complete |  0
| 237|0x00000000eed00000, 0x00000000eee00000, 0x00000000eee00000|100%| E|CS|TAMS 0x00000000eed00000| PB 0x00000000eed00000| Complete |  0
| 238|0x00000000eee00000, 0x00000000eef00000, 0x00000000eef00000|100%| E|CS|TAMS 0x00000000eee00000| PB 0x00000000eee00000| Complete |  0
| 239|0x00000000eef00000, 0x00000000ef000000, 0x00000000ef000000|100%| E|CS|TAMS 0x00000000eef00000| PB 0x00000000eef00000| Complete |  0
| 240|0x00000000ef000000, 0x00000000ef100000, 0x00000000ef100000|100%| E|CS|TAMS 0x00000000ef000000| PB 0x00000000ef000000| Complete |  0
| 241|0x00000000ef100000, 0x00000000ef200000, 0x00000000ef200000|100%| E|CS|TAMS 0x00000000ef100000| PB 0x00000000ef100000| Complete |  0
| 242|0x00000000ef200000, 0x00000000ef300000, 0x00000000ef300000|100%| E|CS|TAMS 0x00000000ef200000| PB 0x00000000ef200000| Complete |  0
| 243|0x00000000ef300000, 0x00000000ef400000, 0x00000000ef400000|100%| E|CS|TAMS 0x00000000ef300000| PB 0x00000000ef300000| Complete |  0
| 244|0x00000000ef400000, 0x00000000ef500000, 0x00000000ef500000|100%| E|CS|TAMS 0x00000000ef400000| PB 0x00000000ef400000| Complete |  0
| 245|0x00000000ef500000, 0x00000000ef600000, 0x00000000ef600000|100%| E|CS|TAMS 0x00000000ef500000| PB 0x00000000ef500000| Complete |  0
| 246|0x00000000ef600000, 0x00000000ef700000, 0x00000000ef700000|100%| E|CS|TAMS 0x00000000ef600000| PB 0x00000000ef600000| Complete |  0
| 247|0x00000000ef700000, 0x00000000ef800000, 0x00000000ef800000|100%| E|CS|TAMS 0x00000000ef700000| PB 0x00000000ef700000| Complete |  0
| 248|0x00000000ef800000, 0x00000000ef900000, 0x00000000ef900000|100%| E|CS|TAMS 0x00000000ef800000| PB 0x00000000ef800000| Complete |  0
| 249|0x00000000ef900000, 0x00000000efa00000, 0x00000000efa00000|100%| E|CS|TAMS 0x00000000ef900000| PB 0x00000000ef900000| Complete |  0
| 250|0x00000000efa00000, 0x00000000efb00000, 0x00000000efb00000|100%| E|CS|TAMS 0x00000000efa00000| PB 0x00000000efa00000| Complete |  0
| 251|0x00000000efb00000, 0x00000000efc00000, 0x00000000efc00000|100%| E|CS|TAMS 0x00000000efb00000| PB 0x00000000efb00000| Complete |  0
| 252|0x00000000efc00000, 0x00000000efd00000, 0x00000000efd00000|100%| E|CS|TAMS 0x00000000efc00000| PB 0x00000000efc00000| Complete |  0
| 255|0x00000000eff00000, 0x00000000f0000000, 0x00000000f0000000|100%| E|CS|TAMS 0x00000000eff00000| PB 0x00000000eff00000| Complete |  0
| 510|0x00000000ffe00000, 0x00000000fff00000, 0x00000000fff00000|100%| O|  |TAMS 0x00000000ffe00000| PB 0x00000000ffe00000| Untracked |  0
| 511|0x00000000fff00000, 0x0000000100000000, 0x0000000100000000|100%| E|CS|TAMS 0x00000000fff00000| PB 0x00000000fff00000| Complete |  0

Card table byte_map: [0x00000202c66b0000,0x00000202c67b0000] _byte_map_base: 0x00000202c5fb0000

Marking Bits: (CMBitMap*) 0x00000202ae4a8f40
 Bits: [0x00000202c67b0000, 0x00000202c6fb0000)

Polling page: 0x00000202ac2c0000

Metaspace:
Metaspace        used 81677K, committed 83968K, reserved 458752K
 class space     used 8761K, committed 10112K, reserved 327680K

Usage:
  Non-class:     71.21 MB used.
      Class:      8.56 MB used.
       Both:     79.76 MB used.

Virtual space:
  Non-class space:      128.00 MB reserved,      72.12 MB ( 56%) committed,  2 nodes.
      Class space:      320.00 MB reserved,       9.88 MB (  3%) committed,  1 nodes.
             Both:      448.00 MB reserved,      82.00 MB ( 18%) committed. 

Chunk freelists:
   Non-Class:  7.83 MB
       Class:  6.55 MB
        Both:  14.37 MB

MaxMetaspaceSize: 384.00 MB
CompressedClassSpaceSize: 320.00 MB
Initial GC threshold: 21.00 MB
Current GC threshold: 136.56 MB
CDS: on
 - commit_granule_bytes: 65536.
 - commit_granule_words: 8192.
 - virtual_space_node_default_size: 8388608.
 - enlarge_chunks_in_place: 1.
UseCompressedClassPointers 1, UseCompactObjectHeaders 0
Narrow klass pointer bits 32, Max shift 3
Narrow klass base: 0x0000000068000000, Narrow klass shift: 0
Encoding Range: [0x0000000068000000 - 0x0000000168000000), (4294967296 bytes)
Klass Range:    [0x0000000068010000 - 0x000000007d000000), (352256000 bytes)
Klass ID Range:  [65536 - 352321529) (352255993)
Protection zone: [0x0000000068000000 - 0x0000000068010000), (65536 bytes)


Internal statistics:

num_allocs_failed_limit: 15.
num_arena_births: 5534.
num_arena_deaths: 2000.
num_vsnodes_births: 3.
num_vsnodes_deaths: 0.
num_space_committed: 1312.
num_space_uncommitted: 0.
num_chunks_returned_to_freelist: 2241.
num_chunks_taken_from_freelist: 9894.
num_chunk_merges: 791.
num_chunk_splits: 5979.
num_chunks_enlarged: 3442.
num_inconsistent_stats: 0.

CodeHeap 'non-profiled nmethods': size=120064Kb used=7101Kb max_used=8826Kb free=112962Kb
 bounds [0x00000202bea10000, 0x00000202bf2b0000, 0x00000202c5f50000]
CodeHeap 'profiled nmethods': size=120000Kb used=19376Kb max_used=31614Kb free=100623Kb
 bounds [0x00000202b6f50000, 0x00000202b8e30000, 0x00000202be480000]
CodeHeap 'non-nmethods': size=5696Kb used=2048Kb max_used=2180Kb free=3647Kb
 bounds [0x00000202be480000, 0x00000202be6f0000, 0x00000202bea10000]
CodeCache: size=245760Kb, used=28525Kb, max_used=42620Kb, free=217232Kb
 total_blobs=14337, nmethods=13445, adapters=793, full_count=0
Compilation: enabled, stopped_count=0, restarted_count=0

Compilation events (20 events):
Event: 709.424 Thread 0x00000202c9bc8900 nmethod 26943 0x00000202bed19008 code [0x00000202bed19100, 0x00000202bed191f8]
Event: 709.431 Thread 0x00000202c9bc8900 26944       4       java.util.HashSet::toArray (18 bytes)
Event: 709.436 Thread 0x00000202c9bcbb40 nmethod 26942 0x00000202b720a808 code [0x00000202b720a900, 0x00000202b720b6d8]
Event: 709.449 Thread 0x00000202c9bc8900 nmethod 26944 0x00000202beb94e08 code [0x00000202beb94f00, 0x00000202beb95788]
Event: 709.466 Thread 0x00000202c9bc8900 26945       4       com.google.common.collect.LinkedHashMultimap::createCollection (14 bytes)
Event: 709.473 Thread 0x00000202c9bc8900 nmethod 26945 0x00000202bee32488 code [0x00000202bee32580, 0x00000202bee32878]
Event: 709.473 Thread 0x00000202c9bc8900 26946       4       com.google.common.collect.LinkedHashMultimap$ValueSet::<init> (55 bytes)
Event: 709.476 Thread 0x00000202c9bc8900 nmethod 26946 0x00000202bea4d608 code [0x00000202bea4d700, 0x00000202bea4deb0]
Event: 710.532 Thread 0x00000202c9bcbb40 26947       3       com.google.common.collect.RegularImmutableSortedSet::forEach (9 bytes)
Event: 710.533 Thread 0x00000202c9bcbb40 nmethod 26947 0x00000202b7130e88 code [0x00000202b7130f80, 0x00000202b7131150]
Event: 710.542 Thread 0x00000202c9bc8900 26948       4       org.gradle.internal.fingerprint.hashing.FileSystemLocationSnapshotHasher$1::appendConfigurationToHasher (14 bytes)
Event: 710.573 Thread 0x00000202c9bcbb40 26951       3       sun.nio.fs.NativeBuffers$1::threadTerminated (34 bytes)
Event: 710.577 Thread 0x00000202c9bc8900 nmethod 26948 0x00000202bea65188 code [0x00000202bea65280, 0x00000202bea65a00]
Event: 710.577 Thread 0x00000202c9bc8900 26949       4       org.gradle.tooling.internal.adapter.ProtocolToModelAdapter$InvocationHandlerImpl::invoke (176 bytes)
Event: 710.578 Thread 0x00000202c9bcbb40 nmethod 26951 0x00000202b70b3688 code [0x00000202b70b3780, 0x00000202b70b3f98]
Event: 710.578 Thread 0x00000202c9bcbb40 26950       3       sun.nio.fs.NativeBuffers$1::threadTerminated (9 bytes)
Event: 710.578 Thread 0x00000202c9bcbb40 nmethod 26950 0x00000202b759f688 code [0x00000202b759f780, 0x00000202b759f9a0]
Event: 712.798 Thread 0x00000202c9bcbb40 26952       3       sun.nio.fs.AbstractFileSystemProvider::deleteIfExists (7 bytes)
Event: 712.799 Thread 0x00000202c9bcbb40 nmethod 26952 0x00000202b71c5f08 code [0x00000202b71c6000, 0x00000202b71c61d0]
Event: 712.799 Thread 0x00000202c9bcbb40 26953   !   3       sun.nio.fs.WindowsFileSystemProvider::implDelete (131 bytes)

GC Heap Usage History (20 events):
Event: 490.508 {heap Before GC invocations=20 (full 0):
 garbage-first heap   total reserved 524288K, committed 262144K, used 230314K [0x00000000e0000000, 0x0000000100000000)
  region size 1024K, 153 young (156672K), 5 survivors (5120K)
}
Event: 490.521 {heap After GC invocations=21 (full 0):
 garbage-first heap   total reserved 524288K, committed 262144K, used 79441K [0x00000000e0000000, 0x0000000100000000)
  region size 1024K, 4 young (4096K), 4 survivors (4096K)
}
Event: 507.423 {heap Before GC invocations=22 (full 0):
 garbage-first heap   total reserved 524288K, committed 262144K, used 230993K [0x00000000e0000000, 0x0000000100000000)
  region size 1024K, 153 young (156672K), 4 survivors (4096K)
}
Event: 507.432 {heap After GC invocations=23 (full 0):
 garbage-first heap   total reserved 524288K, committed 262144K, used 80269K [0x00000000e0000000, 0x0000000100000000)
  region size 1024K, 5 young (5120K), 5 survivors (5120K)
}
Event: 529.988 {heap Before GC invocations=23 (full 0):
 garbage-first heap   total reserved 524288K, committed 262144K, used 230797K [0x00000000e0000000, 0x0000000100000000)
  region size 1024K, 153 young (156672K), 5 survivors (5120K)
}
Event: 530.045 {heap After GC invocations=24 (full 0):
 garbage-first heap   total reserved 524288K, committed 262144K, used 78882K [0x00000000e0000000, 0x0000000100000000)
  region size 1024K, 5 young (5120K), 5 survivors (5120K)
}
Event: 544.008 {heap Before GC invocations=24 (full 0):
 garbage-first heap   total reserved 524288K, committed 262144K, used 229410K [0x00000000e0000000, 0x0000000100000000)
  region size 1024K, 153 young (156672K), 5 survivors (5120K)
}
Event: 544.031 {heap After GC invocations=25 (full 0):
 garbage-first heap   total reserved 524288K, committed 262144K, used 78934K [0x00000000e0000000, 0x0000000100000000)
  region size 1024K, 5 young (5120K), 5 survivors (5120K)
}
Event: 579.910 {heap Before GC invocations=26 (full 0):
 garbage-first heap   total reserved 524288K, committed 262144K, used 229462K [0x00000000e0000000, 0x0000000100000000)
  region size 1024K, 153 young (156672K), 5 survivors (5120K)
}
Event: 579.979 {heap After GC invocations=27 (full 0):
 garbage-first heap   total reserved 524288K, committed 262144K, used 79338K [0x00000000e0000000, 0x0000000100000000)
  region size 1024K, 6 young (6144K), 6 survivors (6144K)
}
Event: 603.794 {heap Before GC invocations=27 (full 0):
 garbage-first heap   total reserved 524288K, committed 262144K, used 228842K [0x00000000e0000000, 0x0000000100000000)
  region size 1024K, 153 young (156672K), 6 survivors (6144K)
}
Event: 603.926 {heap After GC invocations=28 (full 0):
 garbage-first heap   total reserved 524288K, committed 262144K, used 78052K [0x00000000e0000000, 0x0000000100000000)
  region size 1024K, 6 young (6144K), 6 survivors (6144K)
}
Event: 636.623 {heap Before GC invocations=28 (full 0):
 garbage-first heap   total reserved 524288K, committed 262144K, used 227556K [0x00000000e0000000, 0x0000000100000000)
  region size 1024K, 153 young (156672K), 6 survivors (6144K)
}
Event: 636.747 {heap After GC invocations=29 (full 0):
 garbage-first heap   total reserved 524288K, committed 262144K, used 77290K [0x00000000e0000000, 0x0000000100000000)
  region size 1024K, 5 young (5120K), 5 survivors (5120K)
}
Event: 653.368 {heap Before GC invocations=30 (full 0):
 garbage-first heap   total reserved 524288K, committed 262144K, used 227818K [0x00000000e0000000, 0x0000000100000000)
  region size 1024K, 153 young (156672K), 5 survivors (5120K)
}
Event: 653.416 {heap After GC invocations=31 (full 0):
 garbage-first heap   total reserved 524288K, committed 262144K, used 78388K [0x00000000e0000000, 0x0000000100000000)
  region size 1024K, 6 young (6144K), 6 survivors (6144K)
}
Event: 685.563 {heap Before GC invocations=31 (full 0):
 garbage-first heap   total reserved 524288K, committed 262144K, used 227892K [0x00000000e0000000, 0x0000000100000000)
  region size 1024K, 153 young (156672K), 6 survivors (6144K)
}
Event: 685.658 {heap After GC invocations=32 (full 0):
 garbage-first heap   total reserved 524288K, committed 262144K, used 76689K [0x00000000e0000000, 0x0000000100000000)
  region size 1024K, 5 young (5120K), 5 survivors (5120K)
}
Event: 700.882 {heap Before GC invocations=32 (full 0):
 garbage-first heap   total reserved 524288K, committed 262144K, used 227217K [0x00000000e0000000, 0x0000000100000000)
  region size 1024K, 153 young (156672K), 5 survivors (5120K)
}
Event: 700.923 {heap After GC invocations=33 (full 0):
 garbage-first heap   total reserved 524288K, committed 262144K, used 76661K [0x00000000e0000000, 0x0000000100000000)
  region size 1024K, 5 young (5120K), 5 survivors (5120K)
}

Metaspace Usage History (20 events):
Event: 490.508 {metaspace Before GC invocations=20 (full 0):
 Metaspace       used 81041K, committed 83392K, reserved 458752K
  class space    used 8927K, committed 10112K, reserved 327680K
}
Event: 490.521 {metaspace After GC invocations=21 (full 0):
 Metaspace       used 81041K, committed 83392K, reserved 458752K
  class space    used 8927K, committed 10112K, reserved 327680K
}
Event: 507.423 {metaspace Before GC invocations=22 (full 0):
 Metaspace       used 79466K, committed 83456K, reserved 458752K
  class space    used 8476K, committed 10112K, reserved 327680K
}
Event: 507.432 {metaspace After GC invocations=23 (full 0):
 Metaspace       used 79466K, committed 83456K, reserved 458752K
  class space    used 8476K, committed 10112K, reserved 327680K
}
Event: 529.988 {metaspace Before GC invocations=23 (full 0):
 Metaspace       used 79659K, committed 83456K, reserved 458752K
  class space    used 8476K, committed 10112K, reserved 327680K
}
Event: 530.045 {metaspace After GC invocations=24 (full 0):
 Metaspace       used 79659K, committed 83456K, reserved 458752K
  class space    used 8476K, committed 10112K, reserved 327680K
}
Event: 544.008 {metaspace Before GC invocations=24 (full 0):
 Metaspace       used 80896K, committed 83520K, reserved 458752K
  class space    used 8698K, committed 10112K, reserved 327680K
}
Event: 544.031 {metaspace After GC invocations=25 (full 0):
 Metaspace       used 80896K, committed 83520K, reserved 458752K
  class space    used 8698K, committed 10112K, reserved 327680K
}
Event: 579.911 {metaspace Before GC invocations=26 (full 0):
 Metaspace       used 81333K, committed 83648K, reserved 458752K
  class space    used 8756K, committed 10112K, reserved 327680K
}
Event: 579.979 {metaspace After GC invocations=27 (full 0):
 Metaspace       used 81333K, committed 83648K, reserved 458752K
  class space    used 8756K, committed 10112K, reserved 327680K
}
Event: 603.795 {metaspace Before GC invocations=27 (full 0):
 Metaspace       used 81370K, committed 83648K, reserved 458752K
  class space    used 8757K, committed 10112K, reserved 327680K
}
Event: 603.926 {metaspace After GC invocations=28 (full 0):
 Metaspace       used 81370K, committed 83648K, reserved 458752K
  class space    used 8757K, committed 10112K, reserved 327680K
}
Event: 636.624 {metaspace Before GC invocations=28 (full 0):
 Metaspace       used 81512K, committed 83904K, reserved 458752K
  class space    used 8757K, committed 10112K, reserved 327680K
}
Event: 636.747 {metaspace After GC invocations=29 (full 0):
 Metaspace       used 81512K, committed 83904K, reserved 458752K
  class space    used 8757K, committed 10112K, reserved 327680K
}
Event: 653.368 {metaspace Before GC invocations=30 (full 0):
 Metaspace       used 81569K, committed 83904K, reserved 458752K
  class space    used 8760K, committed 10112K, reserved 327680K
}
Event: 653.418 {metaspace After GC invocations=31 (full 0):
 Metaspace       used 81569K, committed 83904K, reserved 458752K
  class space    used 8760K, committed 10112K, reserved 327680K
}
Event: 685.564 {metaspace Before GC invocations=31 (full 0):
 Metaspace       used 81638K, committed 83968K, reserved 458752K
  class space    used 8760K, committed 10112K, reserved 327680K
}
Event: 685.658 {metaspace After GC invocations=32 (full 0):
 Metaspace       used 81638K, committed 83968K, reserved 458752K
  class space    used 8760K, committed 10112K, reserved 327680K
}
Event: 700.882 {metaspace Before GC invocations=32 (full 0):
 Metaspace       used 81654K, committed 83968K, reserved 458752K
  class space    used 8760K, committed 10112K, reserved 327680K
}
Event: 700.923 {metaspace After GC invocations=33 (full 0):
 Metaspace       used 81654K, committed 83968K, reserved 458752K
  class space    used 8760K, committed 10112K, reserved 327680K
}

Dll operation events (14 events):
Event: 0.018 Loaded shared library C:\Program Files\Eclipse Adoptium\jdk-25.0.1.8-hotspot\bin\java.dll
Event: 0.132 Loaded shared library C:\Program Files\Eclipse Adoptium\jdk-25.0.1.8-hotspot\bin\zip.dll
Event: 0.139 Loaded shared library C:\Program Files\Eclipse Adoptium\jdk-25.0.1.8-hotspot\bin\instrument.dll
Event: 0.147 Loaded shared library C:\Program Files\Eclipse Adoptium\jdk-25.0.1.8-hotspot\bin\net.dll
Event: 0.152 Loaded shared library C:\Program Files\Eclipse Adoptium\jdk-25.0.1.8-hotspot\bin\nio.dll
Event: 0.158 Loaded shared library C:\Program Files\Eclipse Adoptium\jdk-25.0.1.8-hotspot\bin\zip.dll
Event: 0.545 Loaded shared library C:\Program Files\Eclipse Adoptium\jdk-25.0.1.8-hotspot\bin\jimage.dll
Event: 0.810 Loaded shared library C:\Program Files\Eclipse Adoptium\jdk-25.0.1.8-hotspot\bin\verify.dll
Event: 0.842 Loaded shared library C:\Users\jhoni\.gradle\native\660c5614fbf4a5f2a75b1949f50a0caf5cd603558e7d8a26e50b933a0cfb79d1\windows-amd64\native-platform.dll
Event: 0.881 Loaded shared library C:\Users\jhoni\.gradle\native\0.2.8\x86_64-windows-gnu\gradle-fileevents.dll
Event: 2.909 Loaded shared library C:\Program Files\Eclipse Adoptium\jdk-25.0.1.8-hotspot\bin\management.dll
Event: 2.920 Loaded shared library C:\Program Files\Eclipse Adoptium\jdk-25.0.1.8-hotspot\bin\management_ext.dll
Event: 3.320 Loaded shared library C:\Program Files\Eclipse Adoptium\jdk-25.0.1.8-hotspot\bin\extnet.dll
Event: 3.875 Loaded shared library C:\Program Files\Eclipse Adoptium\jdk-25.0.1.8-hotspot\bin\sunmscapi.dll

Deoptimization events (20 events):
Event: 661.819 Thread 0x00000202d0faded0 Uncommon trap: trap_request=0xffffff54 fr.pc=0x00000202bebf6138 relative=0x0000000000000838
Event: 661.819 Thread 0x00000202d0faded0 Uncommon trap: reason=speculate_null_check action=make_not_entrant pc=0x00000202bebf6138 method=java.util.concurrent.LinkedTransferQueue$DualNode.await(Ljava/lang/Object;JLjava/lang/Object;Z)Ljava/lang/Object; @ 167 c2
Event: 661.819 Thread 0x00000202d0faded0 DEOPT PACKING pc=0x00000202bebf6138 sp=0x000000ee19bff540
Event: 661.819 Thread 0x00000202d0faded0 DEOPT UNPACKING pc=0x00000202be59f902 sp=0x000000ee19bff398 mode 2
Event: 679.402 Thread 0x00000202d0722cf0 DEOPT PACKING pc=0x00000202b8bd816b sp=0x000000ee170ff290
Event: 679.404 Thread 0x00000202d0722cf0 DEOPT UNPACKING pc=0x00000202be4d1702 sp=0x000000ee170fe828 mode 0
Event: 687.010 Thread 0x00000202d2259640 DEOPT PACKING pc=0x00000202b8bd816b sp=0x000000ee197feee0
Event: 687.027 Thread 0x00000202d2259640 DEOPT UNPACKING pc=0x00000202be4d1702 sp=0x000000ee197fe478 mode 0
Event: 690.113 Thread 0x00000202d1ac1920 Uncommon trap: trap_request=0xffffffc6 fr.pc=0x00000202bed1fea0 relative=0x0000000000002120
Event: 690.114 Thread 0x00000202d1ac1920 Uncommon trap: reason=bimorphic_or_optimized_type_check action=maybe_recompile pc=0x00000202bed1fea0 method=java.util.concurrent.ConcurrentHashMap.compute(Ljava/lang/Object;Ljava/util/function/BiFunction;)Ljava/lang/Object; @ 374 c2
Event: 690.115 Thread 0x00000202d1ac1920 DEOPT PACKING pc=0x00000202bed1fea0 sp=0x000000ee16dfa220
Event: 690.117 Thread 0x00000202d1ac1920 DEOPT UNPACKING pc=0x00000202be59f902 sp=0x000000ee16dfa1c8 mode 2
Event: 691.614 Thread 0x00000202d467c3d0 DEOPT PACKING pc=0x00000202b8bd816b sp=0x000000ee197fee70
Event: 691.615 Thread 0x00000202d467c3d0 DEOPT UNPACKING pc=0x00000202be4d1702 sp=0x000000ee197fe408 mode 0
Event: 696.779 Thread 0x00000202d3165d40 DEOPT PACKING pc=0x00000202b745f4dc sp=0x000000ee16fff480
Event: 696.780 Thread 0x00000202d3165d40 DEOPT UNPACKING pc=0x00000202be4d1702 sp=0x000000ee16ffe988 mode 0
Event: 697.027 Thread 0x00000202d29f3e70 DEOPT PACKING pc=0x00000202b8bd816b sp=0x000000ee197ff0a0
Event: 697.027 Thread 0x00000202d29f3e70 DEOPT UNPACKING pc=0x00000202be4d1702 sp=0x000000ee197fe638 mode 0
Event: 702.319 Thread 0x00000202d2f1fdd0 DEOPT PACKING pc=0x00000202b8bd816b sp=0x000000ee14eff080
Event: 702.319 Thread 0x00000202d2f1fdd0 DEOPT UNPACKING pc=0x00000202be4d1702 sp=0x000000ee14efe618 mode 0

Classes loaded (20 events):
Event: 340.427 Loading class java/util/LinkedListCustomizer
Event: 340.427 Loading class java/util/LinkedListCustomizer done
Event: 340.461 Loading class sun/reflect/generics/tree/LongSignature
Event: 340.461 Loading class sun/reflect/generics/tree/LongSignature done
Event: 340.515 Loading class java/util/ArrayListBeanInfo
Event: 340.515 Loading class java/util/ArrayListBeanInfo done
Event: 340.515 Loading class java/util/ArrayListBeanInfo
Event: 340.515 Loading class java/util/ArrayListBeanInfo done
Event: 340.516 Loading class java/util/ArrayListCustomizer
Event: 340.516 Loading class java/util/ArrayListCustomizer done
Event: 340.516 Loading class java/util/ArrayListCustomizer
Event: 340.516 Loading class java/util/ArrayListCustomizer done
Event: 413.014 Loading class sun/security/ssl/Alert
Event: 413.047 Loading class sun/security/ssl/Alert done
Event: 413.054 Loading class sun/security/ssl/Alert$AlertConsumer
Event: 413.061 Loading class sun/security/ssl/Alert$AlertConsumer done
Event: 413.062 Loading class sun/security/ssl/Alert$Level
Event: 413.065 Loading class sun/security/ssl/Alert$Level done
Event: 441.530 Loading class java/lang/invoke/MethodHandleImpl$CountingWrapper$1
Event: 441.537 Loading class java/lang/invoke/MethodHandleImpl$CountingWrapper$1 done

Classes unloaded (20 events):
Event: 490.697 Thread 0x00000202c9ba46f0 Unloading class 0x000000006912a000 'java/lang/invoke/LambdaForm$MH+0x000000006912a000'
Event: 490.697 Thread 0x00000202c9ba46f0 Unloading class 0x0000000069104800 'java/lang/invoke/LambdaForm$MH+0x0000000069104800'
Event: 490.697 Thread 0x00000202c9ba46f0 Unloading class 0x0000000069104400 'java/lang/invoke/LambdaForm$MH+0x0000000069104400'
Event: 490.697 Thread 0x00000202c9ba46f0 Unloading class 0x00000000690db800 'java/lang/invoke/LambdaForm$MH+0x00000000690db800'
Event: 490.697 Thread 0x00000202c9ba46f0 Unloading class 0x00000000690da400 'java/lang/invoke/LambdaForm$MH+0x00000000690da400'
Event: 490.697 Thread 0x00000202c9ba46f0 Unloading class 0x00000000690d9c00 'java/lang/invoke/LambdaForm$MH+0x00000000690d9c00'
Event: 490.697 Thread 0x00000202c9ba46f0 Unloading class 0x00000000690d9400 'java/lang/invoke/LambdaForm$MH+0x00000000690d9400'
Event: 490.697 Thread 0x00000202c9ba46f0 Unloading class 0x00000000690d9000 'java/lang/invoke/LambdaForm$MH+0x00000000690d9000'
Event: 490.697 Thread 0x00000202c9ba46f0 Unloading class 0x00000000690cac00 'java/lang/invoke/LambdaForm$MH+0x00000000690cac00'
Event: 490.697 Thread 0x00000202c9ba46f0 Unloading class 0x00000000690c2000 'java/lang/invoke/LambdaForm$MH+0x00000000690c2000'
Event: 490.697 Thread 0x00000202c9ba46f0 Unloading class 0x00000000690c1c00 'java/lang/invoke/LambdaForm$BMH+0x00000000690c1c00'
Event: 490.697 Thread 0x00000202c9ba46f0 Unloading class 0x00000000690b8000 'java/lang/invoke/LambdaForm$MH+0x00000000690b8000'
Event: 490.697 Thread 0x00000202c9ba46f0 Unloading class 0x00000000690b7800 'java/lang/invoke/LambdaForm$MH+0x00000000690b7800'
Event: 490.697 Thread 0x00000202c9ba46f0 Unloading class 0x00000000690b7400 'java/lang/invoke/LambdaForm$MH+0x00000000690b7400'
Event: 490.697 Thread 0x00000202c9ba46f0 Unloading class 0x00000000690b6000 'java/lang/invoke/LambdaForm$MH+0x00000000690b6000'
Event: 490.697 Thread 0x00000202c9ba46f0 Unloading class 0x0000000069090400 'java/lang/invoke/LambdaForm$MH+0x0000000069090400'
Event: 490.697 Thread 0x00000202c9ba46f0 Unloading class 0x0000000069090000 'java/lang/invoke/LambdaForm$MH+0x0000000069090000'
Event: 490.697 Thread 0x00000202c9ba46f0 Unloading class 0x000000006908cc00 'java/lang/invoke/LambdaForm$MH+0x000000006908cc00'
Event: 490.697 Thread 0x00000202c9ba46f0 Unloading class 0x0000000069060400 'java/lang/invoke/LambdaForm$MH+0x0000000069060400'
Event: 490.697 Thread 0x00000202c9ba46f0 Unloading class 0x0000000069041000 'java/lang/invoke/LambdaForm$MH+0x0000000069041000'

Classes redefined (0 events):
No events

Internal exceptions (20 events):
Event: 707.021 Thread 0x00000202d1ac1920 Exception <a 'sun/nio/fs/WindowsException'{0x00000000eccf3698}> (0x00000000eccf3698) 
thrown [s\src\hotspot\share\prims\jni.cpp, line 516]
Event: 707.022 Thread 0x00000202d1ac1920 Exception <a 'sun/nio/fs/WindowsException'{0x00000000eccf4e10}> (0x00000000eccf4e10) 
thrown [s\src\hotspot\share\prims\jni.cpp, line 516]
Event: 707.023 Thread 0x00000202d1ac1920 Exception <a 'sun/nio/fs/WindowsException'{0x00000000eccf6578}> (0x00000000eccf6578) 
thrown [s\src\hotspot\share\prims\jni.cpp, line 516]
Event: 707.023 Thread 0x00000202d1ac1920 Exception <a 'sun/nio/fs/WindowsException'{0x00000000eccf78e0}> (0x00000000eccf78e0) 
thrown [s\src\hotspot\share\prims\jni.cpp, line 516]
Event: 707.130 Thread 0x00000202d1ac1920 Exception <a 'sun/nio/fs/WindowsException'{0x00000000ec930bd0}> (0x00000000ec930bd0) 
thrown [s\src\hotspot\share\prims\jni.cpp, line 516]
Event: 709.091 Thread 0x00000202d1ac1920 Exception <a 'java/io/IOException'{0x00000000ec9784f0}> (0x00000000ec9784f0) 
thrown [s\src\hotspot\share\prims\jni.cpp, line 516]
Event: 709.097 Thread 0x00000202d1ac1920 Exception <a 'java/io/IOException'{0x00000000ec8f0420}> (0x00000000ec8f0420) 
thrown [s\src\hotspot\share\prims\jni.cpp, line 516]
Event: 709.104 Thread 0x00000202d1ac1920 Exception <a 'java/io/IOException'{0x00000000ec8f8ee0}> (0x00000000ec8f8ee0) 
thrown [s\src\hotspot\share\prims\jni.cpp, line 516]
Event: 709.164 Thread 0x00000202d1ac1920 Exception <a 'java/io/IOException'{0x00000000ec798630}> (0x00000000ec798630) 
thrown [s\src\hotspot\share\prims\jni.cpp, line 516]
Event: 709.197 Thread 0x00000202d1ac1920 Exception <a 'java/io/IOException'{0x00000000ec621068}> (0x00000000ec621068) 
thrown [s\src\hotspot\share\prims\jni.cpp, line 516]
Event: 709.256 Thread 0x00000202d1ac1920 Exception <a 'java/io/IOException'{0x00000000ec562920}> (0x00000000ec562920) 
thrown [s\src\hotspot\share\prims\jni.cpp, line 516]
Event: 709.261 Thread 0x00000202d1ac1920 Exception <a 'sun/nio/fs/WindowsException'{0x00000000ec57eac8}> (0x00000000ec57eac8) 
thrown [s\src\hotspot\share\prims\jni.cpp, line 516]
Event: 709.262 Thread 0x00000202d1ac1920 Exception <a 'sun/nio/fs/WindowsException'{0x00000000ec580488}> (0x00000000ec580488) 
thrown [s\src\hotspot\share\prims\jni.cpp, line 516]
Event: 709.263 Thread 0x00000202d1ac1920 Exception <a 'sun/nio/fs/WindowsException'{0x00000000ec581bf0}> (0x00000000ec581bf0) 
thrown [s\src\hotspot\share\prims\jni.cpp, line 516]
Event: 709.264 Thread 0x00000202d1ac1920 Exception <a 'sun/nio/fs/WindowsException'{0x00000000ec582f58}> (0x00000000ec582f58) 
thrown [s\src\hotspot\share\prims\jni.cpp, line 516]
Event: 710.564 Thread 0x00000202d1ac1920 Exception <a 'sun/nio/fs/WindowsException'{0x00000000ebdb6c38}> (0x00000000ebdb6c38) 
thrown [s\src\hotspot\share\prims\jni.cpp, line 516]
Event: 712.822 Thread 0x00000202d1ac1920 Exception <a 'java/io/IOException'{0x00000000ebc97340}> (0x00000000ebc97340) 
thrown [s\src\hotspot\share\prims\jni.cpp, line 516]
Event: 712.827 Thread 0x00000202d1ac1920 Exception <a 'java/io/IOException'{0x00000000ebcb60b8}> (0x00000000ebcb60b8) 
thrown [s\src\hotspot\share\prims\jni.cpp, line 516]
Event: 712.831 Thread 0x00000202d1ac1920 Exception <a 'java/io/IOException'{0x00000000ebcbec20}> (0x00000000ebcbec20) 
thrown [s\src\hotspot\share\prims\jni.cpp, line 516]
Event: 714.822 Thread 0x00000202d1ac1920 Exception <a 'java/io/IOException'{0x00000000eba08aa8}> (0x00000000eba08aa8) 
thrown [s\src\hotspot\share\prims\jni.cpp, line 516]

VM Operations (20 events):
Event: 636.608 Executing safepoint VM operation: G1CollectForAllocation (G1 Evacuation Pause)
Event: 636.747 Executing safepoint VM operation: G1CollectForAllocation (G1 Evacuation Pause) done
Event: 637.312 Executing safepoint VM operation: G1PauseRemark
Event: 637.724 Executing safepoint VM operation: G1PauseRemark done
Event: 637.770 Executing safepoint VM operation: G1PauseCleanup
Event: 637.770 Executing safepoint VM operation: G1PauseCleanup done
Event: 653.364 Executing safepoint VM operation: G1CollectForAllocation (G1 Evacuation Pause)
Event: 653.418 Executing safepoint VM operation: G1CollectForAllocation (G1 Evacuation Pause) done
Event: 661.811 Executing non-safepoint VM operation: HandshakeAllThreads (HandshakeForDeflation)
Event: 661.811 Executing non-safepoint VM operation: HandshakeAllThreads (HandshakeForDeflation) done
Event: 661.811 Executing non-safepoint VM operation: RendezvousGCThreads
Event: 661.811 Executing non-safepoint VM operation: RendezvousGCThreads done
Event: 685.560 Executing safepoint VM operation: G1CollectForAllocation (G1 Evacuation Pause)
Event: 685.659 Executing safepoint VM operation: G1CollectForAllocation (G1 Evacuation Pause) done
Event: 700.882 Executing safepoint VM operation: G1CollectForAllocation (G1 Evacuation Pause)
Event: 700.923 Executing safepoint VM operation: G1CollectForAllocation (G1 Evacuation Pause) done
Event: 701.325 Executing safepoint VM operation: G1PauseRemark
Event: 701.439 Executing safepoint VM operation: G1PauseRemark done
Event: 701.495 Executing safepoint VM operation: G1PauseCleanup
Event: 701.495 Executing safepoint VM operation: G1PauseCleanup done

Memory protections (0 events):
No events

Nmethod flushes (20 events):
Event: 701.435 Thread 0x00000202c9ba46f0 flushing  nmethod 0x00000202b75c3788
Event: 701.435 Thread 0x00000202c9ba46f0 flushing  nmethod 0x00000202b75c3a88
Event: 701.435 Thread 0x00000202c9ba46f0 flushing  nmethod 0x00000202b7b47188
Event: 701.435 Thread 0x00000202c9ba46f0 flushing  nmethod 0x00000202b7b47a08
Event: 701.435 Thread 0x00000202c9ba46f0 flushing  nmethod 0x00000202b7c56c88
Event: 701.435 Thread 0x00000202c9ba46f0 flushing  nmethod 0x00000202b7f8e788
Event: 701.435 Thread 0x00000202c9ba46f0 flushing  nmethod 0x00000202b7f90c88
Event: 701.435 Thread 0x00000202c9ba46f0 flushing  nmethod 0x00000202b7f91288
Event: 701.435 Thread 0x00000202c9ba46f0 flushing  nmethod 0x00000202b807da88
Event: 701.435 Thread 0x00000202c9ba46f0 flushing  nmethod 0x00000202b80afb08
Event: 701.435 Thread 0x00000202c9ba46f0 flushing  nmethod 0x00000202b839fb88
Event: 701.435 Thread 0x00000202c9ba46f0 flushing  nmethod 0x00000202b8415188
Event: 701.435 Thread 0x00000202c9ba46f0 flushing  nmethod 0x00000202b8422b08
Event: 701.435 Thread 0x00000202c9ba46f0 flushing  nmethod 0x00000202b8423188
Event: 701.435 Thread 0x00000202c9ba46f0 flushing  nmethod 0x00000202b8546408
Event: 701.435 Thread 0x00000202c9ba46f0 flushing  nmethod 0x00000202b8559508
Event: 701.435 Thread 0x00000202c9ba46f0 flushing  nmethod 0x00000202b855a788
Event: 701.435 Thread 0x00000202c9ba46f0 flushing  nmethod 0x00000202b8560288
Event: 701.435 Thread 0x00000202c9ba46f0 flushing  nmethod 0x00000202b8560808
Event: 701.435 Thread 0x00000202c9ba46f0 flushing  nmethod 0x00000202b86bbd88

Events (20 events):
Event: 710.586 Thread 0x00000202d3164da0 Thread exited: 0x00000202d3164da0
Event: 710.586 Thread 0x00000202d43420e0 Thread exited: 0x00000202d43420e0
Event: 710.586 Thread 0x00000202d4345790 Thread exited: 0x00000202d4345790
Event: 710.586 Thread 0x00000202d4343850 Thread exited: 0x00000202d4343850
Event: 710.586 Thread 0x00000202d475fc30 Thread exited: 0x00000202d475fc30
Event: 710.586 Thread 0x00000202d3162e60 Thread exited: 0x00000202d3162e60
Event: 710.586 Thread 0x00000202d3163630 Thread exited: 0x00000202d3163630
Event: 710.586 Thread 0x00000202d20c17a0 Thread exited: 0x00000202d20c17a0
Event: 710.587 Thread 0x00000202d3165d40 Thread exited: 0x00000202d3165d40
Event: 710.600 Thread 0x00000202d06a5180 Thread exited: 0x00000202d06a5180
Event: 710.601 Thread 0x00000202d06a70c0 Thread exited: 0x00000202d06a70c0
Event: 710.622 Thread 0x00000202d06a7890 Thread exited: 0x00000202d06a7890
Event: 710.631 Thread 0x00000202d0b30280 Thread exited: 0x00000202d0b30280
Event: 710.633 Thread 0x00000202d0b32990 Thread exited: 0x00000202d0b32990
Event: 712.799 Thread 0x00000202d2f1fdd0 Thread added: 0x00000202d3f91980
Event: 712.806 Thread 0x00000202d2f1fdd0 Thread added: 0x00000202d3f8fa40
Event: 712.816 Thread 0x00000202d1ac1920 Thread added: 0x00000202d36db9b0
Event: 712.818 Thread 0x00000202d1ac1920 Thread added: 0x00000202d36dc950
Event: 712.819 Thread 0x00000202d1ac1920 Thread added: 0x00000202d36dd120
Event: 712.838 Thread 0x00000202d1ac1920 Thread added: 0x00000202d36de0c0


Dynamic libraries:
0x00007ff6b7680000 - 0x00007ff6b768e000 	C:\Program Files\Eclipse Adoptium\jdk-25.0.1.8-hotspot\bin\java.exe
0x00007ffd1bc40000 - 0x00007ffd1bea6000 	C:\WINDOWS\SYSTEM32\ntdll.dll
0x00007ffd1a480000 - 0x00007ffd1a549000 	C:\WINDOWS\System32\KERNEL32.DLL
0x00007ffd190a0000 - 0x00007ffd194a0000 	C:\WINDOWS\System32\KERNELBASE.dll
0x00007ffd15690000 - 0x00007ffd15730000 	C:\WINDOWS\SYSTEM32\apphelp.dll
0x00007ffd19850000 - 0x00007ffd1999c000 	C:\WINDOWS\System32\ucrtbase.dll
0x00007ffcbb660000 - 0x00007ffcbb676000 	C:\Program Files\Eclipse Adoptium\jdk-25.0.1.8-hotspot\bin\jli.dll
0x00007ffd1a1b0000 - 0x00007ffd1a377000 	C:\WINDOWS\System32\USER32.dll
0x00007ffcd36a0000 - 0x00007ffcd36be000 	C:\Program Files\Eclipse Adoptium\jdk-25.0.1.8-hotspot\bin\VCRUNTIME140.dll
0x00007ffd196f0000 - 0x00007ffd19717000 	C:\WINDOWS\System32\win32u.dll
0x00007ffd1bbd0000 - 0x00007ffd1bbfb000 	C:\WINDOWS\System32\GDI32.dll
0x00007ffcf7030000 - 0x00007ffcf72c2000 	C:\WINDOWS\WinSxS\amd64_microsoft.windows.common-controls_6595b64144ccf1df_6.0.26100.8544_none_3e0a7398e3328344\COMCTL32.dll
0x00007ffd19720000 - 0x00007ffd1984a000 	C:\WINDOWS\System32\gdi32full.dll
0x00007ffd19a20000 - 0x00007ffd19ac9000 	C:\WINDOWS\System32\msvcrt.dll
0x00007ffd18eb0000 - 0x00007ffd18f53000 	C:\WINDOWS\System32\msvcp_win.dll
0x00007ffd1b320000 - 0x00007ffd1b352000 	C:\WINDOWS\System32\IMM32.DLL
0x00007ffcd3b60000 - 0x00007ffcd3b6c000 	C:\Program Files\Eclipse Adoptium\jdk-25.0.1.8-hotspot\bin\vcruntime140_1.dll
0x00007ffc589a0000 - 0x00007ffc58a2d000 	C:\Program Files\Eclipse Adoptium\jdk-25.0.1.8-hotspot\bin\msvcp140.dll
0x00007ffc3ada0000 - 0x00007ffc3bcc6000 	C:\Program Files\Eclipse Adoptium\jdk-25.0.1.8-hotspot\bin\server\jvm.dll
0x00007ffd1ab40000 - 0x00007ffd1abf7000 	C:\WINDOWS\System32\ADVAPI32.dll
0x00007ffd1ace0000 - 0x00007ffd1ad8a000 	C:\WINDOWS\System32\sechost.dll
0x00007ffd19f50000 - 0x00007ffd1a068000 	C:\WINDOWS\System32\RPCRT4.dll
0x00007ffd19eb0000 - 0x00007ffd19f31000 	C:\WINDOWS\System32\WS2_32.dll
0x00007ffd18d10000 - 0x00007ffd18d6e000 	C:\WINDOWS\SYSTEM32\POWRPROF.dll
0x00007ffd16500000 - 0x00007ffd16536000 	C:\WINDOWS\SYSTEM32\WINMM.dll
0x00007ffd031f0000 - 0x00007ffd031fb000 	C:\WINDOWS\SYSTEM32\VERSION.dll
0x00007ffd18cf0000 - 0x00007ffd18d04000 	C:\WINDOWS\SYSTEM32\UMPDC.dll
0x00007ffd17bf0000 - 0x00007ffd17c0b000 	C:\WINDOWS\SYSTEM32\kernel.appcore.dll
0x00007ffcd2a10000 - 0x00007ffcd2a1a000 	C:\Program Files\Eclipse Adoptium\jdk-25.0.1.8-hotspot\bin\jimage.dll
0x00007ffd16210000 - 0x00007ffd16452000 	C:\WINDOWS\SYSTEM32\DBGHELP.DLL
0x00007ffd1af90000 - 0x00007ffd1b313000 	C:\WINDOWS\System32\combase.dll
0x00007ffd1ac00000 - 0x00007ffd1acd9000 	C:\WINDOWS\System32\OLEAUT32.dll
0x00007ffd164c0000 - 0x00007ffd164fb000 	C:\WINDOWS\SYSTEM32\dbgcore.DLL
0x00007ffd18f60000 - 0x00007ffd1900c000 	C:\WINDOWS\System32\bcryptPrimitives.dll
0x00007ffcfde70000 - 0x00007ffcfde7f000 	C:\Program Files\Eclipse Adoptium\jdk-25.0.1.8-hotspot\bin\instrument.dll
0x00007ffcd2360000 - 0x00007ffcd237e000 	C:\Program Files\Eclipse Adoptium\jdk-25.0.1.8-hotspot\bin\java.dll
0x00007ffd19bb0000 - 0x00007ffd19d4a000 	C:\WINDOWS\System32\ole32.dll
0x00007ffd1b360000 - 0x00007ffd1baf2000 	C:\WINDOWS\System32\SHELL32.dll
0x00007ffd169d0000 - 0x00007ffd17256000 	C:\WINDOWS\SYSTEM32\windows.storage.dll
0x00007ffd1a380000 - 0x00007ffd1a47a000 	C:\WINDOWS\System32\SHCORE.dll
0x00007ffd1a110000 - 0x00007ffd1a177000 	C:\WINDOWS\System32\shlwapi.dll
0x00007ffd18dd0000 - 0x00007ffd18df9000 	C:\WINDOWS\SYSTEM32\profapi.dll
0x00007ffcca970000 - 0x00007ffcca987000 	C:\Program Files\Eclipse Adoptium\jdk-25.0.1.8-hotspot\bin\zip.dll
0x00007ffcd1370000 - 0x00007ffcd1381000 	C:\Program Files\Eclipse Adoptium\jdk-25.0.1.8-hotspot\bin\net.dll
0x00007ffd18170000 - 0x00007ffd181dc000 	C:\WINDOWS\system32\mswsock.dll
0x00007ffccf940000 - 0x00007ffccf956000 	C:\Program Files\Eclipse Adoptium\jdk-25.0.1.8-hotspot\bin\nio.dll
0x00007ffcca960000 - 0x00007ffcca970000 	C:\Program Files\Eclipse Adoptium\jdk-25.0.1.8-hotspot\bin\verify.dll
0x00007ffcbaea0000 - 0x00007ffcbaec7000 	C:\Users\jhoni\.gradle\native\660c5614fbf4a5f2a75b1949f50a0caf5cd603558e7d8a26e50b933a0cfb79d1\windows-amd64\native-platform.dll
0x00007ffc508b0000 - 0x00007ffc50927000 	C:\Users\jhoni\.gradle\native\0.2.8\x86_64-windows-gnu\gradle-fileevents.dll
0x00007ffd087c0000 - 0x00007ffd087ca000 	C:\Program Files\Eclipse Adoptium\jdk-25.0.1.8-hotspot\bin\management.dll
0x00007ffcbcae0000 - 0x00007ffcbcaec000 	C:\Program Files\Eclipse Adoptium\jdk-25.0.1.8-hotspot\bin\management_ext.dll
0x00007ffd1a070000 - 0x00007ffd1a078000 	C:\WINDOWS\System32\PSAPI.DLL
0x00007ffd17590000 - 0x00007ffd175c3000 	C:\WINDOWS\SYSTEM32\IPHLPAPI.DLL
0x00007ffd19ad0000 - 0x00007ffd19ada000 	C:\WINDOWS\System32\NSI.dll
0x00007ffcc6080000 - 0x00007ffcc6089000 	C:\Program Files\Eclipse Adoptium\jdk-25.0.1.8-hotspot\bin\extnet.dll
0x00007ffd18460000 - 0x00007ffd1847b000 	C:\WINDOWS\SYSTEM32\CRYPTSP.dll
0x00007ffd17b50000 - 0x00007ffd17b89000 	C:\WINDOWS\system32\rsaenh.dll
0x00007ffd18220000 - 0x00007ffd18253000 	C:\WINDOWS\SYSTEM32\USERENV.dll
0x00007ffd18da0000 - 0x00007ffd18dca000 	C:\WINDOWS\SYSTEM32\bcrypt.dll
0x00007ffd18480000 - 0x00007ffd1848c000 	C:\WINDOWS\SYSTEM32\CRYPTBASE.dll
0x00007ffcbb800000 - 0x00007ffcbb80e000 	C:\Program Files\Eclipse Adoptium\jdk-25.0.1.8-hotspot\bin\sunmscapi.dll
0x00007ffd19570000 - 0x00007ffd196e8000 	C:\WINDOWS\System32\CRYPT32.dll
0x00007ffd18680000 - 0x00007ffd186b0000 	C:\WINDOWS\SYSTEM32\ncrypt.dll
0x00007ffd18630000 - 0x00007ffd1866f000 	C:\WINDOWS\SYSTEM32\NTASN1.dll
0x00007ffce8ea0000 - 0x00007ffce8ea8000 	C:\WINDOWS\system32\wshunix.dll
0x00007ffd17d10000 - 0x00007ffd17d46000 	C:\WINDOWS\SYSTEM32\ntmarta.dll
0x00007ffd17680000 - 0x00007ffd177d6000 	C:\WINDOWS\SYSTEM32\DNSAPI.dll
0x00007ffd17f20000 - 0x00007ffd17f2d000 	C:\WINDOWS\SYSTEM32\DSPARSE.dll
0x00007ffd06760000 - 0x00007ffd0676b000 	C:\Windows\System32\rasadhlp.dll
0x00007ffd07c70000 - 0x00007ffd07cf6000 	C:\WINDOWS\System32\fwpuclnt.dll

JVMTI agents:
C:\Users\jhoni\AppData\Roaming\Code\User\globalStorage\pleiades.java-extension-pack-jdk\gradle\latest\lib\agents\gradle-instrumentation-agent-9.7.1.jar path:C:\Program Files\Eclipse Adoptium\jdk-25.0.1.8-hotspot\bin\instrument.dll, loaded, initialized, instrumentlib options:none

dbghelp: loaded successfully - version: 4.0.5 - missing functions: none
symbol engine: initialized successfully - sym options: 0x614 - pdb path: .;C:\Program Files\Eclipse Adoptium\jdk-25.0.1.8-hotspot\bin;C:\WINDOWS\SYSTEM32;C:\WINDOWS\WinSxS\amd64_microsoft.windows.common-controls_6595b64144ccf1df_6.0.26100.8544_none_3e0a7398e3328344;C:\Program Files\Eclipse Adoptium\jdk-25.0.1.8-hotspot\bin\server;C:\Users\jhoni\.gradle\native\660c5614fbf4a5f2a75b1949f50a0caf5cd603558e7d8a26e50b933a0cfb79d1\windows-amd64;C:\Users\jhoni\.gradle\native\0.2.8\x86_64-windows-gnu

VM Arguments:
jvm_args: --add-opens=java.base/java.lang=ALL-UNNAMED --add-opens=java.base/java.lang.invoke=ALL-UNNAMED --add-opens=java.base/java.util=ALL-UNNAMED --add-opens=java.prefs/java.util.prefs=ALL-UNNAMED --add-exports=jdk.compiler/com.sun.tools.javac.api=ALL-UNNAMED --add-exports=jdk.compiler/com.sun.tools.javac.util=ALL-UNNAMED --add-opens=java.base/java.nio.charset=ALL-UNNAMED --add-opens=java.base/java.net=ALL-UNNAMED --add-opens=java.base/java.util.concurrent=ALL-UNNAMED --add-opens=java.base/java.util.concurrent.atomic=ALL-UNNAMED --add-opens=java.xml/javax.xml.namespace=ALL-UNNAMED --add-opens=java.base/java.time=ALL-UNNAMED --enable-native-access=ALL-UNNAMED -XX:MaxMetaspaceSize=384m -XX:+HeapDumpOnOutOfMemoryError -Xms256m -Xmx512m -Dfile.encoding=UTF-8 -Duser.country=US -Duser.language=en -Duser.variant -javaagent:C:\Users\jhoni\AppData\Roaming\Code\User\globalStorage\pleiades.java-extension-pack-jdk\gradle\latest\lib\agents\gradle-instrumentation-agent-9.7.1.jar 
java_command: org.gradle.launcher.daemon.bootstrap.GradleDaemon 9.7.1
java_class_path (initial): C:\Users\jhoni\AppData\Roaming\Code\User\globalStorage\pleiades.java-extension-pack-jdk\gradle\latest\lib\gradle-daemon-main-9.7.1.jar
Launcher Type: SUN_STANDARD

[Global flags]
     intx CICompilerCount                          = 4                                         {product} {ergonomic}
   size_t CompressedClassSpaceSize                 = 335544320                                 {product} {ergonomic}
     uint ConcGCThreads                            = 3                                         {product} {ergonomic}
     uint G1ConcRefinementThreads                  = 10                                        {product} {ergonomic}
   size_t G1HeapRegionSize                         = 1048576                                   {product} {ergonomic}
     bool HeapDumpOnOutOfMemoryError               = true                                   {manageable} {command line}
   size_t InitialHeapSize                          = 268435456                                 {product} {command line}
   size_t MarkStackSize                            = 4194304                                   {product} {ergonomic}
   size_t MarkStackSizeMax                         = 536870912                                 {product} {ergonomic}
   size_t MaxHeapSize                              = 536870912                                 {product} {command line}
   size_t MaxMetaspaceSize                         = 402653184                                 {product} {command line}
   size_t MaxNewSize                               = 321912832                                 {product} {ergonomic}
   size_t MinHeapDeltaBytes                        = 1048576                                   {product} {ergonomic}
   size_t MinHeapSize                              = 268435456                                 {product} {command line}
    uintx NonNMethodCodeHeapSize                   = 5832704                                {pd product} {ergonomic}
    uintx NonProfiledCodeHeapSize                  = 122945536                              {pd product} {ergonomic}
    uintx ProfiledCodeHeapSize                     = 122880000                              {pd product} {ergonomic}
    uintx ReservedCodeCacheSize                    = 251658240                              {pd product} {ergonomic}
     bool SegmentedCodeCache                       = true                                      {product} {ergonomic}
   size_t SoftMaxHeapSize                          = 536870912                              {manageable} {ergonomic}
     bool UseCompressedOops                        = true                           {product lp64_product} {ergonomic}
     bool UseG1GC                                  = true                                      {product} {ergonomic}
     bool UseLargePagesIndividualAllocation        = false                                  {pd product} {ergonomic}

Logging:
Log output configuration:
 #0: stdout all=warning uptime,level,tags foldmultilines=false
 #1: stderr all=off uptime,level,tags foldmultilines=false

Release file:
IMPLEMENTOR="Eclipse Adoptium" 
IMPLEMENTOR_VERSION="Temurin-25.0.1+8" 
JAVA_RUNTIME_VERSION="25.0.1+8-LTS" 
JAVA_VERSION="25.0.1" 
JAVA_VERSION_DATE="2025-10-21" 
LIBC="default" 
MODULES="java.base java.compiler java.datatransfer java.xml java.prefs java.desktop java.instrument java.logging java.management java.security.sasl java.naming java.rmi java.management.rmi java.net.http java.scripting java.security.jgss java.transaction.xa java.sql java.sql.rowset java.xml.crypto java.se java.smartcardio jdk.accessibility jdk.internal.jvmstat jdk.attach jdk.charsets jdk.internal.opt jdk.zipfs jdk.compiler jdk.crypto.cryptoki jdk.crypto.ec jdk.crypto.mscapi jdk.dynalink jdk.internal.ed jdk.editpad jdk.internal.vm.ci jdk.graal.compiler jdk.graal.compiler.management jdk.hotspot.agent jdk.httpserver jdk.incubator.vector jdk.internal.le jdk.internal.md jdk.jartool jdk.javadoc jdk.jcmd jdk.management jdk.management.agent jdk.jconsole jdk.jdeps jdk.jdwp.agent jdk.jdi jdk.jfr jdk.jlink jdk.jpackage jdk.jshell jdk.jsobject jdk.jstatd jdk.localedata jdk.management.jfr jdk.naming.dns jdk.naming.rmi jdk.net jdk.nio.mapmode jdk.sctp jdk.security.auth jdk.security.jgss jdk.unsupported jdk.unsupported.desktop jdk.xml.dom" 
OS_ARCH="x86_64" 
OS_NAME="Windows" 
SOURCE=".:git:61d6a2c1b35e" 
BUILD_SOURCE="git:839fa0b45d809157cffd3dc8515aad262a4a1776"
BUILD_SOURCE_REPO="https://github.com/adoptium/temurin-build.git"
SOURCE_REPO="https://github.com/adoptium/jdk25u.git"
FULL_VERSION="25.0.1+8-LTS"
SEMANTIC_VERSION="25.0.1+8"
BUILD_INFO="OS: Windows Server 2022 Version: 10.0"
JVM_VARIANT="Hotspot"
JVM_VERSION="25.0.1+8-LTS"
IMAGE_TYPE="JDK"

Environment Variables:
JAVA_HOME=C:\Program Files\Eclipse Adoptium\jdk-25.0.1.8-hotspot\
PATH=C:\Program Files\Eclipse Adoptium\jdk-25.0.1.8-hotspot\bin;C:\Program Files\Common Files\Oracle\Java\javapath;C:\Program Files (x86)\Common Files\Oracle\Java\java8path;C:\Program Files (x86)\Common Files\Oracle\Java\javapath;C:\WINDOWS\system32;C:\WINDOWS;C:\WINDOWS\System32\Wbem;C:\WINDOWS\System32\WindowsPowerShell\v1.0\;C:\WINDOWS\System32\OpenSSH\;C:\Program Files\dotnet\;C:\Program Files\nodejs\;C:\Program Files\Microsoft SQL Server\150\Tools\Binn\;C:\Program Files\Microsoft SQL Server\Client SDK\ODBC\170\Tools\Binn\;C:\Program Files\gs\gs10.06.0\bin;C:\Program Files\Git\cmd;C:\Program Files (x86)\Microsoft SQL Server\170\Tools\Binn\;C:\Program Files\Microsoft SQL Server\170\Tools\Binn\;C:\Program Files\Microsoft SQL Server\Client SDK\ODBC\180\Tools\Binn\;C:\Program Files\Microsoft SQL Server\170\DTS\Binn\;C:\Program Files\GitHub CLI\;C:\Users\jhoni\AppData\Local\agy\bin;C:\Program Files\MySQL\MySQL Shell 8.0\bin\;C:\Users\jhoni\AppData\Local\Microsoft\WindowsApps;C:\Users\jhoni\AppData\Roaming\npm;C:\Users\jhoni\AppData\Local\Programs\Microsoft VS Code\bin;C:\Users\jhoni\AppData\Local\GitHubDesktop\bin;C:\Users\jhoni\AppData\Local\Python\bin;C:\Users\jhoni\.dotnet\tools
USERNAME=jhoni
OS=Windows_NT
PROCESSOR_IDENTIFIER=Intel64 Family 6 Model 186 Stepping 3, GenuineIntel
TMP=C:\Users\jhoni\AppData\Local\Temp
TEMP=C:\Users\jhoni\AppData\Local\Temp




Compilation memory statistics disabled.

Periodic native trim disabled

---------------  S Y S T E M  ---------------

OS:
 Windows 11 , 64 bit Build 26100 (10.0.26100.8575)
OS uptime: 0 days 8:09 hours
Hyper-V role detected

CPU: total 12 (initial active 12) (6 cores per cpu, 2 threads per core) family 6 model 186 stepping 3 microcode 0x6134, cx8, cmov, fxsr, ht, mmx, 3dnowpref, sse, sse2, sse3, ssse3, sse4.1, sse4.2, popcnt, lzcnt, tsc, tscinvbit, avx, avx2, aes, erms, clmul, bmi1, bmi2, adx, sha, fma, vzeroupper, clflush, clflushopt, clwb, hv, serialize, rdtscp, rdpid, fsrm, gfni, f16c, cet_ibt, cet_ss
Processor Information for the first 12 processors :
  Max Mhz: 1300, Current Mhz: 1300, Mhz Limit: 1300

Memory: 4k page, system-wide physical 7876M (1098M free)
TotalPageFile size 32452M (AvailPageFile size 398M)
current process WorkingSet (physical memory assigned to process): 154M, peak: 434M
current process commit charge ("private bytes"): 560M, peak: 583M

vm_info: OpenJDK 64-Bit Server VM (25.0.1+8-LTS) for windows-amd64 JRE (25.0.1+8-LTS), built on 2025-10-21T00:00:00Z with unknown MS VC++:1942

END.
