#
# There is insufficient memory for the Java Runtime Environment to continue.
# Native memory allocation (malloc) failed to allocate 2011344 bytes. Error detail: Chunk::new
# Possible reasons:
#   The system is out of physical RAM or swap space
#   This process is running with CompressedOops enabled, and the Java Heap may be blocking the growth of the native heap
# Possible solutions:
#   Reduce memory load on the system
#   Increase physical memory or swap space
#   Check if swap backing store is full
#   Decrease Java heap size (-Xmx/-Xms)
#   Decrease number of Java threads
#   Decrease Java thread stack sizes (-Xss)
#   Set larger code cache with -XX:ReservedCodeCacheSize=
#   JVM is running with Unscaled Compressed Oops mode in which the Java heap is
#     placed in the first 4GB address space. The Java Heap base address is the
#     maximum limit for the native heap growth. Please use -XX:HeapBaseMinAddress
#     to set the Java Heap base and to place the Java Heap above 4GB virtual address.
# This output file may be truncated or incomplete.
#
#  Out of Memory Error (arena.cpp:168), pid=31976, tid=31120
#
# JRE version: OpenJDK Runtime Environment Temurin-21.0.12.1+1 (21.0.12.1+1) (build 21.0.12.1+1-LTS)
# Java VM: OpenJDK 64-Bit Server VM Temurin-21.0.12.1+1 (21.0.12.1+1-LTS, mixed mode, sharing, tiered, compressed oops, compressed class ptrs, g1 gc, windows-amd64)
# No core dump will be written. Minidumps are not enabled by default on client versions of Windows
#

---------------  S U M M A R Y ------------

Command Line: --add-opens=java.base/java.util=ALL-UNNAMED --add-opens=java.base/java.lang=ALL-UNNAMED --add-opens=java.base/java.lang.invoke=ALL-UNNAMED --add-opens=java.prefs/java.util.prefs=ALL-UNNAMED --add-exports=jdk.compiler/com.sun.tools.javac.api=ALL-UNNAMED --add-exports=jdk.compiler/com.sun.tools.javac.util=ALL-UNNAMED --add-opens=java.base/java.nio.charset=ALL-UNNAMED --add-opens=java.base/java.net=ALL-UNNAMED --add-opens=java.base/java.util.concurrent.atomic=ALL-UNNAMED -XX:MaxMetaspaceSize=384m -XX:+HeapDumpOnOutOfMemoryError -Xms256m -Xmx512m -Dfile.encoding=utf8 -Duser.country=US -Duser.language=en -Duser.variant -javaagent:C:\Users\jhoni\.gradle\wrapper\dists\gradle-8.9-bin\90cnw93cvbtalezasaz0blq0a\gradle-8.9\lib\agents\gradle-instrumentation-agent-8.9.jar org.gradle.launcher.daemon.bootstrap.GradleDaemon 8.9

Host: 13th Gen Intel(R) Core(TM) i5-1335U, 12 cores, 7G,  Windows 11 , 64 bit Build 26100 (10.0.26100.8575)
Time: Sat Sep 12 15:33:20 2026 Malay Peninsula Standard Time elapsed time: 31.651790 seconds (0d 0h 0m 31s)

---------------  T H R E A D  ---------------

Current thread (0x000001e0bfe469f0):  JavaThread "C2 CompilerThread1" daemon [_thread_in_native, id=31120, stack(0x0000001de4400000,0x0000001de4500000) (1024K)]


Current CompileTask:
C2:31651 5366       4       sun.reflect.generics.parser.SignatureParser::parsePackageNameAndSimpleClassTypeSignature (119 bytes)

Stack: [0x0000001de4400000,0x0000001de4500000]
Native frames: (J=compiled Java code, j=interpreted, Vv=VM code, C=native code)
V  [jvm.dll+0x6d83e9]
V  [jvm.dll+0x8b5736]
V  [jvm.dll+0x8b7cee]
V  [jvm.dll+0x8b83d3]
V  [jvm.dll+0x284596]
V  [jvm.dll+0xc685d]
V  [jvm.dll+0xc6da1]
V  [jvm.dll+0x3bf18b]
V  [jvm.dll+0x38b6d2]
V  [jvm.dll+0x38ab1a]
V  [jvm.dll+0x24c700]
V  [jvm.dll+0x24bce0]
V  [jvm.dll+0x1cb4ae]
V  [jvm.dll+0x25baad]
V  [jvm.dll+0x25a03a]
V  [jvm.dll+0x3f8aae]
V  [jvm.dll+0x8600cd]
V  [jvm.dll+0x6d6c1d]
C  [ucrtbase.dll+0x2cd30]
C  [KERNEL32.DLL+0x2e957]
C  [ntdll.dll+0xaad6c]


---------------  P R O C E S S  ---------------

Threads class SMR info:
_java_thread_list=0x000001e0c0270580, length=38, elements={
0x000001e08c794890, 0x000001e0a254c7f0, 0x000001e0a254d250, 0x000001e0a254de70,
0x000001e0a254eb30, 0x000001e0a2553720, 0x000001e0a2555f10, 0x000001e0a2551990,
0x000001e0a25525f0, 0x000001e0a2822df0, 0x000001e0a28a67b0, 0x000001e0a2694640,
0x000001e0bd4d9350, 0x000001e0a28618f0, 0x000001e0bd6903c0, 0x000001e0a2956730,
0x000001e0a2954cf0, 0x000001e0a2955380, 0x000001e0a2955a10, 0x000001e0a29560a0,
0x000001e0a2956dc0, 0x000001e0a2953940, 0x000001e0a2953fd0, 0x000001e0a2954660,
0x000001e0bde90c20, 0x000001e0bde93380, 0x000001e0bde912b0, 0x000001e0bde91940,
0x000001e0bde92cf0, 0x000001e0bde8ff00, 0x000001e0bde94dc0, 0x000001e0bde95450,
0x000001e0bde94730, 0x000001e0bde91fd0, 0x000001e0bde96800, 0x000001e0bde96e90,
0x000001e0bde940a0, 0x000001e0bfe469f0
}

Java Threads: ( => current thread )
  0x000001e08c794890 JavaThread "main"                              [_thread_blocked, id=31784, stack(0x0000001de0d00000,0x0000001de0e00000) (1024K)]
  0x000001e0a254c7f0 JavaThread "Reference Handler"          daemon [_thread_blocked, id=26236, stack(0x0000001de1500000,0x0000001de1600000) (1024K)]
  0x000001e0a254d250 JavaThread "Finalizer"                  daemon [_thread_blocked, id=27408, stack(0x0000001de1600000,0x0000001de1700000) (1024K)]
  0x000001e0a254de70 JavaThread "Signal Dispatcher"          daemon [_thread_blocked, id=26712, stack(0x0000001de1700000,0x0000001de1800000) (1024K)]
  0x000001e0a254eb30 JavaThread "Attach Listener"            daemon [_thread_blocked, id=30980, stack(0x0000001de1800000,0x0000001de1900000) (1024K)]
  0x000001e0a2553720 JavaThread "Service Thread"             daemon [_thread_blocked, id=31068, stack(0x0000001de1900000,0x0000001de1a00000) (1024K)]
  0x000001e0a2555f10 JavaThread "Monitor Deflation Thread"   daemon [_thread_blocked, id=8256, stack(0x0000001de1a00000,0x0000001de1b00000) (1024K)]
  0x000001e0a2551990 JavaThread "C2 CompilerThread0"         daemon [_thread_in_native, id=34380, stack(0x0000001de1b00000,0x0000001de1c00000) (1024K)]
  0x000001e0a25525f0 JavaThread "C1 CompilerThread0"         daemon [_thread_blocked, id=31860, stack(0x0000001de1c00000,0x0000001de1d00000) (1024K)]
  0x000001e0a2822df0 JavaThread "Common-Cleaner"             daemon [_thread_blocked, id=31656, stack(0x0000001de1d00000,0x0000001de1e00000) (1024K)]
  0x000001e0a28a67b0 JavaThread "Notification Thread"        daemon [_thread_blocked, id=19016, stack(0x0000001de1e00000,0x0000001de1f00000) (1024K)]
  0x000001e0a2694640 JavaThread "Daemon health stats"               [_thread_blocked, id=25440, stack(0x0000001de2400000,0x0000001de2500000) (1024K)]
  0x000001e0bd4d9350 JavaThread "Incoming local TCP Connector on port 53189"        [_thread_in_native, id=33592, stack(0x0000001de2500000,0x0000001de2600000) (1024K)]
  0x000001e0a28618f0 JavaThread "Daemon periodic checks"            [_thread_blocked, id=31176, stack(0x0000001de2600000,0x0000001de2700000) (1024K)]
  0x000001e0bd6903c0 JavaThread "Daemon"                            [_thread_blocked, id=12164, stack(0x0000001de2700000,0x0000001de2800000) (1024K)]
  0x000001e0a2956730 JavaThread "Daemon worker"                     [_thread_in_vm, id=31712, stack(0x0000001de2a00000,0x0000001de2b00000) (1024K)]
  0x000001e0a2954cf0 JavaThread "Handler for socket connection from /127.0.0.1:53189 to /127.0.0.1:53193"        [_thread_in_native, id=32132, stack(0x0000001de2800000,0x0000001de2900000) (1024K)]
  0x000001e0a2955380 JavaThread "Daemon Thread 2"                   [_thread_blocked, id=30892, stack(0x0000001de2900000,0x0000001de2a00000) (1024K)]
  0x000001e0a2955a10 JavaThread "Cancel handler"                    [_thread_blocked, id=31680, stack(0x0000001de2b00000,0x0000001de2c00000) (1024K)]
  0x000001e0a29560a0 JavaThread "Asynchronous log dispatcher for DefaultDaemonConnection: socket connection from /127.0.0.1:53189 to /127.0.0.1:53193"        [_thread_blocked, id=31800, stack(0x0000001de2c00000,0x0000001de2d00000) (1024K)]
  0x000001e0a2956dc0 JavaThread "Stdin handler"                     [_thread_blocked, id=31488, stack(0x0000001de2d00000,0x0000001de2e00000) (1024K)]
  0x000001e0a2953940 JavaThread "Daemon client event forwarder"        [_thread_blocked, id=32564, stack(0x0000001de2e00000,0x0000001de2f00000) (1024K)]
  0x000001e0a2953fd0 JavaThread "Cache worker for journal cache (C:\Users\jhoni\.gradle\caches\journal-1)"        [_thread_blocked, id=32240, stack(0x0000001de2f00000,0x0000001de3000000) (1024K)]
  0x000001e0a2954660 JavaThread "File lock request listener"        [_thread_in_native, id=4776, stack(0x0000001de3000000,0x0000001de3100000) (1024K)]
  0x000001e0bde90c20 JavaThread "File lock release action executor"        [_thread_blocked, id=31040, stack(0x0000001de3100000,0x0000001de3200000) (1024K)]
  0x000001e0bde93380 JavaThread "Cache worker for file hash cache (C:\Users\jhoni\.gradle\caches\8.9\fileHashes)"        [_thread_blocked, id=34488, stack(0x0000001de3200000,0x0000001de3300000) (1024K)]
  0x000001e0bde912b0 JavaThread "Cache worker for file hash cache (C:\Users\jhoni\OneDrive\Documents\Auraline-Magna\.gradle\8.9\fileHashes)"        [_thread_blocked, id=22524, stack(0x0000001de3900000,0x0000001de3a00000) (1024K)]
  0x000001e0bde91940 JavaThread "Cache worker for Build Output Cleanup Cache (C:\Users\jhoni\OneDrive\Documents\Auraline-Magna\.gradle\buildOutputCleanup)"        [_thread_blocked, id=30956, stack(0x0000001de3a00000,0x0000001de3b00000) (1024K)]
  0x000001e0bde92cf0 JavaThread "File watcher server"        daemon [_thread_in_native, id=33356, stack(0x0000001de3b00000,0x0000001de3c00000) (1024K)]
  0x000001e0bde8ff00 JavaThread "File watcher consumer"      daemon [_thread_blocked, id=28480, stack(0x0000001de3c00000,0x0000001de3d00000) (1024K)]
  0x000001e0bde94dc0 JavaThread "Cache worker for checksums cache (C:\Users\jhoni\OneDrive\Documents\Auraline-Magna\.gradle\8.9\checksums)"        [_thread_blocked, id=34144, stack(0x0000001de3d00000,0x0000001de3e00000) (1024K)]
  0x000001e0bde95450 JavaThread "Cache worker for file content cache (C:\Users\jhoni\.gradle\caches\8.9\fileContent)"        [_thread_blocked, id=31476, stack(0x0000001de3e00000,0x0000001de3f00000) (1024K)]
  0x000001e0bde94730 JavaThread "Cache worker for cache directory md-rule (C:\Users\jhoni\.gradle\caches\8.9\md-rule)"        [_thread_blocked, id=33144, stack(0x0000001de3f00000,0x0000001de4000000) (1024K)]
  0x000001e0bde91fd0 JavaThread "Cache worker for cache directory md-supplier (C:\Users\jhoni\.gradle\caches\8.9\md-supplier)"        [_thread_blocked, id=33868, stack(0x0000001de4000000,0x0000001de4100000) (1024K)]
  0x000001e0bde96800 JavaThread "jar transforms"                    [_thread_blocked, id=31956, stack(0x0000001de4100000,0x0000001de4200000) (1024K)]
  0x000001e0bde96e90 JavaThread "jar transforms Thread 2"           [_thread_blocked, id=32208, stack(0x0000001de4200000,0x0000001de4300000) (1024K)]
  0x000001e0bde940a0 JavaThread "Memory manager"                    [_thread_blocked, id=19704, stack(0x0000001de4300000,0x0000001de4400000) (1024K)]
=>0x000001e0bfe469f0 JavaThread "C2 CompilerThread1"         daemon [_thread_in_native, id=31120, stack(0x0000001de4400000,0x0000001de4500000) (1024K)]
Total: 38

Other Threads:
  0x000001e0a252f710 VMThread "VM Thread"                           [id=31756, stack(0x0000001de1400000,0x0000001de1500000) (1024K)]
  0x000001e0a26019e0 WatcherThread "VM Periodic Task Thread"        [id=31308, stack(0x0000001de1300000,0x0000001de1400000) (1024K)]
  0x000001e08c7c3d70 WorkerThread "GC Thread#0"                     [id=22912, stack(0x0000001de0e00000,0x0000001de0f00000) (1024K)]
  0x000001e0bc1373f0 WorkerThread "GC Thread#1"                     [id=32692, stack(0x0000001de1f00000,0x0000001de2000000) (1024K)]
  0x000001e0bc21bc00 WorkerThread "GC Thread#2"                     [id=34680, stack(0x0000001de2000000,0x0000001de2100000) (1024K)]
  0x000001e0bc03a060 WorkerThread "GC Thread#3"                     [id=34012, stack(0x0000001de2100000,0x0000001de2200000) (1024K)]
  0x000001e0bc03a410 WorkerThread "GC Thread#4"                     [id=32828, stack(0x0000001de2200000,0x0000001de2300000) (1024K)]
  0x000001e0bc777040 WorkerThread "GC Thread#5"                     [id=13616, stack(0x0000001de2300000,0x0000001de2400000) (1024K)]
  0x000001e0bcabd1b0 WorkerThread "GC Thread#6"                     [id=31700, stack(0x0000001de3300000,0x0000001de3400000) (1024K)]
  0x000001e0bcabb430 WorkerThread "GC Thread#7"                     [id=968, stack(0x0000001de3400000,0x0000001de3500000) (1024K)]
  0x000001e0bcabbf40 WorkerThread "GC Thread#8"                     [id=22344, stack(0x0000001de3500000,0x0000001de3600000) (1024K)]
  0x000001e0bcabe420 WorkerThread "GC Thread#9"                     [id=13936, stack(0x0000001de3600000,0x0000001de3700000) (1024K)]
  0x000001e08c7c8470 ConcurrentGCThread "G1 Main Marker"            [id=22724, stack(0x0000001de0f00000,0x0000001de1000000) (1024K)]
  0x000001e08a4cafe0 WorkerThread "G1 Conc#0"                       [id=21124, stack(0x0000001de1000000,0x0000001de1100000) (1024K)]
  0x000001e0bcabc2f0 WorkerThread "G1 Conc#1"                       [id=34644, stack(0x0000001de3700000,0x0000001de3800000) (1024K)]
  0x000001e0bcabb7e0 WorkerThread "G1 Conc#2"                       [id=24816, stack(0x0000001de3800000,0x0000001de3900000) (1024K)]
  0x000001e0a246bfa0 ConcurrentGCThread "G1 Refine#0"               [id=31196, stack(0x0000001de1100000,0x0000001de1200000) (1024K)]
  0x000001e0a246c930 ConcurrentGCThread "G1 Service"                [id=8772, stack(0x0000001de1200000,0x0000001de1300000) (1024K)]
Total: 18

Threads with active compile tasks:
C2 CompilerThread0  31681 5408       4       groovy.lang.MetaClassImpl$1MOPIter::methodNameAction (325 bytes)
C2 CompilerThread1  31681 5366       4       sun.reflect.generics.parser.SignatureParser::parsePackageNameAndSimpleClassTypeSignature (119 bytes)
Total: 2

VM state: not at safepoint (normal execution)

VM Mutex/Monitor currently owned by a thread: None

Heap address: 0x00000000e0000000, size: 512 MB, Compressed Oops mode: 32-bit

CDS archive(s) mapped at: [0x000001e0a3000000-0x000001e0a3ba0000-0x000001e0a3ba0000), size 12189696, SharedBaseAddress: 0x000001e0a3000000, ArchiveRelocationMode: 1.
Compressed class space mapped at: 0x000001e0a4000000-0x000001e0b8000000, reserved size: 335544320
Narrow klass base: 0x000001e0a3000000, Narrow klass shift: 0, Narrow klass range: 0x100000000

GC Precious Log:
 CardTable entry size: 512
 Card Set container configuration: InlinePtr #cards 5 size 8 Array Of Cards #cards 12 size 40 Howl #buckets 4 coarsen threshold 1843 Howl Bitmap #cards 512 size 80 coarsen threshold 460 Card regions per heap region 1 cards per card region 2048
 CPUs: 12 total, 12 available
 Memory: 7876M
 Large Page Support: Disabled
 NUMA Support: Disabled
 Compressed Oops: Enabled (32-bit)
 Heap Region Size: 1M
 Heap Min Capacity: 256M
 Heap Initial Capacity: 256M
 Heap Max Capacity: 512M
 Pre-touch: Disabled
 Parallel Workers: 10
 Concurrent Workers: 3
 Concurrent Refinement Workers: 10
 Periodic GC: Disabled

Heap:
 garbage-first heap   total 262144K, used 150315K [0x00000000e0000000, 0x0000000100000000)
  region size 1024K, 112 young (114688K), 2 survivors (2048K)
 Metaspace       used 47383K, committed 49152K, reserved 393216K
  class space    used 6960K, committed 7808K, reserved 327680K

Heap Regions: E=young(eden), S=young(survivor), O=old, HS=humongous(starts), HC=humongous(continues), CS=collection set, F=free, TAMS=top-at-mark-start, PB=parsable bottom
|   0|0x00000000e0000000, 0x00000000e0100000, 0x00000000e0100000|100%|HS|  |TAMS 0x00000000e0000000| PB 0x00000000e0000000| Complete 
|   1|0x00000000e0100000, 0x00000000e0200000, 0x00000000e0200000|100%|HC|  |TAMS 0x00000000e0100000| PB 0x00000000e0100000| Complete 
|   2|0x00000000e0200000, 0x00000000e0300000, 0x00000000e0300000|100%|HC|  |TAMS 0x00000000e0200000| PB 0x00000000e0200000| Complete 
|   3|0x00000000e0300000, 0x00000000e0400000, 0x00000000e0400000|100%|HC|  |TAMS 0x00000000e0300000| PB 0x00000000e0300000| Complete 
|   4|0x00000000e0400000, 0x00000000e0500000, 0x00000000e0500000|100%| O|  |TAMS 0x00000000e0400000| PB 0x00000000e0400000| Untracked 
|   5|0x00000000e0500000, 0x00000000e0600000, 0x00000000e0600000|100%| O|  |TAMS 0x00000000e0500000| PB 0x00000000e0500000| Untracked 
|   6|0x00000000e0600000, 0x00000000e0700000, 0x00000000e0700000|100%| O|  |TAMS 0x00000000e0600000| PB 0x00000000e0600000| Untracked 
|   7|0x00000000e0700000, 0x00000000e0800000, 0x00000000e0800000|100%| O|  |TAMS 0x00000000e0700000| PB 0x00000000e0700000| Untracked 
|   8|0x00000000e0800000, 0x00000000e0900000, 0x00000000e0900000|100%| O|  |TAMS 0x00000000e0800000| PB 0x00000000e0800000| Untracked 
|   9|0x00000000e0900000, 0x00000000e0a00000, 0x00000000e0a00000|100%| O|  |TAMS 0x00000000e0900000| PB 0x00000000e0900000| Untracked 
|  10|0x00000000e0a00000, 0x00000000e0b00000, 0x00000000e0b00000|100%| O|  |TAMS 0x00000000e0a00000| PB 0x00000000e0a00000| Untracked 
|  11|0x00000000e0b00000, 0x00000000e0c00000, 0x00000000e0c00000|100%|HS|  |TAMS 0x00000000e0b00000| PB 0x00000000e0b00000| Complete 
|  12|0x00000000e0c00000, 0x00000000e0d00000, 0x00000000e0d00000|100%| O|  |TAMS 0x00000000e0c00000| PB 0x00000000e0c00000| Untracked 
|  13|0x00000000e0d00000, 0x00000000e0e00000, 0x00000000e0e00000|100%| O|  |TAMS 0x00000000e0d00000| PB 0x00000000e0d00000| Untracked 
|  14|0x00000000e0e00000, 0x00000000e0f00000, 0x00000000e0f00000|100%| O|  |TAMS 0x00000000e0e00000| PB 0x00000000e0e00000| Untracked 
|  15|0x00000000e0f00000, 0x00000000e1000000, 0x00000000e1000000|100%| O|  |TAMS 0x00000000e0f00000| PB 0x00000000e0f00000| Untracked 
|  16|0x00000000e1000000, 0x00000000e1100000, 0x00000000e1100000|100%| O|  |TAMS 0x00000000e1000000| PB 0x00000000e1000000| Untracked 
|  17|0x00000000e1100000, 0x00000000e1200000, 0x00000000e1200000|100%| O|  |TAMS 0x00000000e1100000| PB 0x00000000e1100000| Untracked 
|  18|0x00000000e1200000, 0x00000000e1300000, 0x00000000e1300000|100%| O|  |TAMS 0x00000000e1200000| PB 0x00000000e1200000| Untracked 
|  19|0x00000000e1300000, 0x00000000e1400000, 0x00000000e1400000|100%| O|  |TAMS 0x00000000e1300000| PB 0x00000000e1300000| Untracked 
|  20|0x00000000e1400000, 0x00000000e1500000, 0x00000000e1500000|100%| O|  |TAMS 0x00000000e1400000| PB 0x00000000e1400000| Untracked 
|  21|0x00000000e1500000, 0x00000000e1600000, 0x00000000e1600000|100%| O|  |TAMS 0x00000000e1500000| PB 0x00000000e1500000| Untracked 
|  22|0x00000000e1600000, 0x00000000e1700000, 0x00000000e1700000|100%| O|  |TAMS 0x00000000e1600000| PB 0x00000000e1600000| Untracked 
|  23|0x00000000e1700000, 0x00000000e1800000, 0x00000000e1800000|100%| O|  |TAMS 0x00000000e1700000| PB 0x00000000e1700000| Untracked 
|  24|0x00000000e1800000, 0x00000000e1900000, 0x00000000e1900000|100%| O|  |TAMS 0x00000000e1800000| PB 0x00000000e1800000| Untracked 
|  25|0x00000000e1900000, 0x00000000e1a00000, 0x00000000e1a00000|100%| O|  |TAMS 0x00000000e1900000| PB 0x00000000e1900000| Untracked 
|  26|0x00000000e1a00000, 0x00000000e1b00000, 0x00000000e1b00000|100%| O|  |TAMS 0x00000000e1a00000| PB 0x00000000e1a00000| Untracked 
|  27|0x00000000e1b00000, 0x00000000e1c00000, 0x00000000e1c00000|100%| O|  |TAMS 0x00000000e1b00000| PB 0x00000000e1b00000| Untracked 
|  28|0x00000000e1c00000, 0x00000000e1d00000, 0x00000000e1d00000|100%| O|  |TAMS 0x00000000e1c00000| PB 0x00000000e1c00000| Untracked 
|  29|0x00000000e1d00000, 0x00000000e1dcaec0, 0x00000000e1e00000| 79%| O|  |TAMS 0x00000000e1d00000| PB 0x00000000e1d00000| Untracked 
|  30|0x00000000e1e00000, 0x00000000e1f00000, 0x00000000e1f00000|100%|HS|  |TAMS 0x00000000e1e00000| PB 0x00000000e1e00000| Complete 
|  31|0x00000000e1f00000, 0x00000000e2000000, 0x00000000e2000000|100%|HS|  |TAMS 0x00000000e1f00000| PB 0x00000000e1f00000| Complete 
|  32|0x00000000e2000000, 0x00000000e2100000, 0x00000000e2100000|100%|HS|  |TAMS 0x00000000e2000000| PB 0x00000000e2000000| Complete 
|  33|0x00000000e2100000, 0x00000000e2200000, 0x00000000e2200000|100%|HS|  |TAMS 0x00000000e2100000| PB 0x00000000e2100000| Complete 
|  34|0x00000000e2200000, 0x00000000e2300000, 0x00000000e2300000|100%|HC|  |TAMS 0x00000000e2200000| PB 0x00000000e2200000| Complete 
|  35|0x00000000e2300000, 0x00000000e2400000, 0x00000000e2400000|100%|HS|  |TAMS 0x00000000e2300000| PB 0x00000000e2300000| Complete 
|  36|0x00000000e2400000, 0x00000000e2500000, 0x00000000e2500000|100%|HC|  |TAMS 0x00000000e2400000| PB 0x00000000e2400000| Complete 
|  37|0x00000000e2500000, 0x00000000e2500000, 0x00000000e2600000|  0%| F|  |TAMS 0x00000000e2500000| PB 0x00000000e2500000| Untracked 
|  38|0x00000000e2600000, 0x00000000e2600000, 0x00000000e2700000|  0%| F|  |TAMS 0x00000000e2600000| PB 0x00000000e2600000| Untracked 
|  39|0x00000000e2700000, 0x00000000e2700000, 0x00000000e2800000|  0%| F|  |TAMS 0x00000000e2700000| PB 0x00000000e2700000| Untracked 
|  40|0x00000000e2800000, 0x00000000e2800000, 0x00000000e2900000|  0%| F|  |TAMS 0x00000000e2800000| PB 0x00000000e2800000| Untracked 
|  41|0x00000000e2900000, 0x00000000e2900000, 0x00000000e2a00000|  0%| F|  |TAMS 0x00000000e2900000| PB 0x00000000e2900000| Untracked 
|  42|0x00000000e2a00000, 0x00000000e2a00000, 0x00000000e2b00000|  0%| F|  |TAMS 0x00000000e2a00000| PB 0x00000000e2a00000| Untracked 
|  43|0x00000000e2b00000, 0x00000000e2b00000, 0x00000000e2c00000|  0%| F|  |TAMS 0x00000000e2b00000| PB 0x00000000e2b00000| Untracked 
|  44|0x00000000e2c00000, 0x00000000e2c00000, 0x00000000e2d00000|  0%| F|  |TAMS 0x00000000e2c00000| PB 0x00000000e2c00000| Untracked 
|  45|0x00000000e2d00000, 0x00000000e2d00000, 0x00000000e2e00000|  0%| F|  |TAMS 0x00000000e2d00000| PB 0x00000000e2d00000| Untracked 
|  46|0x00000000e2e00000, 0x00000000e2e00000, 0x00000000e2f00000|  0%| F|  |TAMS 0x00000000e2e00000| PB 0x00000000e2e00000| Untracked 
|  47|0x00000000e2f00000, 0x00000000e2f00000, 0x00000000e3000000|  0%| F|  |TAMS 0x00000000e2f00000| PB 0x00000000e2f00000| Untracked 
|  48|0x00000000e3000000, 0x00000000e3000000, 0x00000000e3100000|  0%| F|  |TAMS 0x00000000e3000000| PB 0x00000000e3000000| Untracked 
|  49|0x00000000e3100000, 0x00000000e3100000, 0x00000000e3200000|  0%| F|  |TAMS 0x00000000e3100000| PB 0x00000000e3100000| Untracked 
|  50|0x00000000e3200000, 0x00000000e3200000, 0x00000000e3300000|  0%| F|  |TAMS 0x00000000e3200000| PB 0x00000000e3200000| Untracked 
|  51|0x00000000e3300000, 0x00000000e3300000, 0x00000000e3400000|  0%| F|  |TAMS 0x00000000e3300000| PB 0x00000000e3300000| Untracked 
|  52|0x00000000e3400000, 0x00000000e3400000, 0x00000000e3500000|  0%| F|  |TAMS 0x00000000e3400000| PB 0x00000000e3400000| Untracked 
|  53|0x00000000e3500000, 0x00000000e3500000, 0x00000000e3600000|  0%| F|  |TAMS 0x00000000e3500000| PB 0x00000000e3500000| Untracked 
|  54|0x00000000e3600000, 0x00000000e3600000, 0x00000000e3700000|  0%| F|  |TAMS 0x00000000e3600000| PB 0x00000000e3600000| Untracked 
|  55|0x00000000e3700000, 0x00000000e3700000, 0x00000000e3800000|  0%| F|  |TAMS 0x00000000e3700000| PB 0x00000000e3700000| Untracked 
|  56|0x00000000e3800000, 0x00000000e3800000, 0x00000000e3900000|  0%| F|  |TAMS 0x00000000e3800000| PB 0x00000000e3800000| Untracked 
|  57|0x00000000e3900000, 0x00000000e3900000, 0x00000000e3a00000|  0%| F|  |TAMS 0x00000000e3900000| PB 0x00000000e3900000| Untracked 
|  58|0x00000000e3a00000, 0x00000000e3a00000, 0x00000000e3b00000|  0%| F|  |TAMS 0x00000000e3a00000| PB 0x00000000e3a00000| Untracked 
|  59|0x00000000e3b00000, 0x00000000e3b00000, 0x00000000e3c00000|  0%| F|  |TAMS 0x00000000e3b00000| PB 0x00000000e3b00000| Untracked 
|  60|0x00000000e3c00000, 0x00000000e3c00000, 0x00000000e3d00000|  0%| F|  |TAMS 0x00000000e3c00000| PB 0x00000000e3c00000| Untracked 
|  61|0x00000000e3d00000, 0x00000000e3d00000, 0x00000000e3e00000|  0%| F|  |TAMS 0x00000000e3d00000| PB 0x00000000e3d00000| Untracked 
|  62|0x00000000e3e00000, 0x00000000e3e00000, 0x00000000e3f00000|  0%| F|  |TAMS 0x00000000e3e00000| PB 0x00000000e3e00000| Untracked 
|  63|0x00000000e3f00000, 0x00000000e3f00000, 0x00000000e4000000|  0%| F|  |TAMS 0x00000000e3f00000| PB 0x00000000e3f00000| Untracked 
|  64|0x00000000e4000000, 0x00000000e4000000, 0x00000000e4100000|  0%| F|  |TAMS 0x00000000e4000000| PB 0x00000000e4000000| Untracked 
|  65|0x00000000e4100000, 0x00000000e4100000, 0x00000000e4200000|  0%| F|  |TAMS 0x00000000e4100000| PB 0x00000000e4100000| Untracked 
|  66|0x00000000e4200000, 0x00000000e4200000, 0x00000000e4300000|  0%| F|  |TAMS 0x00000000e4200000| PB 0x00000000e4200000| Untracked 
|  67|0x00000000e4300000, 0x00000000e4300000, 0x00000000e4400000|  0%| F|  |TAMS 0x00000000e4300000| PB 0x00000000e4300000| Untracked 
|  68|0x00000000e4400000, 0x00000000e4400000, 0x00000000e4500000|  0%| F|  |TAMS 0x00000000e4400000| PB 0x00000000e4400000| Untracked 
|  69|0x00000000e4500000, 0x00000000e4500000, 0x00000000e4600000|  0%| F|  |TAMS 0x00000000e4500000| PB 0x00000000e4500000| Untracked 
|  70|0x00000000e4600000, 0x00000000e4600000, 0x00000000e4700000|  0%| F|  |TAMS 0x00000000e4600000| PB 0x00000000e4600000| Untracked 
|  71|0x00000000e4700000, 0x00000000e4700000, 0x00000000e4800000|  0%| F|  |TAMS 0x00000000e4700000| PB 0x00000000e4700000| Untracked 
|  72|0x00000000e4800000, 0x00000000e4800000, 0x00000000e4900000|  0%| F|  |TAMS 0x00000000e4800000| PB 0x00000000e4800000| Untracked 
|  73|0x00000000e4900000, 0x00000000e4900000, 0x00000000e4a00000|  0%| F|  |TAMS 0x00000000e4900000| PB 0x00000000e4900000| Untracked 
|  74|0x00000000e4a00000, 0x00000000e4a00000, 0x00000000e4b00000|  0%| F|  |TAMS 0x00000000e4a00000| PB 0x00000000e4a00000| Untracked 
|  75|0x00000000e4b00000, 0x00000000e4b00000, 0x00000000e4c00000|  0%| F|  |TAMS 0x00000000e4b00000| PB 0x00000000e4b00000| Untracked 
|  76|0x00000000e4c00000, 0x00000000e4c00000, 0x00000000e4d00000|  0%| F|  |TAMS 0x00000000e4c00000| PB 0x00000000e4c00000| Untracked 
|  77|0x00000000e4d00000, 0x00000000e4d00000, 0x00000000e4e00000|  0%| F|  |TAMS 0x00000000e4d00000| PB 0x00000000e4d00000| Untracked 
|  78|0x00000000e4e00000, 0x00000000e4e00000, 0x00000000e4f00000|  0%| F|  |TAMS 0x00000000e4e00000| PB 0x00000000e4e00000| Untracked 
|  79|0x00000000e4f00000, 0x00000000e4f00000, 0x00000000e5000000|  0%| F|  |TAMS 0x00000000e4f00000| PB 0x00000000e4f00000| Untracked 
|  80|0x00000000e5000000, 0x00000000e5000000, 0x00000000e5100000|  0%| F|  |TAMS 0x00000000e5000000| PB 0x00000000e5000000| Untracked 
|  81|0x00000000e5100000, 0x00000000e5100000, 0x00000000e5200000|  0%| F|  |TAMS 0x00000000e5100000| PB 0x00000000e5100000| Untracked 
|  82|0x00000000e5200000, 0x00000000e5200000, 0x00000000e5300000|  0%| F|  |TAMS 0x00000000e5200000| PB 0x00000000e5200000| Untracked 
|  83|0x00000000e5300000, 0x00000000e5300000, 0x00000000e5400000|  0%| F|  |TAMS 0x00000000e5300000| PB 0x00000000e5300000| Untracked 
|  84|0x00000000e5400000, 0x00000000e5400000, 0x00000000e5500000|  0%| F|  |TAMS 0x00000000e5400000| PB 0x00000000e5400000| Untracked 
|  85|0x00000000e5500000, 0x00000000e5500000, 0x00000000e5600000|  0%| F|  |TAMS 0x00000000e5500000| PB 0x00000000e5500000| Untracked 
|  86|0x00000000e5600000, 0x00000000e5600000, 0x00000000e5700000|  0%| F|  |TAMS 0x00000000e5600000| PB 0x00000000e5600000| Untracked 
|  87|0x00000000e5700000, 0x00000000e5700000, 0x00000000e5800000|  0%| F|  |TAMS 0x00000000e5700000| PB 0x00000000e5700000| Untracked 
|  88|0x00000000e5800000, 0x00000000e5800000, 0x00000000e5900000|  0%| F|  |TAMS 0x00000000e5800000| PB 0x00000000e5800000| Untracked 
|  89|0x00000000e5900000, 0x00000000e5900000, 0x00000000e5a00000|  0%| F|  |TAMS 0x00000000e5900000| PB 0x00000000e5900000| Untracked 
|  90|0x00000000e5a00000, 0x00000000e5a00000, 0x00000000e5b00000|  0%| F|  |TAMS 0x00000000e5a00000| PB 0x00000000e5a00000| Untracked 
|  91|0x00000000e5b00000, 0x00000000e5b00000, 0x00000000e5c00000|  0%| F|  |TAMS 0x00000000e5b00000| PB 0x00000000e5b00000| Untracked 
|  92|0x00000000e5c00000, 0x00000000e5c00000, 0x00000000e5d00000|  0%| F|  |TAMS 0x00000000e5c00000| PB 0x00000000e5c00000| Untracked 
|  93|0x00000000e5d00000, 0x00000000e5d00000, 0x00000000e5e00000|  0%| F|  |TAMS 0x00000000e5d00000| PB 0x00000000e5d00000| Untracked 
|  94|0x00000000e5e00000, 0x00000000e5e00000, 0x00000000e5f00000|  0%| F|  |TAMS 0x00000000e5e00000| PB 0x00000000e5e00000| Untracked 
|  95|0x00000000e5f00000, 0x00000000e5f00000, 0x00000000e6000000|  0%| F|  |TAMS 0x00000000e5f00000| PB 0x00000000e5f00000| Untracked 
|  96|0x00000000e6000000, 0x00000000e6000000, 0x00000000e6100000|  0%| F|  |TAMS 0x00000000e6000000| PB 0x00000000e6000000| Untracked 
|  97|0x00000000e6100000, 0x00000000e6100000, 0x00000000e6200000|  0%| F|  |TAMS 0x00000000e6100000| PB 0x00000000e6100000| Untracked 
|  98|0x00000000e6200000, 0x00000000e6200000, 0x00000000e6300000|  0%| F|  |TAMS 0x00000000e6200000| PB 0x00000000e6200000| Untracked 
|  99|0x00000000e6300000, 0x00000000e6300000, 0x00000000e6400000|  0%| F|  |TAMS 0x00000000e6300000| PB 0x00000000e6300000| Untracked 
| 100|0x00000000e6400000, 0x00000000e6400000, 0x00000000e6500000|  0%| F|  |TAMS 0x00000000e6400000| PB 0x00000000e6400000| Untracked 
| 101|0x00000000e6500000, 0x00000000e6500000, 0x00000000e6600000|  0%| F|  |TAMS 0x00000000e6500000| PB 0x00000000e6500000| Untracked 
| 102|0x00000000e6600000, 0x00000000e6600000, 0x00000000e6700000|  0%| F|  |TAMS 0x00000000e6600000| PB 0x00000000e6600000| Untracked 
| 103|0x00000000e6700000, 0x00000000e6700000, 0x00000000e6800000|  0%| F|  |TAMS 0x00000000e6700000| PB 0x00000000e6700000| Untracked 
| 104|0x00000000e6800000, 0x00000000e6800000, 0x00000000e6900000|  0%| F|  |TAMS 0x00000000e6800000| PB 0x00000000e6800000| Untracked 
| 105|0x00000000e6900000, 0x00000000e6900000, 0x00000000e6a00000|  0%| F|  |TAMS 0x00000000e6900000| PB 0x00000000e6900000| Untracked 
| 106|0x00000000e6a00000, 0x00000000e6a00000, 0x00000000e6b00000|  0%| F|  |TAMS 0x00000000e6a00000| PB 0x00000000e6a00000| Untracked 
| 107|0x00000000e6b00000, 0x00000000e6b00000, 0x00000000e6c00000|  0%| F|  |TAMS 0x00000000e6b00000| PB 0x00000000e6b00000| Untracked 
| 108|0x00000000e6c00000, 0x00000000e6c00000, 0x00000000e6d00000|  0%| F|  |TAMS 0x00000000e6c00000| PB 0x00000000e6c00000| Untracked 
| 109|0x00000000e6d00000, 0x00000000e6d00000, 0x00000000e6e00000|  0%| F|  |TAMS 0x00000000e6d00000| PB 0x00000000e6d00000| Untracked 
| 110|0x00000000e6e00000, 0x00000000e6e00000, 0x00000000e6f00000|  0%| F|  |TAMS 0x00000000e6e00000| PB 0x00000000e6e00000| Untracked 
| 111|0x00000000e6f00000, 0x00000000e6f00000, 0x00000000e7000000|  0%| F|  |TAMS 0x00000000e6f00000| PB 0x00000000e6f00000| Untracked 
| 112|0x00000000e7000000, 0x00000000e7000000, 0x00000000e7100000|  0%| F|  |TAMS 0x00000000e7000000| PB 0x00000000e7000000| Untracked 
| 113|0x00000000e7100000, 0x00000000e7100000, 0x00000000e7200000|  0%| F|  |TAMS 0x00000000e7100000| PB 0x00000000e7100000| Untracked 
| 114|0x00000000e7200000, 0x00000000e7200000, 0x00000000e7300000|  0%| F|  |TAMS 0x00000000e7200000| PB 0x00000000e7200000| Untracked 
| 115|0x00000000e7300000, 0x00000000e7300000, 0x00000000e7400000|  0%| F|  |TAMS 0x00000000e7300000| PB 0x00000000e7300000| Untracked 
| 116|0x00000000e7400000, 0x00000000e7400000, 0x00000000e7500000|  0%| F|  |TAMS 0x00000000e7400000| PB 0x00000000e7400000| Untracked 
| 117|0x00000000e7500000, 0x00000000e7500000, 0x00000000e7600000|  0%| F|  |TAMS 0x00000000e7500000| PB 0x00000000e7500000| Untracked 
| 118|0x00000000e7600000, 0x00000000e7600000, 0x00000000e7700000|  0%| F|  |TAMS 0x00000000e7600000| PB 0x00000000e7600000| Untracked 
| 119|0x00000000e7700000, 0x00000000e7700000, 0x00000000e7800000|  0%| F|  |TAMS 0x00000000e7700000| PB 0x00000000e7700000| Untracked 
| 120|0x00000000e7800000, 0x00000000e7800000, 0x00000000e7900000|  0%| F|  |TAMS 0x00000000e7800000| PB 0x00000000e7800000| Untracked 
| 121|0x00000000e7900000, 0x00000000e7900000, 0x00000000e7a00000|  0%| F|  |TAMS 0x00000000e7900000| PB 0x00000000e7900000| Untracked 
| 122|0x00000000e7a00000, 0x00000000e7a00000, 0x00000000e7b00000|  0%| F|  |TAMS 0x00000000e7a00000| PB 0x00000000e7a00000| Untracked 
| 123|0x00000000e7b00000, 0x00000000e7b00000, 0x00000000e7c00000|  0%| F|  |TAMS 0x00000000e7b00000| PB 0x00000000e7b00000| Untracked 
| 124|0x00000000e7c00000, 0x00000000e7c00000, 0x00000000e7d00000|  0%| F|  |TAMS 0x00000000e7c00000| PB 0x00000000e7c00000| Untracked 
| 125|0x00000000e7d00000, 0x00000000e7d00000, 0x00000000e7e00000|  0%| F|  |TAMS 0x00000000e7d00000| PB 0x00000000e7d00000| Untracked 
| 126|0x00000000e7e00000, 0x00000000e7e00000, 0x00000000e7f00000|  0%| F|  |TAMS 0x00000000e7e00000| PB 0x00000000e7e00000| Untracked 
| 127|0x00000000e7f00000, 0x00000000e7f00000, 0x00000000e8000000|  0%| F|  |TAMS 0x00000000e7f00000| PB 0x00000000e7f00000| Untracked 
| 128|0x00000000e8000000, 0x00000000e8000000, 0x00000000e8100000|  0%| F|  |TAMS 0x00000000e8000000| PB 0x00000000e8000000| Untracked 
| 129|0x00000000e8100000, 0x00000000e8100000, 0x00000000e8200000|  0%| F|  |TAMS 0x00000000e8100000| PB 0x00000000e8100000| Untracked 
| 130|0x00000000e8200000, 0x00000000e8200000, 0x00000000e8300000|  0%| F|  |TAMS 0x00000000e8200000| PB 0x00000000e8200000| Untracked 
| 131|0x00000000e8300000, 0x00000000e8300000, 0x00000000e8400000|  0%| F|  |TAMS 0x00000000e8300000| PB 0x00000000e8300000| Untracked 
| 132|0x00000000e8400000, 0x00000000e8400000, 0x00000000e8500000|  0%| F|  |TAMS 0x00000000e8400000| PB 0x00000000e8400000| Untracked 
| 133|0x00000000e8500000, 0x00000000e8500000, 0x00000000e8600000|  0%| F|  |TAMS 0x00000000e8500000| PB 0x00000000e8500000| Untracked 
| 134|0x00000000e8600000, 0x00000000e8600000, 0x00000000e8700000|  0%| F|  |TAMS 0x00000000e8600000| PB 0x00000000e8600000| Untracked 
| 135|0x00000000e8700000, 0x00000000e8700000, 0x00000000e8800000|  0%| F|  |TAMS 0x00000000e8700000| PB 0x00000000e8700000| Untracked 
| 136|0x00000000e8800000, 0x00000000e8800000, 0x00000000e8900000|  0%| F|  |TAMS 0x00000000e8800000| PB 0x00000000e8800000| Untracked 
| 137|0x00000000e8900000, 0x00000000e8900000, 0x00000000e8a00000|  0%| F|  |TAMS 0x00000000e8900000| PB 0x00000000e8900000| Untracked 
| 138|0x00000000e8a00000, 0x00000000e8a00000, 0x00000000e8b00000|  0%| F|  |TAMS 0x00000000e8a00000| PB 0x00000000e8a00000| Untracked 
| 139|0x00000000e8b00000, 0x00000000e8b00000, 0x00000000e8c00000|  0%| F|  |TAMS 0x00000000e8b00000| PB 0x00000000e8b00000| Untracked 
| 140|0x00000000e8c00000, 0x00000000e8c00000, 0x00000000e8d00000|  0%| F|  |TAMS 0x00000000e8c00000| PB 0x00000000e8c00000| Untracked 
| 141|0x00000000e8d00000, 0x00000000e8d00000, 0x00000000e8e00000|  0%| F|  |TAMS 0x00000000e8d00000| PB 0x00000000e8d00000| Untracked 
| 142|0x00000000e8e00000, 0x00000000e8e00000, 0x00000000e8f00000|  0%| F|  |TAMS 0x00000000e8e00000| PB 0x00000000e8e00000| Untracked 
| 143|0x00000000e8f00000, 0x00000000e8f753b0, 0x00000000e9000000| 45%| E|  |TAMS 0x00000000e8f00000| PB 0x00000000e8f00000| Complete 
| 144|0x00000000e9000000, 0x00000000e9100000, 0x00000000e9100000|100%| E|CS|TAMS 0x00000000e9000000| PB 0x00000000e9000000| Complete 
| 145|0x00000000e9100000, 0x00000000e9200000, 0x00000000e9200000|100%| E|CS|TAMS 0x00000000e9100000| PB 0x00000000e9100000| Complete 
| 146|0x00000000e9200000, 0x00000000e9300000, 0x00000000e9300000|100%| E|CS|TAMS 0x00000000e9200000| PB 0x00000000e9200000| Complete 
| 147|0x00000000e9300000, 0x00000000e9400000, 0x00000000e9400000|100%| E|CS|TAMS 0x00000000e9300000| PB 0x00000000e9300000| Complete 
| 148|0x00000000e9400000, 0x00000000e9500000, 0x00000000e9500000|100%| E|CS|TAMS 0x00000000e9400000| PB 0x00000000e9400000| Complete 
| 149|0x00000000e9500000, 0x00000000e9600000, 0x00000000e9600000|100%| E|CS|TAMS 0x00000000e9500000| PB 0x00000000e9500000| Complete 
| 150|0x00000000e9600000, 0x00000000e9700000, 0x00000000e9700000|100%| E|CS|TAMS 0x00000000e9600000| PB 0x00000000e9600000| Complete 
| 151|0x00000000e9700000, 0x00000000e9800000, 0x00000000e9800000|100%| E|CS|TAMS 0x00000000e9700000| PB 0x00000000e9700000| Complete 
| 152|0x00000000e9800000, 0x00000000e9900000, 0x00000000e9900000|100%| E|CS|TAMS 0x00000000e9800000| PB 0x00000000e9800000| Complete 
| 153|0x00000000e9900000, 0x00000000e9a00000, 0x00000000e9a00000|100%| E|CS|TAMS 0x00000000e9900000| PB 0x00000000e9900000| Complete 
| 154|0x00000000e9a00000, 0x00000000e9b00000, 0x00000000e9b00000|100%| E|CS|TAMS 0x00000000e9a00000| PB 0x00000000e9a00000| Complete 
| 155|0x00000000e9b00000, 0x00000000e9c00000, 0x00000000e9c00000|100%| E|CS|TAMS 0x00000000e9b00000| PB 0x00000000e9b00000| Complete 
| 156|0x00000000e9c00000, 0x00000000e9d00000, 0x00000000e9d00000|100%| E|CS|TAMS 0x00000000e9c00000| PB 0x00000000e9c00000| Complete 
| 157|0x00000000e9d00000, 0x00000000e9e00000, 0x00000000e9e00000|100%| E|CS|TAMS 0x00000000e9d00000| PB 0x00000000e9d00000| Complete 
| 158|0x00000000e9e00000, 0x00000000e9f00000, 0x00000000e9f00000|100%| E|CS|TAMS 0x00000000e9e00000| PB 0x00000000e9e00000| Complete 
| 159|0x00000000e9f00000, 0x00000000ea000000, 0x00000000ea000000|100%| E|CS|TAMS 0x00000000e9f00000| PB 0x00000000e9f00000| Complete 
| 160|0x00000000ea000000, 0x00000000ea100000, 0x00000000ea100000|100%| E|CS|TAMS 0x00000000ea000000| PB 0x00000000ea000000| Complete 
| 161|0x00000000ea100000, 0x00000000ea200000, 0x00000000ea200000|100%| E|CS|TAMS 0x00000000ea100000| PB 0x00000000ea100000| Complete 
| 162|0x00000000ea200000, 0x00000000ea300000, 0x00000000ea300000|100%| E|CS|TAMS 0x00000000ea200000| PB 0x00000000ea200000| Complete 
| 163|0x00000000ea300000, 0x00000000ea400000, 0x00000000ea400000|100%| E|CS|TAMS 0x00000000ea300000| PB 0x00000000ea300000| Complete 
| 164|0x00000000ea400000, 0x00000000ea500000, 0x00000000ea500000|100%| E|CS|TAMS 0x00000000ea400000| PB 0x00000000ea400000| Complete 
| 165|0x00000000ea500000, 0x00000000ea600000, 0x00000000ea600000|100%| E|CS|TAMS 0x00000000ea500000| PB 0x00000000ea500000| Complete 
| 166|0x00000000ea600000, 0x00000000ea700000, 0x00000000ea700000|100%| E|CS|TAMS 0x00000000ea600000| PB 0x00000000ea600000| Complete 
| 167|0x00000000ea700000, 0x00000000ea800000, 0x00000000ea800000|100%| E|CS|TAMS 0x00000000ea700000| PB 0x00000000ea700000| Complete 
| 168|0x00000000ea800000, 0x00000000ea900000, 0x00000000ea900000|100%| E|CS|TAMS 0x00000000ea800000| PB 0x00000000ea800000| Complete 
| 169|0x00000000ea900000, 0x00000000eaa00000, 0x00000000eaa00000|100%| E|CS|TAMS 0x00000000ea900000| PB 0x00000000ea900000| Complete 
| 170|0x00000000eaa00000, 0x00000000eab00000, 0x00000000eab00000|100%| E|CS|TAMS 0x00000000eaa00000| PB 0x00000000eaa00000| Complete 
| 171|0x00000000eab00000, 0x00000000eac00000, 0x00000000eac00000|100%| E|CS|TAMS 0x00000000eab00000| PB 0x00000000eab00000| Complete 
| 172|0x00000000eac00000, 0x00000000ead00000, 0x00000000ead00000|100%| E|CS|TAMS 0x00000000eac00000| PB 0x00000000eac00000| Complete 
| 173|0x00000000ead00000, 0x00000000eae00000, 0x00000000eae00000|100%| E|CS|TAMS 0x00000000ead00000| PB 0x00000000ead00000| Complete 
| 174|0x00000000eae00000, 0x00000000eaf00000, 0x00000000eaf00000|100%| E|CS|TAMS 0x00000000eae00000| PB 0x00000000eae00000| Complete 
| 175|0x00000000eaf00000, 0x00000000eb000000, 0x00000000eb000000|100%| E|CS|TAMS 0x00000000eaf00000| PB 0x00000000eaf00000| Complete 
| 176|0x00000000eb000000, 0x00000000eb100000, 0x00000000eb100000|100%| E|CS|TAMS 0x00000000eb000000| PB 0x00000000eb000000| Complete 
| 177|0x00000000eb100000, 0x00000000eb200000, 0x00000000eb200000|100%| E|CS|TAMS 0x00000000eb100000| PB 0x00000000eb100000| Complete 
| 178|0x00000000eb200000, 0x00000000eb300000, 0x00000000eb300000|100%| E|CS|TAMS 0x00000000eb200000| PB 0x00000000eb200000| Complete 
| 179|0x00000000eb300000, 0x00000000eb400000, 0x00000000eb400000|100%| E|CS|TAMS 0x00000000eb300000| PB 0x00000000eb300000| Complete 
| 180|0x00000000eb400000, 0x00000000eb500000, 0x00000000eb500000|100%| E|CS|TAMS 0x00000000eb400000| PB 0x00000000eb400000| Complete 
| 181|0x00000000eb500000, 0x00000000eb600000, 0x00000000eb600000|100%| E|CS|TAMS 0x00000000eb500000| PB 0x00000000eb500000| Complete 
| 182|0x00000000eb600000, 0x00000000eb700000, 0x00000000eb700000|100%| E|CS|TAMS 0x00000000eb600000| PB 0x00000000eb600000| Complete 
| 183|0x00000000eb700000, 0x00000000eb800000, 0x00000000eb800000|100%| E|CS|TAMS 0x00000000eb700000| PB 0x00000000eb700000| Complete 
| 184|0x00000000eb800000, 0x00000000eb900000, 0x00000000eb900000|100%| E|CS|TAMS 0x00000000eb800000| PB 0x00000000eb800000| Complete 
| 185|0x00000000eb900000, 0x00000000eba00000, 0x00000000eba00000|100%| E|CS|TAMS 0x00000000eb900000| PB 0x00000000eb900000| Complete 
| 186|0x00000000eba00000, 0x00000000ebb00000, 0x00000000ebb00000|100%| E|CS|TAMS 0x00000000eba00000| PB 0x00000000eba00000| Complete 
| 187|0x00000000ebb00000, 0x00000000ebc00000, 0x00000000ebc00000|100%| E|CS|TAMS 0x00000000ebb00000| PB 0x00000000ebb00000| Complete 
| 188|0x00000000ebc00000, 0x00000000ebd00000, 0x00000000ebd00000|100%| E|CS|TAMS 0x00000000ebc00000| PB 0x00000000ebc00000| Complete 
| 189|0x00000000ebd00000, 0x00000000ebe00000, 0x00000000ebe00000|100%| E|CS|TAMS 0x00000000ebd00000| PB 0x00000000ebd00000| Complete 
| 190|0x00000000ebe00000, 0x00000000ebf00000, 0x00000000ebf00000|100%| E|CS|TAMS 0x00000000ebe00000| PB 0x00000000ebe00000| Complete 
| 191|0x00000000ebf00000, 0x00000000ec000000, 0x00000000ec000000|100%| E|CS|TAMS 0x00000000ebf00000| PB 0x00000000ebf00000| Complete 
| 192|0x00000000ec000000, 0x00000000ec100000, 0x00000000ec100000|100%| E|CS|TAMS 0x00000000ec000000| PB 0x00000000ec000000| Complete 
| 193|0x00000000ec100000, 0x00000000ec200000, 0x00000000ec200000|100%| E|CS|TAMS 0x00000000ec100000| PB 0x00000000ec100000| Complete 
| 194|0x00000000ec200000, 0x00000000ec300000, 0x00000000ec300000|100%| E|CS|TAMS 0x00000000ec200000| PB 0x00000000ec200000| Complete 
| 195|0x00000000ec300000, 0x00000000ec400000, 0x00000000ec400000|100%| E|CS|TAMS 0x00000000ec300000| PB 0x00000000ec300000| Complete 
| 196|0x00000000ec400000, 0x00000000ec500000, 0x00000000ec500000|100%| E|CS|TAMS 0x00000000ec400000| PB 0x00000000ec400000| Complete 
| 197|0x00000000ec500000, 0x00000000ec600000, 0x00000000ec600000|100%| E|CS|TAMS 0x00000000ec500000| PB 0x00000000ec500000| Complete 
| 198|0x00000000ec600000, 0x00000000ec700000, 0x00000000ec700000|100%| E|CS|TAMS 0x00000000ec600000| PB 0x00000000ec600000| Complete 
| 199|0x00000000ec700000, 0x00000000ec800000, 0x00000000ec800000|100%| E|CS|TAMS 0x00000000ec700000| PB 0x00000000ec700000| Complete 
| 200|0x00000000ec800000, 0x00000000ec900000, 0x00000000ec900000|100%| E|CS|TAMS 0x00000000ec800000| PB 0x00000000ec800000| Complete 
| 201|0x00000000ec900000, 0x00000000eca00000, 0x00000000eca00000|100%| E|CS|TAMS 0x00000000ec900000| PB 0x00000000ec900000| Complete 
| 202|0x00000000eca00000, 0x00000000ecb00000, 0x00000000ecb00000|100%| E|CS|TAMS 0x00000000eca00000| PB 0x00000000eca00000| Complete 
| 203|0x00000000ecb00000, 0x00000000ecc00000, 0x00000000ecc00000|100%| E|CS|TAMS 0x00000000ecb00000| PB 0x00000000ecb00000| Complete 
| 204|0x00000000ecc00000, 0x00000000ecd00000, 0x00000000ecd00000|100%| E|CS|TAMS 0x00000000ecc00000| PB 0x00000000ecc00000| Complete 
| 205|0x00000000ecd00000, 0x00000000ece00000, 0x00000000ece00000|100%| E|CS|TAMS 0x00000000ecd00000| PB 0x00000000ecd00000| Complete 
| 206|0x00000000ece00000, 0x00000000ecf00000, 0x00000000ecf00000|100%| E|CS|TAMS 0x00000000ece00000| PB 0x00000000ece00000| Complete 
| 207|0x00000000ecf00000, 0x00000000ed000000, 0x00000000ed000000|100%| E|CS|TAMS 0x00000000ecf00000| PB 0x00000000ecf00000| Complete 
| 208|0x00000000ed000000, 0x00000000ed100000, 0x00000000ed100000|100%| E|CS|TAMS 0x00000000ed000000| PB 0x00000000ed000000| Complete 
| 209|0x00000000ed100000, 0x00000000ed200000, 0x00000000ed200000|100%| E|CS|TAMS 0x00000000ed100000| PB 0x00000000ed100000| Complete 
| 210|0x00000000ed200000, 0x00000000ed300000, 0x00000000ed300000|100%| E|CS|TAMS 0x00000000ed200000| PB 0x00000000ed200000| Complete 
| 211|0x00000000ed300000, 0x00000000ed400000, 0x00000000ed400000|100%| E|CS|TAMS 0x00000000ed300000| PB 0x00000000ed300000| Complete 
| 212|0x00000000ed400000, 0x00000000ed500000, 0x00000000ed500000|100%| E|CS|TAMS 0x00000000ed400000| PB 0x00000000ed400000| Complete 
| 213|0x00000000ed500000, 0x00000000ed600000, 0x00000000ed600000|100%| E|CS|TAMS 0x00000000ed500000| PB 0x00000000ed500000| Complete 
| 214|0x00000000ed600000, 0x00000000ed700000, 0x00000000ed700000|100%| E|CS|TAMS 0x00000000ed600000| PB 0x00000000ed600000| Complete 
| 215|0x00000000ed700000, 0x00000000ed800000, 0x00000000ed800000|100%| E|  |TAMS 0x00000000ed700000| PB 0x00000000ed700000| Complete 
| 216|0x00000000ed800000, 0x00000000ed900000, 0x00000000ed900000|100%| E|CS|TAMS 0x00000000ed800000| PB 0x00000000ed800000| Complete 
| 217|0x00000000ed900000, 0x00000000eda00000, 0x00000000eda00000|100%| E|CS|TAMS 0x00000000ed900000| PB 0x00000000ed900000| Complete 
| 218|0x00000000eda00000, 0x00000000edb00000, 0x00000000edb00000|100%| E|CS|TAMS 0x00000000eda00000| PB 0x00000000eda00000| Complete 
| 219|0x00000000edb00000, 0x00000000edc00000, 0x00000000edc00000|100%| E|CS|TAMS 0x00000000edb00000| PB 0x00000000edb00000| Complete 
| 220|0x00000000edc00000, 0x00000000edd00000, 0x00000000edd00000|100%| E|CS|TAMS 0x00000000edc00000| PB 0x00000000edc00000| Complete 
| 221|0x00000000edd00000, 0x00000000ede00000, 0x00000000ede00000|100%| E|CS|TAMS 0x00000000edd00000| PB 0x00000000edd00000| Complete 
| 222|0x00000000ede00000, 0x00000000edf00000, 0x00000000edf00000|100%| E|CS|TAMS 0x00000000ede00000| PB 0x00000000ede00000| Complete 
| 223|0x00000000edf00000, 0x00000000ee000000, 0x00000000ee000000|100%| E|CS|TAMS 0x00000000edf00000| PB 0x00000000edf00000| Complete 
| 224|0x00000000ee000000, 0x00000000ee100000, 0x00000000ee100000|100%| E|CS|TAMS 0x00000000ee000000| PB 0x00000000ee000000| Complete 
| 225|0x00000000ee100000, 0x00000000ee200000, 0x00000000ee200000|100%| E|CS|TAMS 0x00000000ee100000| PB 0x00000000ee100000| Complete 
| 226|0x00000000ee200000, 0x00000000ee300000, 0x00000000ee300000|100%| E|CS|TAMS 0x00000000ee200000| PB 0x00000000ee200000| Complete 
| 227|0x00000000ee300000, 0x00000000ee400000, 0x00000000ee400000|100%| E|CS|TAMS 0x00000000ee300000| PB 0x00000000ee300000| Complete 
| 228|0x00000000ee400000, 0x00000000ee500000, 0x00000000ee500000|100%| E|CS|TAMS 0x00000000ee400000| PB 0x00000000ee400000| Complete 
| 229|0x00000000ee500000, 0x00000000ee600000, 0x00000000ee600000|100%| E|CS|TAMS 0x00000000ee500000| PB 0x00000000ee500000| Complete 
| 230|0x00000000ee600000, 0x00000000ee700000, 0x00000000ee700000|100%| E|CS|TAMS 0x00000000ee600000| PB 0x00000000ee600000| Complete 
| 231|0x00000000ee700000, 0x00000000ee800000, 0x00000000ee800000|100%| S|CS|TAMS 0x00000000ee700000| PB 0x00000000ee700000| Complete 
| 232|0x00000000ee800000, 0x00000000ee900000, 0x00000000ee900000|100%| S|CS|TAMS 0x00000000ee800000| PB 0x00000000ee800000| Complete 
| 233|0x00000000ee900000, 0x00000000eea00000, 0x00000000eea00000|100%| E|CS|TAMS 0x00000000ee900000| PB 0x00000000ee900000| Complete 
| 234|0x00000000eea00000, 0x00000000eeb00000, 0x00000000eeb00000|100%| E|CS|TAMS 0x00000000eea00000| PB 0x00000000eea00000| Complete 
| 235|0x00000000eeb00000, 0x00000000eec00000, 0x00000000eec00000|100%| E|CS|TAMS 0x00000000eeb00000| PB 0x00000000eeb00000| Complete 
| 236|0x00000000eec00000, 0x00000000eed00000, 0x00000000eed00000|100%| E|CS|TAMS 0x00000000eec00000| PB 0x00000000eec00000| Complete 
| 237|0x00000000eed00000, 0x00000000eee00000, 0x00000000eee00000|100%| E|CS|TAMS 0x00000000eed00000| PB 0x00000000eed00000| Complete 
| 238|0x00000000eee00000, 0x00000000eef00000, 0x00000000eef00000|100%| E|CS|TAMS 0x00000000eee00000| PB 0x00000000eee00000| Complete 
| 239|0x00000000eef00000, 0x00000000ef000000, 0x00000000ef000000|100%| E|CS|TAMS 0x00000000eef00000| PB 0x00000000eef00000| Complete 
| 240|0x00000000ef000000, 0x00000000ef100000, 0x00000000ef100000|100%| E|CS|TAMS 0x00000000ef000000| PB 0x00000000ef000000| Complete 
| 241|0x00000000ef100000, 0x00000000ef200000, 0x00000000ef200000|100%| E|CS|TAMS 0x00000000ef100000| PB 0x00000000ef100000| Complete 
| 242|0x00000000ef200000, 0x00000000ef300000, 0x00000000ef300000|100%| E|CS|TAMS 0x00000000ef200000| PB 0x00000000ef200000| Complete 
| 243|0x00000000ef300000, 0x00000000ef400000, 0x00000000ef400000|100%| E|CS|TAMS 0x00000000ef300000| PB 0x00000000ef300000| Complete 
| 244|0x00000000ef400000, 0x00000000ef500000, 0x00000000ef500000|100%| E|CS|TAMS 0x00000000ef400000| PB 0x00000000ef400000| Complete 
| 245|0x00000000ef500000, 0x00000000ef600000, 0x00000000ef600000|100%| E|CS|TAMS 0x00000000ef500000| PB 0x00000000ef500000| Complete 
| 246|0x00000000ef600000, 0x00000000ef700000, 0x00000000ef700000|100%| E|CS|TAMS 0x00000000ef600000| PB 0x00000000ef600000| Complete 
| 247|0x00000000ef700000, 0x00000000ef800000, 0x00000000ef800000|100%| E|CS|TAMS 0x00000000ef700000| PB 0x00000000ef700000| Complete 
| 248|0x00000000ef800000, 0x00000000ef900000, 0x00000000ef900000|100%| E|CS|TAMS 0x00000000ef800000| PB 0x00000000ef800000| Complete 
| 249|0x00000000ef900000, 0x00000000efa00000, 0x00000000efa00000|100%| E|CS|TAMS 0x00000000ef900000| PB 0x00000000ef900000| Complete 
| 250|0x00000000efa00000, 0x00000000efb00000, 0x00000000efb00000|100%| E|CS|TAMS 0x00000000efa00000| PB 0x00000000efa00000| Complete 
| 251|0x00000000efb00000, 0x00000000efc00000, 0x00000000efc00000|100%| E|CS|TAMS 0x00000000efb00000| PB 0x00000000efb00000| Complete 
| 252|0x00000000efc00000, 0x00000000efd00000, 0x00000000efd00000|100%| E|CS|TAMS 0x00000000efc00000| PB 0x00000000efc00000| Complete 
| 253|0x00000000efd00000, 0x00000000efe00000, 0x00000000efe00000|100%| E|CS|TAMS 0x00000000efd00000| PB 0x00000000efd00000| Complete 
| 254|0x00000000efe00000, 0x00000000eff00000, 0x00000000eff00000|100%| E|CS|TAMS 0x00000000efe00000| PB 0x00000000efe00000| Complete 
| 255|0x00000000eff00000, 0x00000000f0000000, 0x00000000f0000000|100%| E|CS|TAMS 0x00000000eff00000| PB 0x00000000eff00000| Complete 

Card table byte_map: [0x000001e09efd0000,0x000001e09f0d0000] _byte_map_base: 0x000001e09e8d0000

Marking Bits: (CMBitMap*) 0x000001e08c7c4ba0
 Bits: [0x000001e09f0d0000, 0x000001e09f8d0000)

Polling page: 0x000001e08a930000

Metaspace:

Usage:
  Non-class:     39.48 MB used.
      Class:      6.80 MB used.
       Both:     46.28 MB used.

Virtual space:
  Non-class space:       64.00 MB reserved,      40.38 MB ( 63%) committed,  1 nodes.
      Class space:      320.00 MB reserved,       7.62 MB (  2%) committed,  1 nodes.
             Both:      384.00 MB reserved,      48.00 MB ( 12%) committed. 

Chunk freelists:
   Non-Class:  7.53 MB
       Class:  8.39 MB
        Both:  15.93 MB

MaxMetaspaceSize: 384.00 MB
CompressedClassSpaceSize: 320.00 MB
Initial GC threshold: 21.00 MB
Current GC threshold: 58.69 MB
CDS: on
 - commit_granule_bytes: 65536.
 - commit_granule_words: 8192.
 - virtual_space_node_default_size: 8388608.
 - enlarge_chunks_in_place: 1.
 - use_allocation_guard: 0.


Internal statistics:

num_allocs_failed_limit: 6.
num_arena_births: 3166.
num_arena_deaths: 0.
num_vsnodes_births: 2.
num_vsnodes_deaths: 0.
num_space_committed: 768.
num_space_uncommitted: 0.
num_chunks_returned_to_freelist: 6.
num_chunks_taken_from_freelist: 5451.
num_chunk_merges: 3.
num_chunk_splits: 3520.
num_chunks_enlarged: 2120.
num_inconsistent_stats: 0.

CodeHeap 'non-profiled nmethods': size=120000Kb used=2862Kb max_used=2862Kb free=117137Kb
 bounds [0x000001e097450000, 0x000001e097720000, 0x000001e09e980000]
CodeHeap 'profiled nmethods': size=120000Kb used=9927Kb max_used=9927Kb free=110072Kb
 bounds [0x000001e08f980000, 0x000001e090340000, 0x000001e096eb0000]
CodeHeap 'non-nmethods': size=5760Kb used=2575Kb max_used=2616Kb free=3184Kb
 bounds [0x000001e096eb0000, 0x000001e097150000, 0x000001e097450000]
CodeCache: size=245760Kb, used=15364Kb, max_used=15405Kb, free=230393Kb
 total_blobs=5746, nmethods=4904, adapters=746, full_count=0
Compilation: enabled, stopped_count=0, restarted_count=0

Compilation events (20 events):
Event: 30.513 Thread 0x000001e0a25525f0 5384       3       com.google.common.collect.AbstractMapBasedMultimap$WrappedCollection$WrappedIterator::<init> (32 bytes)
Event: 30.513 Thread 0x000001e0a25525f0 nmethod 5384 0x000001e09030de90 code [0x000001e09030e0a0, 0x000001e09030e7d0]
Event: 30.513 Thread 0x000001e0a25525f0 5385       3       com.google.common.collect.AbstractMapBasedMultimap::access$100 (5 bytes)
Event: 30.513 Thread 0x000001e0a25525f0 nmethod 5385 0x000001e09030e990 code [0x000001e09030eb80, 0x000001e09030f0d0]
Event: 30.513 Thread 0x000001e0a25525f0 5387       1       org.gradle.internal.instantiation.generator.AbstractClassGenerator::getRoleHandler (5 bytes)
Event: 30.513 Thread 0x000001e0a25525f0 nmethod 5387 0x000001e097706890 code [0x000001e097706a20, 0x000001e097706ae8]
Event: 30.557 Thread 0x000001e0a25525f0 5388       3       com.google.common.collect.ImmutableMap::entrySet (23 bytes)
Event: 30.557 Thread 0x000001e0a25525f0 nmethod 5388 0x000001e09030f210 code [0x000001e09030f3c0, 0x000001e09030f660]
Event: 30.558 Thread 0x000001e0a25525f0 5390       3       org.gradle.internal.instantiation.generator.AsmBackedClassGenerator$ClassBuilderImpl::addActionMethod (107 bytes)
Event: 30.559 Thread 0x000001e0a25525f0 nmethod 5390 0x000001e09030f710 code [0x000001e09030fa20, 0x000001e090310ef0]
Event: 30.559 Thread 0x000001e0a25525f0 5391       3       org.gradle.util.internal.CollectionUtils::collectArray (17 bytes)
Event: 30.559 Thread 0x000001e0a25525f0 nmethod 5391 0x000001e090311490 code [0x000001e090311660, 0x000001e090311920]
Event: 30.559 Thread 0x000001e0a25525f0 5392       1       sun.reflect.generics.tree.ClassSignature::getFormalTypeParameters (5 bytes)
Event: 30.559 Thread 0x000001e0a25525f0 nmethod 5392 0x000001e097706b90 code [0x000001e097706d20, 0x000001e097706de8]
Event: 30.561 Thread 0x000001e0a25525f0 5395  s    3       java.lang.invoke.MethodTypeForm::setCachedLambdaForm (44 bytes)
Event: 30.562 Thread 0x000001e0a25525f0 nmethod 5395 0x000001e090311a90 code [0x000001e090311ca0, 0x000001e0903125e8]
Event: 30.562 Thread 0x000001e0a25525f0 5396       3       java.util.TreeMap::compare (32 bytes)
Event: 30.563 Thread 0x000001e0a25525f0 nmethod 5396 0x000001e090312890 code [0x000001e090312a60, 0x000001e090312e78]
Event: 30.570 Thread 0x000001e0a25525f0 5397       3       com.google.common.collect.ImmutableList::builderWithExpectedSize (16 bytes)
Event: 30.570 Thread 0x000001e0a25525f0 nmethod 5397 0x000001e090312f90 code [0x000001e090313160, 0x000001e090313500]

GC Heap History (14 events):
Event: 2.192 GC heap before
{Heap before GC invocations=0 (full 0):
 garbage-first heap   total 262144K, used 26624K [0x00000000e0000000, 0x0000000100000000)
  region size 1024K, 23 young (23552K), 0 survivors (0K)
 Metaspace       used 1123K, committed 1216K, reserved 393216K
  class space    used 82K, committed 128K, reserved 327680K
}
Event: 2.229 GC heap after
{Heap after GC invocations=1 (full 0):
 garbage-first heap   total 262144K, used 10181K [0x00000000e0000000, 0x0000000100000000)
  region size 1024K, 3 young (3072K), 3 survivors (3072K)
 Metaspace       used 1123K, committed 1216K, reserved 393216K
  class space    used 82K, committed 128K, reserved 327680K
}
Event: 4.500 GC heap before
{Heap before GC invocations=1 (full 0):
 garbage-first heap   total 262144K, used 40901K [0x00000000e0000000, 0x0000000100000000)
  region size 1024K, 33 young (33792K), 3 survivors (3072K)
 Metaspace       used 4299K, committed 4480K, reserved 393216K
  class space    used 546K, committed 640K, reserved 327680K
}
Event: 4.505 GC heap after
{Heap after GC invocations=2 (full 0):
 garbage-first heap   total 262144K, used 11909K [0x00000000e0000000, 0x0000000100000000)
  region size 1024K, 2 young (2048K), 2 survivors (2048K)
 Metaspace       used 4299K, committed 4480K, reserved 393216K
  class space    used 546K, committed 640K, reserved 327680K
}
Event: 18.812 GC heap before
{Heap before GC invocations=2 (full 0):
 garbage-first heap   total 262144K, used 145029K [0x00000000e0000000, 0x0000000100000000)
  region size 1024K, 131 young (134144K), 2 survivors (2048K)
 Metaspace       used 20832K, committed 21504K, reserved 393216K
  class space    used 3045K, committed 3392K, reserved 327680K
}
Event: 19.295 GC heap after
{Heap after GC invocations=3 (full 0):
 garbage-first heap   total 262144K, used 24526K [0x00000000e0000000, 0x0000000100000000)
  region size 1024K, 13 young (13312K), 13 survivors (13312K)
 Metaspace       used 20832K, committed 21504K, reserved 393216K
  class space    used 3045K, committed 3392K, reserved 327680K
}
Event: 19.364 GC heap before
{Heap before GC invocations=4 (full 0):
 garbage-first heap   total 262144K, used 25550K [0x00000000e0000000, 0x0000000100000000)
  region size 1024K, 14 young (14336K), 13 survivors (13312K)
 Metaspace       used 20876K, committed 21568K, reserved 393216K
  class space    used 3058K, committed 3392K, reserved 327680K
}
Event: 19.394 GC heap after
{Heap after GC invocations=5 (full 0):
 garbage-first heap   total 262144K, used 25737K [0x00000000e0000000, 0x0000000100000000)
  region size 1024K, 2 young (2048K), 2 survivors (2048K)
 Metaspace       used 20876K, committed 21568K, reserved 393216K
  class space    used 3058K, committed 3392K, reserved 327680K
}
Event: 20.704 GC heap before
{Heap before GC invocations=5 (full 0):
 garbage-first heap   total 262144K, used 35977K [0x00000000e0000000, 0x0000000100000000)
  region size 1024K, 13 young (13312K), 2 survivors (2048K)
 Metaspace       used 22290K, committed 23040K, reserved 393216K
  class space    used 3298K, committed 3648K, reserved 327680K
}
Event: 20.713 GC heap after
{Heap after GC invocations=6 (full 0):
 garbage-first heap   total 262144K, used 25171K [0x00000000e0000000, 0x0000000100000000)
  region size 1024K, 1 young (1024K), 1 survivors (1024K)
 Metaspace       used 22290K, committed 23040K, reserved 393216K
  class space    used 3298K, committed 3648K, reserved 327680K
}
Event: 25.598 GC heap before
{Heap before GC invocations=6 (full 0):
 garbage-first heap   total 262144K, used 102995K [0x00000000e0000000, 0x0000000100000000)
  region size 1024K, 79 young (80896K), 1 survivors (1024K)
 Metaspace       used 34745K, committed 35968K, reserved 393216K
  class space    used 5050K, committed 5696K, reserved 327680K
}
Event: 25.606 GC heap after
{Heap after GC invocations=7 (full 0):
 garbage-first heap   total 262144K, used 31161K [0x00000000e0000000, 0x0000000100000000)
  region size 1024K, 7 young (7168K), 7 survivors (7168K)
 Metaspace       used 34745K, committed 35968K, reserved 393216K
  class space    used 5050K, committed 5696K, reserved 327680K
}
Event: 25.997 GC heap before
{Heap before GC invocations=8 (full 0):
 garbage-first heap   total 262144K, used 54713K [0x00000000e0000000, 0x0000000100000000)
  region size 1024K, 30 young (30720K), 7 survivors (7168K)
 Metaspace       used 35571K, committed 36864K, reserved 393216K
  class space    used 5176K, committed 5824K, reserved 327680K
}
Event: 26.004 GC heap after
{Heap after GC invocations=9 (full 0):
 garbage-first heap   total 262144K, used 32555K [0x00000000e0000000, 0x0000000100000000)
  region size 1024K, 2 young (2048K), 2 survivors (2048K)
 Metaspace       used 35571K, committed 36864K, reserved 393216K
  class space    used 5176K, committed 5824K, reserved 327680K
}

Dll operation events (20 events):
Event: 0.426 Attempting to load shared library C:\Users\jhoni\.vscode\extensions\redhat.java-1.56.0-win32-x64\jre\21.0.12.1-win32-x86_64\bin\nio.dll
Event: 0.428 Loaded shared library C:\Users\jhoni\.vscode\extensions\redhat.java-1.56.0-win32-x64\jre\21.0.12.1-win32-x86_64\bin\nio.dll
Event: 0.434 Attempting to load shared library C:\Users\jhoni\.vscode\extensions\redhat.java-1.56.0-win32-x64\jre\21.0.12.1-win32-x86_64\bin\zip.dll
Event: 0.434 Loaded shared library C:\Users\jhoni\.vscode\extensions\redhat.java-1.56.0-win32-x64\jre\21.0.12.1-win32-x86_64\bin\zip.dll
Event: 1.403 Attempting to load shared library C:\Users\jhoni\.vscode\extensions\redhat.java-1.56.0-win32-x64\jre\21.0.12.1-win32-x86_64\bin\jimage.dll
Event: 1.403 Loaded shared library C:\Users\jhoni\.vscode\extensions\redhat.java-1.56.0-win32-x64\jre\21.0.12.1-win32-x86_64\bin\jimage.dll
Event: 2.245 Attempting to load shared library C:\Users\jhoni\.vscode\extensions\redhat.java-1.56.0-win32-x64\jre\21.0.12.1-win32-x86_64\bin\verify.dll
Event: 2.247 Loaded shared library C:\Users\jhoni\.vscode\extensions\redhat.java-1.56.0-win32-x64\jre\21.0.12.1-win32-x86_64\bin\verify.dll
Event: 2.735 Attempting to load shared library C:\Users\jhoni\.gradle\native\c067742578af261105cb4f569cf0c3c89f3d7b1fecec35dd04571415982c5e48\windows-amd64\native-platform.dll
Event: 2.740 Loaded shared library C:\Users\jhoni\.gradle\native\c067742578af261105cb4f569cf0c3c89f3d7b1fecec35dd04571415982c5e48\windows-amd64\native-platform.dll
Event: 2.753 Attempting to load shared library C:\Users\jhoni\.gradle\native\100fb08df4bc3b14c8652ba06237920a3bd2aa13389f12d3474272988ae205f9\windows-amd64\native-platform-file-events.dll
Event: 2.788 Loaded shared library C:\Users\jhoni\.gradle\native\100fb08df4bc3b14c8652ba06237920a3bd2aa13389f12d3474272988ae205f9\windows-amd64\native-platform-file-events.dll
Event: 6.086 Attempting to load shared library C:\Users\jhoni\.vscode\extensions\redhat.java-1.56.0-win32-x64\jre\21.0.12.1-win32-x86_64\bin\management.dll
Event: 6.091 Loaded shared library C:\Users\jhoni\.vscode\extensions\redhat.java-1.56.0-win32-x64\jre\21.0.12.1-win32-x86_64\bin\management.dll
Event: 6.100 Attempting to load shared library C:\Users\jhoni\.vscode\extensions\redhat.java-1.56.0-win32-x64\jre\21.0.12.1-win32-x86_64\bin\management_ext.dll
Event: 6.103 Loaded shared library C:\Users\jhoni\.vscode\extensions\redhat.java-1.56.0-win32-x64\jre\21.0.12.1-win32-x86_64\bin\management_ext.dll
Event: 6.960 Attempting to load shared library C:\Users\jhoni\.vscode\extensions\redhat.java-1.56.0-win32-x64\jre\21.0.12.1-win32-x86_64\bin\extnet.dll
Event: 6.964 Loaded shared library C:\Users\jhoni\.vscode\extensions\redhat.java-1.56.0-win32-x64\jre\21.0.12.1-win32-x86_64\bin\extnet.dll
Event: 8.014 Attempting to load shared library C:\Users\jhoni\.vscode\extensions\redhat.java-1.56.0-win32-x64\jre\21.0.12.1-win32-x86_64\bin\sunmscapi.dll
Event: 8.030 Loaded shared library C:\Users\jhoni\.vscode\extensions\redhat.java-1.56.0-win32-x64\jre\21.0.12.1-win32-x86_64\bin\sunmscapi.dll

Deoptimization events (20 events):
Event: 28.787 Thread 0x000001e0a2956730 Uncommon trap: trap_request=0xffffffde fr.pc=0x000001e0974acaf0 relative=0x0000000000000310
Event: 28.787 Thread 0x000001e0a2956730 Uncommon trap: reason=class_check action=maybe_recompile pc=0x000001e0974acaf0 method=java.util.regex.Matcher.search(I)Z @ 121 c2
Event: 28.787 Thread 0x000001e0a2956730 DEOPT PACKING pc=0x000001e0974acaf0 sp=0x0000001de2af7e80
Event: 28.787 Thread 0x000001e0a2956730 DEOPT UNPACKING pc=0x000001e096f04422 sp=0x0000001de2af7da8 mode 2
Event: 28.806 Thread 0x000001e0a2956730 Uncommon trap: trap_request=0xffffffde fr.pc=0x000001e09769b2d0 relative=0x00000000000002f0
Event: 28.806 Thread 0x000001e0a2956730 Uncommon trap: reason=class_check action=maybe_recompile pc=0x000001e09769b2d0 method=java.util.regex.Matcher.search(I)Z @ 121 c2
Event: 28.806 Thread 0x000001e0a2956730 DEOPT PACKING pc=0x000001e09769b2d0 sp=0x0000001de2af7e60
Event: 28.806 Thread 0x000001e0a2956730 DEOPT UNPACKING pc=0x000001e096f04422 sp=0x0000001de2af7e00 mode 2
Event: 29.160 Thread 0x000001e0a2956730 Uncommon trap: trap_request=0xffffffde fr.pc=0x000001e097674558 relative=0x0000000000001978
Event: 29.160 Thread 0x000001e0a2956730 Uncommon trap: reason=class_check action=maybe_recompile pc=0x000001e097674558 method=jdk.internal.loader.URLClassPath.getLoader(I)Ljdk/internal/loader/URLClassPath$Loader; @ 190 c2
Event: 29.160 Thread 0x000001e0a2956730 DEOPT PACKING pc=0x000001e097674558 sp=0x0000001de2af8ec0
Event: 29.160 Thread 0x000001e0a2956730 DEOPT UNPACKING pc=0x000001e096f04422 sp=0x0000001de2af8eb0 mode 2
Event: 29.160 Thread 0x000001e0a2956730 Uncommon trap: trap_request=0xffffffde fr.pc=0x000001e0976a0020 relative=0x0000000000003f80
Event: 29.160 Thread 0x000001e0a2956730 Uncommon trap: reason=class_check action=maybe_recompile pc=0x000001e0976a0020 method=jdk.internal.loader.URLClassPath.getResource(Ljava/lang/String;Z)Ljdk/internal/loader/Resource; @ 53 c2
Event: 29.160 Thread 0x000001e0a2956730 DEOPT PACKING pc=0x000001e0976a0020 sp=0x0000001de2af8f80
Event: 30.161 Thread 0x000001e0a2956730 DEOPT UNPACKING pc=0x000001e096f04422 sp=0x0000001de2af8ef8 mode 2
Event: 30.570 Thread 0x000001e0a2956730 Uncommon trap: trap_request=0xffffffde fr.pc=0x000001e097695ecc relative=0x000000000000020c
Event: 30.570 Thread 0x000001e0a2956730 Uncommon trap: reason=class_check action=maybe_recompile pc=0x000001e097695ecc method=jdk.internal.loader.URLClassPath.getResource(Ljava/lang/String;Z)Ljdk/internal/loader/Resource; @ 53 c2
Event: 30.570 Thread 0x000001e0a2956730 DEOPT PACKING pc=0x000001e097695ecc sp=0x0000001de2af7a30
Event: 30.570 Thread 0x000001e0a2956730 DEOPT UNPACKING pc=0x000001e096f04422 sp=0x0000001de2af79c0 mode 2

Classes loaded (20 events):
Event: 29.059 Loading class java/util/AbstractCollectionBeanInfo
Event: 29.059 Loading class java/util/AbstractCollectionBeanInfo done
Event: 29.059 Loading class java/util/AbstractCollectionBeanInfo
Event: 29.059 Loading class java/util/AbstractCollectionBeanInfo done
Event: 29.059 Loading class java/util/AbstractCollectionCustomizer
Event: 29.059 Loading class java/util/AbstractCollectionCustomizer done
Event: 29.060 Loading class java/util/AbstractCollectionCustomizer
Event: 29.060 Loading class java/util/AbstractCollectionCustomizer done
Event: 29.061 Loading class sun/reflect/generics/reflectiveObjects/GenericArrayTypeImpl
Event: 29.062 Loading class sun/reflect/generics/reflectiveObjects/GenericArrayTypeImpl done
Event: 30.402 Loading class com/sun/beans/finder/MethodFinder
Event: 30.402 Loading class com/sun/beans/finder/AbstractFinder
Event: 30.402 Loading class com/sun/beans/finder/AbstractFinder done
Event: 30.402 Loading class com/sun/beans/finder/MethodFinder done
Event: 30.402 Loading class com/sun/beans/finder/MethodFinder$1
Event: 30.402 Loading class com/sun/beans/finder/MethodFinder$1 done
Event: 30.402 Loading class com/sun/beans/finder/FinderUtils
Event: 30.403 Loading class com/sun/beans/finder/FinderUtils done
Event: 30.439 Loading class java/util/function/IntBinaryOperator
Event: 30.440 Loading class java/util/function/IntBinaryOperator done

Classes unloaded (0 events):
No events

Classes redefined (0 events):
No events

Internal exceptions (20 events):
Event: 29.153 Thread 0x000001e0a2956730 Exception <a 'java/lang/ClassNotFoundException'{0x00000000ea0c9de0}: org/gradle/api/internal/file/CompositeFileTreeCustomizer> (0x00000000ea0c9de0) 
thrown [s\src\hotspot\share\classfile\systemDictionary.cpp, line 313]
Event: 29.155 Thread 0x000001e0a2956730 Exception <a 'java/lang/ClassNotFoundException'{0x00000000ea0f9e00}: org/gradle/api/internal/file/DefaultSourceDirectorySetCustomizer> (0x00000000ea0f9e00) 
thrown [s\src\hotspot\share\classfile\systemDictionary.cpp, line 313]
Event: 29.157 Thread 0x000001e0a2956730 Exception <a 'java/lang/ClassNotFoundException'{0x00000000e9f31ea8}: org/gradle/api/internal/file/DefaultSourceDirectorySet_DecoratedCustomizer> (0x00000000e9f31ea8) 
thrown [s\src\hotspot\share\classfile\systemDictionary.cpp, line 313]
Event: 30.396 Thread 0x000001e0a2956730 Exception <a 'java/lang/ClassNotFoundException'{0x00000000e9fa1478}: groovy/lang/Closure$1BeanInfo> (0x00000000e9fa1478) 
thrown [s\src\hotspot\share\classfile\systemDictionary.cpp, line 313]
Event: 30.397 Thread 0x000001e0a2956730 Exception <a 'java/lang/ClassNotFoundException'{0x00000000e9fafc58}: groovy/lang/ClosureBeanInfo> (0x00000000e9fafc58) 
thrown [s\src\hotspot\share\classfile\systemDictionary.cpp, line 313]
Event: 30.398 Thread 0x000001e0a2956730 Exception <a 'java/lang/ClassNotFoundException'{0x00000000e9fbe6a8}: groovy/lang/ClosureCustomizer> (0x00000000e9fbe6a8) 
thrown [s\src\hotspot\share\classfile\systemDictionary.cpp, line 313]
Event: 30.401 Thread 0x000001e0a2956730 Exception <a 'java/lang/ClassNotFoundException'{0x00000000e9e05628}: groovy/lang/Closure$1Customizer> (0x00000000e9e05628) 
thrown [s\src\hotspot\share\classfile\systemDictionary.cpp, line 313]
Event: 30.420 Thread 0x000001e0a2956730 Exception <a 'java/lang/ClassNotFoundException'{0x00000000e9e93a88}: org/gradle/internal/metaobject/ConfigureDelegateBeanInfo> (0x00000000e9e93a88) 
thrown [s\src\hotspot\share\classfile\systemDictionary.cpp, line 313]
Event: 30.421 Thread 0x000001e0a2956730 Exception <a 'java/lang/ClassNotFoundException'{0x00000000e9ea2cd0}: org/gradle/internal/metaobject/ConfigureDelegateCustomizer> (0x00000000e9ea2cd0) 
thrown [s\src\hotspot\share\classfile\systemDictionary.cpp, line 313]
Event: 30.460 Thread 0x000001e0a2956730 Exception <a 'java/lang/ClassNotFoundException'{0x00000000e9938080}: org/gradle/api/internal/artifacts/dsl/DefaultRepositoryHandler_DecoratedBeanInfo> (0x00000000e9938080) 
thrown [s\src\hotspot\share\classfile\systemDictionary.cpp, line 313]
Event: 30.460 Thread 0x000001e0a2956730 Exception <a 'java/lang/ClassNotFoundException'{0x00000000e994b8a8}: org/gradle/api/internal/artifacts/dsl/DefaultRepositoryHandlerBeanInfo> (0x00000000e994b8a8) 
thrown [s\src\hotspot\share\classfile\systemDictionary.cpp, line 313]
Event: 30.461 Thread 0x000001e0a2956730 Exception <a 'java/lang/ClassNotFoundException'{0x00000000e995f2e0}: org/gradle/api/internal/artifacts/DefaultArtifactRepositoryContainerBeanInfo> (0x00000000e995f2e0) 
thrown [s\src\hotspot\share\classfile\systemDictionary.cpp, line 313]
Event: 30.461 Thread 0x000001e0a2956730 Exception <a 'java/lang/ClassNotFoundException'{0x00000000e9970308}: org/gradle/api/internal/DefaultNamedDomainObjectListBeanInfo> (0x00000000e9970308) 
thrown [s\src\hotspot\share\classfile\systemDictionary.cpp, line 313]
Event: 30.461 Thread 0x000001e0a2956730 Exception <a 'java/lang/ClassNotFoundException'{0x00000000e99815c0}: org/gradle/api/internal/DefaultNamedDomainObjectListCustomizer> (0x00000000e99815c0) 
thrown [s\src\hotspot\share\classfile\systemDictionary.cpp, line 313]
Event: 30.463 Thread 0x000001e0a2956730 Exception <a 'java/lang/ClassNotFoundException'{0x00000000e9810888}: org/gradle/api/internal/artifacts/DefaultArtifactRepositoryContainerCustomizer> (0x00000000e9810888) 
thrown [s\src\hotspot\share\classfile\systemDictionary.cpp, line 313]
Event: 30.465 Thread 0x000001e0a2956730 Exception <a 'java/lang/ClassNotFoundException'{0x00000000e98ae020}: org/gradle/api/internal/artifacts/dsl/DefaultRepositoryHandlerCustomizer> (0x00000000e98ae020) 
thrown [s\src\hotspot\share\classfile\systemDictionary.cpp, line 313]
Event: 30.488 Thread 0x000001e0a2956730 Exception <a 'java/lang/ClassNotFoundException'{0x00000000e977a310}: org/gradle/api/internal/artifacts/dsl/DefaultRepositoryHandler_DecoratedCustomizer> (0x00000000e977a310) 
thrown [s\src\hotspot\share\classfile\systemDictionary.cpp, line 313]
Event: 30.560 Thread 0x000001e0a2956730 Exception <a 'java/lang/NoSuchMethodError'{0x00000000e9451470}: 'java.lang.Object java.lang.invoke.DirectMethodHandle$Holder.newInvokeSpecial(java.lang.Object, java.lang.Object, java.lang.Object, java.lang.Object, java.lang.Object, java.lang.Object, java.lang.Object, java.lang.Object, java.lang.Object, java.lang.Object, java.lang.Object, java.lang.Object, java.lang.Object, java.lang.Object, java.lang.Object, java.lang.Object, java.lang.Object, java.lang.Object, java.lang.Object)'> (0x00000000e9451470) 
thr
Event: 30.561 Thread 0x000001e0a2956730 Exception <a 'java/lang/NoSuchMethodError'{0x00000000e9458258}: 'java.lang.Object java.lang.invoke.DirectMethodHandle$Holder.invokeSpecial(java.lang.Object, java.lang.Object, java.lang.Object, java.lang.Object, java.lang.Object, java.lang.Object, java.lang.Object, java.lang.Object, java.lang.Object, java.lang.Object, java.lang.Object, java.lang.Object, java.lang.Object, java.lang.Object, java.lang.Object, java.lang.Object, java.lang.Object, java.lang.Object, java.lang.Object, java.lang.Object)'> (0x0000000
Event: 30.561 Thread 0x000001e0a2956730 Exception <a 'java/lang/NoSuchMethodError'{0x00000000e945dd58}: 'java.lang.Object java.lang.invoke.DelegatingMethodHandle$Holder.reinvoke_L(java.lang.Object, java.lang.Object, java.lang.Object, java.lang.Object, java.lang.Object, java.lang.Object, java.lang.Object, java.lang.Object, java.lang.Object, java.lang.Object, java.lang.Object, java.lang.Object, java.lang.Object, java.lang.Object, java.lang.Object, java.lang.Object, java.lang.Object, java.lang.Object, java.lang.Object)'> (0x00000000e945dd58) 
throw

ZGC Phase Switch (0 events):
No events

VM Operations (20 events):
Event: 26.166 Executing non-safepoint VM operation: HandshakeAllThreads (Deoptimize)
Event: 26.166 Executing non-safepoint VM operation: HandshakeAllThreads (Deoptimize) done
Event: 26.589 Executing non-safepoint VM operation: HandshakeAllThreads (Deoptimize)
Event: 26.589 Executing non-safepoint VM operation: HandshakeAllThreads (Deoptimize) done
Event: 27.091 Executing non-safepoint VM operation: HandshakeAllThreads (Deoptimize)
Event: 27.092 Executing non-safepoint VM operation: HandshakeAllThreads (Deoptimize) done
Event: 27.092 Executing safepoint VM operation: Cleanup
Event: 27.092 Executing safepoint VM operation: Cleanup done
Event: 27.181 Executing non-safepoint VM operation: HandshakeAllThreads (Deoptimize)
Event: 27.181 Executing non-safepoint VM operation: HandshakeAllThreads (Deoptimize) done
Event: 27.182 Executing non-safepoint VM operation: HandshakeAllThreads (Deoptimize)
Event: 27.183 Executing non-safepoint VM operation: HandshakeAllThreads (Deoptimize) done
Event: 27.926 Executing safepoint VM operation: ICBufferFull
Event: 27.926 Executing safepoint VM operation: ICBufferFull done
Event: 28.933 Executing safepoint VM operation: Cleanup
Event: 28.934 Executing safepoint VM operation: Cleanup done
Event: 29.945 Executing safepoint VM operation: Cleanup
Event: 30.176 Executing safepoint VM operation: Cleanup done
Event: 31.179 Executing safepoint VM operation: Cleanup
Event: 31.179 Executing safepoint VM operation: Cleanup done

Memory protections (0 events):
No events

Nmethod flushes (20 events):
Event: 25.632 Thread 0x000001e0a252f710 flushing  nmethod 0x000001e08fb7a910
Event: 25.632 Thread 0x000001e0a252f710 flushing  nmethod 0x000001e08fb7c310
Event: 25.632 Thread 0x000001e0a252f710 flushing  nmethod 0x000001e08fbc5410
Event: 25.632 Thread 0x000001e0a252f710 flushing  nmethod 0x000001e08fcca010
Event: 25.632 Thread 0x000001e0a252f710 flushing  nmethod 0x000001e08fccaa10
Event: 25.632 Thread 0x000001e0a252f710 flushing  nmethod 0x000001e08fccf190
Event: 25.632 Thread 0x000001e0a252f710 flushing  nmethod 0x000001e08fd09290
Event: 25.632 Thread 0x000001e0a252f710 flushing  nmethod 0x000001e08fd09a10
Event: 25.632 Thread 0x000001e0a252f710 flushing  nmethod 0x000001e08fd0a690
Event: 25.632 Thread 0x000001e0a252f710 flushing  nmethod 0x000001e08fd0aa90
Event: 25.632 Thread 0x000001e0a252f710 flushing  nmethod 0x000001e08fd0af90
Event: 25.632 Thread 0x000001e0a252f710 flushing  nmethod 0x000001e08fd0ce10
Event: 25.632 Thread 0x000001e0a252f710 flushing  nmethod 0x000001e08fd0d690
Event: 25.632 Thread 0x000001e0a252f710 flushing  nmethod 0x000001e08fd0da90
Event: 25.632 Thread 0x000001e0a252f710 flushing  nmethod 0x000001e08fd0de10
Event: 25.632 Thread 0x000001e0a252f710 flushing  nmethod 0x000001e08fd17d10
Event: 25.632 Thread 0x000001e0a252f710 flushing  nmethod 0x000001e08fd1c010
Event: 25.632 Thread 0x000001e0a252f710 flushing  nmethod 0x000001e08fd1e590
Event: 25.632 Thread 0x000001e0a252f710 flushing  nmethod 0x000001e08fd1f710
Event: 25.632 Thread 0x000001e0a252f710 flushing  nmethod 0x000001e08fd1fe90

Events (20 events):
Event: 10.315 Thread 0x000001e0a2956730 Thread added: 0x000001e0a2956dc0
Event: 10.316 Thread 0x000001e0a2956730 Thread added: 0x000001e0a2953940
Event: 12.328 Thread 0x000001e0a2956730 Thread added: 0x000001e0a2953fd0
Event: 12.365 Thread 0x000001e0a2956730 Thread added: 0x000001e0a2954660
Event: 12.841 Thread 0x000001e0a2954660 Thread added: 0x000001e0bde90c20
Event: 12.868 Thread 0x000001e0a2956730 Thread added: 0x000001e0bde93380
Event: 19.716 Thread 0x000001e0a2956730 Thread added: 0x000001e0bde912b0
Event: 19.830 Thread 0x000001e0a2956730 Thread added: 0x000001e0bde91940
Event: 21.293 Thread 0x000001e0a2956730 Thread added: 0x000001e0bde92cf0
Event: 21.309 Thread 0x000001e0a2956730 Thread added: 0x000001e0bde8ff00
Event: 21.849 Thread 0x000001e0a2956730 Thread added: 0x000001e0bde94dc0
Event: 21.979 Thread 0x000001e0a2956730 Thread added: 0x000001e0bde95450
Event: 22.450 Thread 0x000001e0a2956730 Thread added: 0x000001e0bde94730
Event: 22.970 Thread 0x000001e0a2956730 Thread added: 0x000001e0bde91fd0
Event: 27.274 Thread 0x000001e0a2956730 Thread added: 0x000001e0bde96800
Event: 27.314 Thread 0x000001e0a2956730 Thread added: 0x000001e0bde96e90
Event: 28.462 Thread 0x000001e0a2956730 Thread added: 0x000001e0bde940a0
Event: 30.209 Thread 0x000001e0a2551990 Thread added: 0x000001e0c02704d0
Event: 30.389 Thread 0x000001e0c02704d0 Thread exited: 0x000001e0c02704d0
Event: 30.448 Thread 0x000001e0a25525f0 Thread added: 0x000001e0bfe469f0


Dynamic libraries:
0x00007ff64f190000 - 0x00007ff64f19e000 	C:\Users\jhoni\.vscode\extensions\redhat.java-1.56.0-win32-x64\jre\21.0.12.1-win32-x86_64\bin\java.exe
0x00007ffd1bc40000 - 0x00007ffd1bea6000 	C:\WINDOWS\SYSTEM32\ntdll.dll
0x00007ffd1a480000 - 0x00007ffd1a549000 	C:\WINDOWS\System32\KERNEL32.DLL
0x00007ffd190a0000 - 0x00007ffd194a0000 	C:\WINDOWS\System32\KERNELBASE.dll
0x00007ffd15690000 - 0x00007ffd15730000 	C:\WINDOWS\SYSTEM32\apphelp.dll
0x00007ffd19850000 - 0x00007ffd1999c000 	C:\WINDOWS\System32\ucrtbase.dll
0x00007ffcc6b60000 - 0x00007ffcc6b7e000 	C:\Users\jhoni\.vscode\extensions\redhat.java-1.56.0-win32-x64\jre\21.0.12.1-win32-x86_64\bin\VCRUNTIME140.dll
0x00007ffcc6750000 - 0x00007ffcc6768000 	C:\Users\jhoni\.vscode\extensions\redhat.java-1.56.0-win32-x64\jre\21.0.12.1-win32-x86_64\bin\jli.dll
0x00007ffd1a1b0000 - 0x00007ffd1a377000 	C:\WINDOWS\System32\USER32.dll
0x00007ffcf7030000 - 0x00007ffcf72c2000 	C:\WINDOWS\WinSxS\amd64_microsoft.windows.common-controls_6595b64144ccf1df_6.0.26100.8544_none_3e0a7398e3328344\COMCTL32.dll
0x00007ffd196f0000 - 0x00007ffd19717000 	C:\WINDOWS\System32\win32u.dll
0x00007ffd1bbd0000 - 0x00007ffd1bbfb000 	C:\WINDOWS\System32\GDI32.dll
0x00007ffd19a20000 - 0x00007ffd19ac9000 	C:\WINDOWS\System32\msvcrt.dll
0x00007ffd19720000 - 0x00007ffd1984a000 	C:\WINDOWS\System32\gdi32full.dll
0x00007ffd18eb0000 - 0x00007ffd18f53000 	C:\WINDOWS\System32\msvcp_win.dll
0x00007ffd1b320000 - 0x00007ffd1b352000 	C:\WINDOWS\System32\IMM32.DLL
0x00007ffcd2350000 - 0x00007ffcd235c000 	C:\Users\jhoni\.vscode\extensions\redhat.java-1.56.0-win32-x64\jre\21.0.12.1-win32-x86_64\bin\vcruntime140_1.dll
0x00007ffc881b0000 - 0x00007ffc8823d000 	C:\Users\jhoni\.vscode\extensions\redhat.java-1.56.0-win32-x64\jre\21.0.12.1-win32-x86_64\bin\msvcp140.dll
0x00007ffc39ff0000 - 0x00007ffc3ad92000 	C:\Users\jhoni\.vscode\extensions\redhat.java-1.56.0-win32-x64\jre\21.0.12.1-win32-x86_64\bin\server\jvm.dll
0x00007ffd1ab40000 - 0x00007ffd1abf7000 	C:\WINDOWS\System32\ADVAPI32.dll
0x00007ffd1ace0000 - 0x00007ffd1ad8a000 	C:\WINDOWS\System32\sechost.dll
0x00007ffd19f50000 - 0x00007ffd1a068000 	C:\WINDOWS\System32\RPCRT4.dll
0x00007ffd19eb0000 - 0x00007ffd19f31000 	C:\WINDOWS\System32\WS2_32.dll
0x00007ffd16500000 - 0x00007ffd16536000 	C:\WINDOWS\SYSTEM32\WINMM.dll
0x00007ffd18d10000 - 0x00007ffd18d6e000 	C:\WINDOWS\SYSTEM32\POWRPROF.dll
0x00007ffd031f0000 - 0x00007ffd031fb000 	C:\WINDOWS\SYSTEM32\VERSION.dll
0x00007ffd18cf0000 - 0x00007ffd18d04000 	C:\WINDOWS\SYSTEM32\UMPDC.dll
0x00007ffd17bf0000 - 0x00007ffd17c0b000 	C:\WINDOWS\SYSTEM32\kernel.appcore.dll
0x00007ffcd2290000 - 0x00007ffcd229a000 	C:\Users\jhoni\.vscode\extensions\redhat.java-1.56.0-win32-x64\jre\21.0.12.1-win32-x86_64\bin\jimage.dll
0x00007ffd16210000 - 0x00007ffd16452000 	C:\WINDOWS\SYSTEM32\DBGHELP.DLL
0x00007ffd1af90000 - 0x00007ffd1b313000 	C:\WINDOWS\System32\combase.dll
0x00007ffd1ac00000 - 0x00007ffd1acd9000 	C:\WINDOWS\System32\OLEAUT32.dll
0x00007ffd164c0000 - 0x00007ffd164fb000 	C:\WINDOWS\SYSTEM32\dbgcore.DLL
0x00007ffd18f60000 - 0x00007ffd1900c000 	C:\WINDOWS\System32\bcryptPrimitives.dll
0x00007ffccf930000 - 0x00007ffccf93f000 	C:\Users\jhoni\.vscode\extensions\redhat.java-1.56.0-win32-x64\jre\21.0.12.1-win32-x86_64\bin\instrument.dll
0x00007ffcc6580000 - 0x00007ffcc65a0000 	C:\Users\jhoni\.vscode\extensions\redhat.java-1.56.0-win32-x64\jre\21.0.12.1-win32-x86_64\bin\java.dll
0x00007ffd1b360000 - 0x00007ffd1baf2000 	C:\WINDOWS\System32\SHELL32.dll
0x00007ffd169d0000 - 0x00007ffd17256000 	C:\WINDOWS\SYSTEM32\windows.storage.dll
0x00007ffd1a380000 - 0x00007ffd1a47a000 	C:\WINDOWS\System32\SHCORE.dll
0x00007ffd1a110000 - 0x00007ffd1a177000 	C:\WINDOWS\System32\shlwapi.dll
0x00007ffd18dd0000 - 0x00007ffd18df9000 	C:\WINDOWS\SYSTEM32\profapi.dll
0x00007ffcc6560000 - 0x00007ffcc6578000 	C:\Users\jhoni\.vscode\extensions\redhat.java-1.56.0-win32-x64\jre\21.0.12.1-win32-x86_64\bin\zip.dll
0x00007ffcc6b50000 - 0x00007ffcc6b60000 	C:\Users\jhoni\.vscode\extensions\redhat.java-1.56.0-win32-x64\jre\21.0.12.1-win32-x86_64\bin\net.dll
0x00007ffd06630000 - 0x00007ffd06759000 	C:\WINDOWS\SYSTEM32\WINHTTP.dll
0x00007ffd18170000 - 0x00007ffd181dc000 	C:\WINDOWS\system32\mswsock.dll
0x00007ffcc2a20000 - 0x00007ffcc2a36000 	C:\Users\jhoni\.vscode\extensions\redhat.java-1.56.0-win32-x64\jre\21.0.12.1-win32-x86_64\bin\nio.dll
0x00007ffcc6550000 - 0x00007ffcc6560000 	C:\Users\jhoni\.vscode\extensions\redhat.java-1.56.0-win32-x64\jre\21.0.12.1-win32-x86_64\bin\verify.dll
0x00007ffcd22a0000 - 0x00007ffcd22c7000 	C:\Users\jhoni\.gradle\native\c067742578af261105cb4f569cf0c3c89f3d7b1fecec35dd04571415982c5e48\windows-amd64\native-platform.dll
0x00007ffcb5490000 - 0x00007ffcb55d4000 	C:\Users\jhoni\.gradle\native\100fb08df4bc3b14c8652ba06237920a3bd2aa13389f12d3474272988ae205f9\windows-amd64\native-platform-file-events.dll
0x00007ffcc1300000 - 0x00007ffcc130a000 	C:\Users\jhoni\.vscode\extensions\redhat.java-1.56.0-win32-x64\jre\21.0.12.1-win32-x86_64\bin\management.dll
0x00007ffcbcd00000 - 0x00007ffcbcd0c000 	C:\Users\jhoni\.vscode\extensions\redhat.java-1.56.0-win32-x64\jre\21.0.12.1-win32-x86_64\bin\management_ext.dll
0x00007ffd1a070000 - 0x00007ffd1a078000 	C:\WINDOWS\System32\PSAPI.DLL
0x00007ffd18460000 - 0x00007ffd1847b000 	C:\WINDOWS\SYSTEM32\CRYPTSP.dll
0x00007ffd17b50000 - 0x00007ffd17b89000 	C:\WINDOWS\system32\rsaenh.dll
0x00007ffd18220000 - 0x00007ffd18253000 	C:\WINDOWS\SYSTEM32\USERENV.dll
0x00007ffd18da0000 - 0x00007ffd18dca000 	C:\WINDOWS\SYSTEM32\bcrypt.dll
0x00007ffd18480000 - 0x00007ffd1848c000 	C:\WINDOWS\SYSTEM32\CRYPTBASE.dll
0x00007ffd17590000 - 0x00007ffd175c3000 	C:\WINDOWS\SYSTEM32\IPHLPAPI.DLL
0x00007ffd19ad0000 - 0x00007ffd19ada000 	C:\WINDOWS\System32\NSI.dll
0x00007ffd087d0000 - 0x00007ffd087d9000 	C:\Users\jhoni\.vscode\extensions\redhat.java-1.56.0-win32-x64\jre\21.0.12.1-win32-x86_64\bin\extnet.dll
0x00007ffcd3690000 - 0x00007ffcd369e000 	C:\Users\jhoni\.vscode\extensions\redhat.java-1.56.0-win32-x64\jre\21.0.12.1-win32-x86_64\bin\sunmscapi.dll
0x00007ffd19570000 - 0x00007ffd196e8000 	C:\WINDOWS\System32\CRYPT32.dll
0x00007ffd18680000 - 0x00007ffd186b0000 	C:\WINDOWS\SYSTEM32\ncrypt.dll
0x00007ffd18630000 - 0x00007ffd1866f000 	C:\WINDOWS\SYSTEM32\NTASN1.dll
0x00007ffce8ea0000 - 0x00007ffce8ea8000 	C:\WINDOWS\system32\wshunix.dll

JVMTI agents:
C:\Users\jhoni\.gradle\wrapper\dists\gradle-8.9-bin\90cnw93cvbtalezasaz0blq0a\gradle-8.9\lib\agents\gradle-instrumentation-agent-8.9.jar path:C:\Users\jhoni\.vscode\extensions\redhat.java-1.56.0-win32-x64\jre\21.0.12.1-win32-x86_64\bin\instrument.dll, loaded, initialized, instrumentlib options:none

dbghelp: loaded successfully - version: 4.0.5 - missing functions: none
symbol engine: initialized successfully - sym options: 0x614 - pdb path: .;C:\Users\jhoni\.vscode\extensions\redhat.java-1.56.0-win32-x64\jre\21.0.12.1-win32-x86_64\bin;C:\WINDOWS\SYSTEM32;C:\WINDOWS\WinSxS\amd64_microsoft.windows.common-controls_6595b64144ccf1df_6.0.26100.8544_none_3e0a7398e3328344;C:\Users\jhoni\.vscode\extensions\redhat.java-1.56.0-win32-x64\jre\21.0.12.1-win32-x86_64\bin\server;C:\Users\jhoni\.gradle\native\c067742578af261105cb4f569cf0c3c89f3d7b1fecec35dd04571415982c5e48\windows-amd64;C:\Users\jhoni\.gradle\native\100fb08df4bc3b14c8652ba06237920a3bd2aa13389f12d3474272988ae205f9\windows-amd64

VM Arguments:
jvm_args: --add-opens=java.base/java.util=ALL-UNNAMED --add-opens=java.base/java.lang=ALL-UNNAMED --add-opens=java.base/java.lang.invoke=ALL-UNNAMED --add-opens=java.prefs/java.util.prefs=ALL-UNNAMED --add-exports=jdk.compiler/com.sun.tools.javac.api=ALL-UNNAMED --add-exports=jdk.compiler/com.sun.tools.javac.util=ALL-UNNAMED --add-opens=java.base/java.nio.charset=ALL-UNNAMED --add-opens=java.base/java.net=ALL-UNNAMED --add-opens=java.base/java.util.concurrent.atomic=ALL-UNNAMED -XX:MaxMetaspaceSize=384m -XX:+HeapDumpOnOutOfMemoryError -Xms256m -Xmx512m -Dfile.encoding=utf8 -Duser.country=US -Duser.language=en -Duser.variant -javaagent:C:\Users\jhoni\.gradle\wrapper\dists\gradle-8.9-bin\90cnw93cvbtalezasaz0blq0a\gradle-8.9\lib\agents\gradle-instrumentation-agent-8.9.jar 
java_command: org.gradle.launcher.daemon.bootstrap.GradleDaemon 8.9
java_class_path (initial): C:\Users\jhoni\.gradle\wrapper\dists\gradle-8.9-bin\90cnw93cvbtalezasaz0blq0a\gradle-8.9\lib\gradle-daemon-main-8.9.jar
Launcher Type: SUN_STANDARD

[Global flags]
     intx CICompilerCount                          = 4                                         {product} {ergonomic}
   size_t CompressedClassSpaceSize                 = 335544320                                 {product} {ergonomic}
     uint ConcGCThreads                            = 3                                         {product} {ergonomic}
     uint G1ConcRefinementThreads                  = 10                                        {product} {ergonomic}
   size_t G1HeapRegionSize                         = 1048576                                   {product} {ergonomic}
    uintx GCDrainStackTargetSize                   = 64                                        {product} {ergonomic}
     bool HeapDumpOnOutOfMemoryError               = true                                   {manageable} {command line}
   size_t InitialHeapSize                          = 268435456                                 {product} {command line}
   size_t MarkStackSize                            = 4194304                                   {product} {ergonomic}
   size_t MaxHeapSize                              = 536870912                                 {product} {command line}
   size_t MaxMetaspaceSize                         = 402653184                                 {product} {command line}
   size_t MaxNewSize                               = 321912832                                 {product} {ergonomic}
   size_t MinHeapDeltaBytes                        = 1048576                                   {product} {ergonomic}
   size_t MinHeapSize                              = 268435456                                 {product} {command line}
    uintx NonNMethodCodeHeapSize                   = 5839372                                {pd product} {ergonomic}
    uintx NonProfiledCodeHeapSize                  = 122909434                              {pd product} {ergonomic}
    uintx ProfiledCodeHeapSize                     = 122909434                              {pd product} {ergonomic}
    uintx ReservedCodeCacheSize                    = 251658240                              {pd product} {ergonomic}
     bool SegmentedCodeCache                       = true                                      {product} {ergonomic}
   size_t SoftMaxHeapSize                          = 536870912                              {manageable} {ergonomic}
     bool UseCompressedOops                        = true                           {product lp64_product} {ergonomic}
     bool UseG1GC                                  = true                                      {product} {ergonomic}
     bool UseLargePagesIndividualAllocation        = false                                  {pd product} {ergonomic}

Logging:
Log output configuration:
 #0: stdout all=warning uptime,level,tags foldmultilines=false
 #1: stderr all=off uptime,level,tags foldmultilines=false

Release file:
JAVA_VERSION="21.0.12.1" 
MODULES="java.base java.compiler java.datatransfer java.xml java.prefs java.desktop java.instrument java.logging java.management java.security.sasl java.naming java.rmi java.management.rmi java.net.http java.scripting java.security.jgss java.transaction.xa java.sql java.sql.rowset java.xml.crypto java.se java.smartcardio jdk.accessibility jdk.internal.jvmstat jdk.attach jdk.charsets jdk.internal.opt jdk.zipfs jdk.compiler jdk.crypto.ec jdk.crypto.cryptoki jdk.crypto.mscapi jdk.dynalink jdk.internal.ed jdk.editpad jdk.hotspot.agent jdk.httpserver jdk.internal.le jdk.internal.vm.ci jdk.internal.vm.compiler jdk.internal.vm.compiler.management jdk.jartool jdk.javadoc jdk.jcmd jdk.management jdk.management.agent jdk.jconsole jdk.jdeps jdk.jdwp.agent jdk.jdi jdk.jfr jdk.jshell jdk.jsobject jdk.jstatd jdk.localedata jdk.management.jfr jdk.naming.dns jdk.naming.rmi jdk.net jdk.nio.mapmode jdk.random jdk.sctp jdk.security.auth jdk.security.jgss jdk.unsupported jdk.unsupported.desktop jdk.xml.dom" 

Environment Variables:
JAVA_HOME=C:\Program Files\Eclipse Adoptium\jdk-25.0.1.8-hotspot\
PATH=C:\Program Files\Eclipse Adoptium\jdk-25.0.1.8-hotspot\bin;C:\Program Files\Common Files\Oracle\Java\javapath;C:\Program Files (x86)\Common Files\Oracle\Java\java8path;C:\Program Files (x86)\Common Files\Oracle\Java\javapath;C:\WINDOWS\system32;C:\WINDOWS;C:\WINDOWS\System32\Wbem;C:\WINDOWS\System32\WindowsPowerShell\v1.0\;C:\WINDOWS\System32\OpenSSH\;C:\Program Files\dotnet\;C:\Program Files\nodejs\;C:\Program Files\Microsoft SQL Server\150\Tools\Binn\;C:\Program Files\Microsoft SQL Server\Client SDK\ODBC\170\Tools\Binn\;C:\Program Files\gs\gs10.06.0\bin;C:\Program Files\Git\cmd;C:\Program Files (x86)\Microsoft SQL Server\170\Tools\Binn\;C:\Program Files\Microsoft SQL Server\170\Tools\Binn\;C:\Program Files\Microsoft SQL Server\Client SDK\ODBC\180\Tools\Binn\;C:\Program Files\Microsoft SQL Server\170\DTS\Binn\;C:\Program Files\GitHub CLI\;C:\Users\jhoni\AppData\Local\agy\bin;C:\Program Files\MySQL\MySQL Shell 8.0\bin\;C:\Users\jhoni\AppData\Local\Microsoft\WindowsApps;C:\Users\jhoni\AppData\Roaming\npm;C:\Users\jhoni\AppData\Local\Programs\Microsoft VS Code\bin;C:\Users\jhoni\AppData\Local\GitHubDesktop\bin;C:\Users\jhoni\AppData\Local\Python\bin;C:\Users\jhoni\.dotnet\tools
USERNAME=jhoni
OS=Windows_NT
PROCESSOR_IDENTIFIER=Intel64 Family 6 Model 186 Stepping 3, GenuineIntel
TMP=C:\Users\jhoni\AppData\Local\Temp
TEMP=C:\Users\jhoni\AppData\Local\Temp




Periodic native trim disabled

---------------  S Y S T E M  ---------------

OS:
 Windows 11 , 64 bit Build 26100 (10.0.26100.8575)
OS uptime: 0 days 8:11 hours
Hyper-V role detected

CPU: total 12 (initial active 12) (6 cores per cpu, 2 threads per core) family 6 model 186 stepping 3 microcode 0x6134, cx8, cmov, fxsr, ht, mmx, 3dnowpref, sse, sse2, sse3, ssse3, sse4.1, sse4.2, popcnt, lzcnt, tsc, tscinvbit, avx, avx2, aes, erms, clmul, bmi1, bmi2, adx, sha, fma, vzeroupper, clflush, clflushopt, clwb, hv, serialize, rdtscp, rdpid, fsrm, f16c, cet_ibt, cet_ss
Processor Information for the first 12 processors :
  Max Mhz: 1300, Current Mhz: 1300, Mhz Limit: 1300

Memory: 4k page, system-wide physical 7876M (431M free)
TotalPageFile size 32452M (AvailPageFile size 56M)
current process WorkingSet (physical memory assigned to process): 311M, peak: 311M
current process commit charge ("private bytes"): 479M, peak: 484M

vm_info: OpenJDK 64-Bit Server VM (21.0.12.1+1-LTS) for windows-amd64 JRE (21.0.12.1+1-LTS), built on 2026-08-18T00:00:00Z by "admin" with MS VC++ 17.12 (VS2022)

END.
